Mono path[0] = 'C:/Program Files (x86)/Steam/steamapps/common/Furi/Furi_Data/Managed'
Mono config path = 'C:/Program Files (x86)/Steam/steamapps/common/Furi/MonoBleedingEdge/etc'
Initialize engine version: 2020.3.26f1 (7298b473bc1a)
[Subsystems] Discovering subsystems at path C:/Program Files (x86)/Steam/steamapps/common/Furi/Furi_Data/UnitySubsystems
GfxDevice: creating device client; threaded=1
Direct3D:
    Version:  Direct3D 11.0 [level 11.1]
    Renderer: NVIDIA GeForce RTX 4070 SUPER (ID=0x2783)
    Vendor:   
    VRAM:     11997 MB
    Driver:   32.0.16.1088
Begin MonoManager ReloadAssembly
- Completed reload, in  4.306 seconds
OnLevelWasLoaded was found on DOTweenComponent
This message has been deprecated and will be removed in a later version of Unity.
Add a delegate to SceneManager.sceneLoaded instead to get notifications after scene loading has completed
<RI> Initializing input.
<RI> Input initialized.
<RI> Initialized touch support.
UnloadTime: 0.472500 ms
WwiseUnity: Wwise(R) SDK Version 2021.1.6 Build 7774.
WwiseUnity: Setting Plugin DLL path to: C:/Program Files (x86)/Steam/steamapps/common/Furi/Furi_Data\Plugins\x86_64
WwiseUnity: Sound engine initialized successfully.
Unloading 4 Unused Serialized files (Serialized files now loaded: 22)
WwiseUnity: There are multiple AkWwiseInitializationSettings objects instantiated; only one will be used.
UnloadTime: 2.448900 ms
InControl (version 1.8.7 build 9372)

Unloading 21 unused Assets to reduce memory usage. Loaded Objects now: 5251.
Total: 1.575400 ms (FindLiveObjects: 0.123400 ms CreateObjectMapping: 0.054700 ms MarkObjects: 1.357900 ms  DeleteObjects: 0.039200 ms)

Shader 'Duels/FX/Particles/Simple Distortion': fallback shader 'Particles/Alpha Blended' not found
Setting up 14 worker threads for Enlighten.
  Thread -> id: 6b74 -> priority: 1 
  Thread -> id: a9d8 -> priority: 1 
  Thread -> id: 97a8 -> priority: 1 
  Thread -> id: 2560 -> priority: 1 
  Thread -> id: 9d24 -> priority: 1 
  Thread -> id: 3794 -> priority: 1 
  Thread -> id: 8c4 -> priority: 1 
  Thread -> id: 9190 -> priority: 1 
  Thread -> id: a44c -> priority: 1 
  Thread -> id: 82a8 -> priority: 1 
  Thread -> id: 938c -> priority: 1 
  Thread -> id: 6ca0 -> priority: 1 
  Thread -> id: 88c4 -> priority: 1 
  Thread -> id: 5e54 -> priority: 1 
Unloading 3 Unused Serialized files (Serialized files now loaded: 32)
WwiseUnity: There are multiple AkWwiseInitializationSettings objects instantiated; only one will be used.
UnloadTime: 2.419900 ms
TGBVersion: 1.7.224s

Unloading 87 unused Assets to reduce memory usage. Loaded Objects now: 14497.
Total: 4.876300 ms (FindLiveObjects: 0.405600 ms CreateObjectMapping: 0.180500 ms MarkObjects: 4.204500 ms  DeleteObjects: 0.085600 ms)

WwiseUnity: There are multiple AkWwiseInitializationSettings objects instantiated; only one will be used.
Unloading 3 Unused Serialized files (Serialized files now loaded: 38)

Unloading 1172 unused Assets to reduce memory usage. Loaded Objects now: 13863.
Total: 18.600900 ms (FindLiveObjects: 0.481700 ms CreateObjectMapping: 0.202400 ms MarkObjects: 16.869900 ms  DeleteObjects: 1.046500 ms)

Shader 'Duels/Unity5/VFX/Swipe Slash UV Mask Additive': fallback shader 'Particles/Additive' not found
Shader 'Duels/Unity5/VFX/Swipe Slash Radial Mask Additive': fallback shader 'Particles/Additive' not found
Shader 'Duels/FX/Particles/Simple Distortion Texture (2D)': fallback shader 'Particles/Alpha Blended' not found
Shader 'Duels/FX/Shockwave': fallback shader 'Particles/Alpha Blended' not found
WwiseUnity: There are multiple AkWwiseInitializationSettings objects instantiated; only one will be used.
Shader 'Duels/FX/Particles/Simple Distortion Texture': fallback shader 'Particles/Alpha Blended' not found
NavMeshAgent and NavMeshObstacle components are active at the same time. This can lead to erroneous behavior.
Shader 'Duels/Unity5/VFX/EnergyShield': fallback shader 'Particles/Additive' not found
Shader 'Duels/RingClip': fallback shader 'Transparent' not found
Unloading 2 Unused Serialized files (Serialized files now loaded: 43)

Unloading 5477 unused Assets to reduce memory usage. Loaded Objects now: 66385.
Total: 44.606100 ms (FindLiveObjects: 2.040700 ms CreateObjectMapping: 0.920800 ms MarkObjects: 40.820000 ms  DeleteObjects: 0.824400 ms)

Attached native device with handle 1:
Name: XInput Controller
Driver Type: XInput
Location ID: XInput::1
Serial Number: 
Vendor ID: 0xffff
Product ID: 0x0
Version Number: 0x1
Buttons: 14
Analogs: 6
Joystick connected ("Controller (XBOX 360 For Windows)").
Cinema Director tried to cache the state of Enable Game Object, but failed.
WwiseUnity: There are multiple AkWwiseInitializationSettings objects instantiated; only one will be used.
Unloading 2 Unused Serialized files (Serialized files now loaded: 31)

Unloading 1529 unused Assets to reduce memory usage. Loaded Objects now: 14493.
Total: 27.396500 ms (FindLiveObjects: 0.481600 ms CreateObjectMapping: 0.302900 ms MarkObjects: 24.233200 ms  DeleteObjects: 2.378500 ms)

Shader 'Duels/FX/Particles/ViewFadeAdditive': fallback shader 'Particles/Additive' not found
WwiseUnity: There are multiple AkWwiseInitializationSettings objects instantiated; only one will be used.
Shader 'Duels/FX/Particles/Simple Distortion Texture (2D)': fallback shader 'Particles/Alpha Blended' not found
Shader 'Duels/FX/Pizza': fallback shader 'Particles/Alpha Blended' not found
NavMeshAgent and NavMeshObstacle components are active at the same time. This can lead to erroneous behavior.
NavMeshAgent and NavMeshObstacle components are active at the same time. This can lead to erroneous behavior.
Shader 'Duels/RingClip': fallback shader 'Transparent' not found
Unloading 1 Unused Serialized files (Serialized files now loaded: 44)

Unloading 5867 unused Assets to reduce memory usage. Loaded Objects now: 92040.
Total: 51.699400 ms (FindLiveObjects: 2.608000 ms CreateObjectMapping: 1.128300 ms MarkObjects: 46.920000 ms  DeleteObjects: 1.042700 ms)

Warning: no defense found against attack type FrontSlash
Warning: no defense found against attack type FrontSlash
AddToPool called during runtime. Pool profile is not large enough.
Prefab: Proj_Simple_ShieldBullet_Nemesis - Count: 3 - Total: 37
Boss: Nemesis
Difficulty: Medium
Warning: no defense found against attack type ChargedBullet
Warning: no defense found against attack type ChargedBullet
WwiseUnity: There are multiple AkWwiseInitializationSettings objects instantiated; only one will be used.
Unloading 2 Unused Serialized files (Serialized files now loaded: 31)

Unloading 2273 unused Assets to reduce memory usage. Loaded Objects now: 15205.
Total: 35.811800 ms (FindLiveObjects: 0.614200 ms CreateObjectMapping: 0.385400 ms MarkObjects: 28.354100 ms  DeleteObjects: 6.457800 ms)

Shader 'Duels/FX/Particles/Simple Distortion Texture (2D)': fallback shader 'Particles/Alpha Blended' not found
WwiseUnity: There are multiple AkWwiseInitializationSettings objects instantiated; only one will be used.
The projectile validity optimization is not available in this game (the projectile arena center is not set)
NavMeshAgent and NavMeshObstacle components are active at the same time. This can lead to erroneous behavior.
Shader 'Duels/RingClip': fallback shader 'Transparent' not found
NavMeshAgent and NavMeshObstacle components are active at the same time. This can lead to erroneous behavior.
Unloading 1 Unused Serialized files (Serialized files now loaded: 43)

Unloading 8952 unused Assets to reduce memory usage. Loaded Objects now: 85441.
Total: 60.147300 ms (FindLiveObjects: 3.035900 ms CreateObjectMapping: 1.487900 ms MarkObjects: 53.772100 ms  DeleteObjects: 1.851200 ms)

AddToPool called during runtime. Pool profile is not large enough.
Prefab: WisePillarANerfed - Count: 10 - Total: 10
Boss: Wise
Difficulty: Medium
Warning: no defense found against attack type ChargingBullet
Warning: no defense found against attack type ChargingBullet
Warning: no defense found against attack type ChargingBullet
Warning: no defense found against attack type ChargingBullet
Warning: no defense found against attack type ChargingBullet
Warning: no defense found against attack type ChargingBullet
Warning: no defense found against attack type ChargingBullet
AddToPool called during runtime. Pool profile is not large enough.
Prefab: WisePillarBNerfed - Count: 10 - Total: 10
Boss: Wise
Difficulty: Medium
WwiseUnity: There are multiple AkWwiseInitializationSettings objects instantiated; only one will be used.
Unloading 2 Unused Serialized files (Serialized files now loaded: 31)

Unloading 4593 unused Assets to reduce memory usage. Loaded Objects now: 16241.
Total: 34.887400 ms (FindLiveObjects: 0.668300 ms CreateObjectMapping: 0.520900 ms MarkObjects: 30.238300 ms  DeleteObjects: 3.459600 ms)

Shader 'Duels/Unity5/VFX/Burning Ground Circle Mask Blended': fallback shader 'Particles/Alpha Blended' not found
Shader 'Duels/Unity5/VFX/Burning Ground Particles Circle Mask Blended': fallback shader 'Particles/Alpha Blended' not found
WwiseUnity: There are multiple AkWwiseInitializationSettings objects instantiated; only one will be used.
Shader 'Duels/FX/Particles/Simple Distortion Texture (2D)': fallback shader 'Particles/Alpha Blended' not found
NavMeshAgent and NavMeshObstacle components are active at the same time. This can lead to erroneous behavior.
NavMeshAgent and NavMeshObstacle components are active at the same time. This can lead to erroneous behavior.
Shader 'Duels/RingClip': fallback shader 'Transparent' not found
Unloading 1 Unused Serialized files (Serialized files now loaded: 44)

Unloading 6365 unused Assets to reduce memory usage. Loaded Objects now: 112244.
Total: 88.666500 ms (FindLiveObjects: 3.179700 ms CreateObjectMapping: 1.465000 ms MarkObjects: 82.825800 ms  DeleteObjects: 1.195500 ms)

AddToPool called during runtime. Pool profile is not large enough.
Prefab: VFX Footstep Scale Water - Count: 10 - Total: 10
Boss: Voice
Difficulty: Medium
Warning: Could not find any gap closer (precise destination? False)
Warning: Could not find any gap closer (precise destination? False)
AddToPool called during runtime. Pool profile is not large enough.
Prefab: AkOneShot - Count: 3 - Total: 43
Boss: Scale
Difficulty: Medium
AddToPool called during runtime. Pool profile is not large enough.
Prefab: AkOneShot - Count: 3 - Total: 46
Boss: Scale
Difficulty: Medium
AddToPool called during runtime. Pool profile is not large enough.
Prefab: AkOneShot - Count: 3 - Total: 49
Boss: Scale
Difficulty: Medium
AddToPool called during runtime. Pool profile is not large enough.
Prefab: AkOneShot - Count: 3 - Total: 52
Boss: Scale
Difficulty: Medium
Warning: Could not find any gap closer (precise destination? False)
AddToPool called during runtime. Pool profile is not large enough.
Prefab: AkOneShot - Count: 3 - Total: 55
Boss: Scale
Difficulty: Medium
AddToPool called during runtime. Pool profile is not large enough.
Prefab: AkOneShot - Count: 3 - Total: 58
Boss: Scale
Difficulty: Medium
AddToPool called during runtime. Pool profile is not large enough.
Prefab: AkOneShot - Count: 3 - Total: 61
Boss: Scale
Difficulty: Medium
AddToPool called during runtime. Pool profile is not large enough.
Prefab: AkOneShot - Count: 3 - Total: 64
Boss: Scale
Difficulty: Medium
Warning: Could not find any gap closer (precise destination? False)
AddToPool called during runtime. Pool profile is not large enough.
Prefab: AkOneShot - Count: 3 - Total: 67
Boss: Scale
Difficulty: Medium
AddToPool called during runtime. Pool profile is not large enough.
Prefab: AkOneShot - Count: 3 - Total: 70
Boss: Scale
Difficulty: Medium
Warning: Could not find any gap closer (precise destination? False)
Warning: Could not find any gap closer (precise destination? False)
AddToPool called during runtime. Pool profile is not large enough.
Prefab: AkOneShot - Count: 3 - Total: 73
Boss: Scale
Difficulty: Medium
AddToPool called during runtime. Pool profile is not large enough.
Prefab: AkOneShot - Count: 3 - Total: 76
Boss: Scale
Difficulty: Medium
AddToPool called during runtime. Pool profile is not large enough.
Prefab: AkOneShot - Count: 3 - Total: 79
Boss: Scale
Difficulty: Medium
AddToPool called during runtime. Pool profile is not large enough.
Prefab: AkOneShot - Count: 3 - Total: 82
Boss: Scale
Difficulty: Medium
AddToPool called during runtime. Pool profile is not large enough.
Prefab: AkOneShot - Count: 3 - Total: 85
Boss: Scale
Difficulty: Medium
AddToPool called during runtime. Pool profile is not large enough.
Prefab: AkOneShot - Count: 3 - Total: 88
Boss: Scale
Difficulty: Medium
AddToPool called during runtime. Pool profile is not large enough.
Prefab: AkOneShot - Count: 3 - Total: 91
Boss: Scale
Difficulty: Medium
AddToPool called during runtime. Pool profile is not large enough.
Prefab: AkOneShot - Count: 3 - Total: 94
Boss: Scale
Difficulty: Medium
AddToPool called during runtime. Pool profile is not large enough.
Prefab: AkOneShot - Count: 3 - Total: 97
Boss: Scale
Difficulty: Medium
AddToPool called during runtime. Pool profile is not large enough.
Prefab: AkOneShot - Count: 3 - Total: 100
Boss: Scale
Difficulty: Medium
AddToPool called during runtime. Pool profile is not large enough.
Prefab: AkOneShot - Count: 3 - Total: 103
Boss: Scale
Difficulty: Medium
AddToPool called during runtime. Pool profile is not large enough.
Prefab: AkOneShot - Count: 3 - Total: 106
Boss: Scale
Difficulty: Medium
Warning: Could not find any gap closer (precise destination? False)
AddToPool called during runtime. Pool profile is not large enough.
Prefab: AkOneShot - Count: 3 - Total: 109
Boss: Scale
Difficulty: Medium
AddToPool called during runtime. Pool profile is not large enough.
Prefab: AkOneShot - Count: 3 - Total: 112
Boss: Scale
Difficulty: Medium
Warning: Could not find any gap closer (precise destination? False)
AddToPool called during runtime. Pool profile is not large enough.
Prefab: AkOneShot - Count: 3 - Total: 115
Boss: Scale
Difficulty: Medium
AddToPool called during runtime. Pool profile is not large enough.
Prefab: AkOneShot - Count: 3 - Total: 118
Boss: Scale
Difficulty: Medium
AddToPool called during runtime. Pool profile is not large enough.
Prefab: AkOneShot - Count: 3 - Total: 121
Boss: Scale
Difficulty: Medium
AddToPool called during runtime. Pool profile is not large enough.
Prefab: AkOneShot - Count: 3 - Total: 124
Boss: Scale
Difficulty: Medium
AddToPool called during runtime. Pool profile is not large enough.
Prefab: AkOneShot - Count: 3 - Total: 127
Boss: Scale
Difficulty: Medium
AddToPool called during runtime. Pool profile is not large enough.
Prefab: AkOneShot - Count: 3 - Total: 130
Boss: Scale
Difficulty: Medium
FireGroup argument is null. Cancelling firing Projectiles...
- NPC_Scale=stance1_diveTeleport1Start2
FireGroup argument is null. Cancelling firing Projectiles...
- NPC_Scale=stance1_diveTeleport1Start2
FireGroup argument is null. Cancelling firing Projectiles...
- NPC_Scale=stance1_diveTeleport1Start2
FireGroup argument is null. Cancelling firing Projectiles...
- NPC_Scale=stance1_diveTeleport1Start2
FireGroup argument is null. Cancelling firing Projectiles...
- NPC_Scale=stance1_diveTeleport1Start2
FireGroup argument is null. Cancelling firing Projectiles...
- NPC_Scale=stance1_diveTeleport1Start2
FireGroup argument is null. Cancelling firing Projectiles...
- NPC_Scale=stance1_diveTeleport1Start2
FireGroup argument is null. Cancelling firing Projectiles...
- NPC_Scale=stance1_diveTeleport1Start2
FireGroup argument is null. Cancelling firing Projectiles...
- NPC_Scale=stance1_diveTeleport1Start2
FireGroup argument is null. Cancelling firing Projectiles...
- NPC_Scale=stance1_diveTeleport1Start2
FireGroup argument is null. Cancelling firing Projectiles...
- NPC_Scale=stance1_diveTeleport1Start2
FireGroup argument is null. Cancelling firing Projectiles...
- NPC_Scale=stance1_diveTeleport1Start2
FireGroup argument is null. Cancelling firing Projectiles...
- NPC_Scale=stance1_diveTeleport1Start2
FireGroup argument is null. Cancelling firing Projectiles...
- NPC_Scale=stance1_diveTeleport1Start2
FireGroup argument is null. Cancelling firing Projectiles...
- NPC_Scale=stance1_diveTeleport1Start2
FireGroup argument is null. Cancelling firing Projectiles...
- NPC_Scale=stance1_diveTeleport1Start2
FireGroup argument is null. Cancelling firing Projectiles...
- NPC_Scale=stance1_diveTeleport1Start2
FireGroup argument is null. Cancelling firing Projectiles...
- NPC_Scale=stance1_diveTeleport1Start2
FireGroup argument is null. Cancelling firing Projectiles...
- NPC_Scale=stance1_diveTeleport1Start2
FireGroup argument is null. Cancelling firing Projectiles...
- NPC_Scale=stance1_diveTeleport1Start2
FireGroup argument is null. Cancelling firing Projectiles...
- NPC_Scale=stance1_diveTeleport1Start2
FireGroup argument is null. Cancelling firing Projectiles...
- NPC_Scale=stance1_diveTeleport1Start2
FireGroup argument is null. Cancelling firing Projectiles...
- NPC_Scale=stance1_diveTeleport1Start2
FireGroup argument is null. Cancelling firing Projectiles...
- NPC_Scale=stance1_diveTeleport1Start2
FireGroup argument is null. Cancelling firing Projectiles...
- NPC_Scale=stance1_diveTeleport1Start2
FireGroup argument is null. Cancelling firing Projectiles...
- NPC_Scale=stance1_diveTeleport1Start2
FireGroup argument is null. Cancelling firing Projectiles...
- NPC_Scale=stance1_diveTeleport1Start2
FireGroup argument is null. Cancelling firing Projectiles...
- NPC_Scale=stance1_diveTeleport1Start2
FireGroup argument is null. Cancelling firing Projectiles...
- NPC_Scale=stance1_diveTeleport1Start2
FireGroup argument is null. Cancelling firing Projectiles...
- NPC_Scale=stance1_diveTeleport1Start2
FireGroup argument is null. Cancelling firing Projectiles...
- NPC_Scale=stance1_diveTeleport1Start2
FireGroup argument is null. Cancelling firing Projectiles...
- NPC_Scale=stance1_diveTeleport1Start2
FireGroup argument is null. Cancelling firing Projectiles...
- NPC_Scale=stance1_diveTeleport1Start2
FireGroup argument is null. Cancelling firing Projectiles...
- NPC_Scale=stance1_diveTeleport1Start2
FireGroup argument is null. Cancelling firing Projectiles...
- NPC_Scale=stance1_diveTeleport1Start2
FireGroup argument is null. Cancelling firing Projectiles...
- NPC_Scale=stance1_diveTeleport1Start2
Releasing render texture that is set as Camera.targetTexture!
Releasing render texture that is set as Camera.targetTexture!
Releasing render texture that is set as Camera.targetTexture!
NullReferenceException
  at (wrapper managed-to-native) UnityEngine.Material.SetFloatImpl(UnityEngine.Material,int,single)
  at UnityEngine.Material.SetFloat (System.String name, System.Single value) [0x00008] in <ad199b1c67244da3a5ed230e5d202f21>:0 
  at UIBorderSizeHandler.OnDestroy () [0x00000] in <69dbdb83b1c14282b91ee90ed9e79a14>:0 

NullReferenceException
  at (wrapper managed-to-native) UnityEngine.Material.SetFloatImpl(UnityEngine.Material,int,single)
  at UnityEngine.Material.SetFloat (System.String name, System.Single value) [0x00008] in <ad199b1c67244da3a5ed230e5d202f21>:0 
  at UIBorderSizeHandler.OnDestroy () [0x00000] in <69dbdb83b1c14282b91ee90ed9e79a14>:0 

TrailProjectileProperty.TrailPoint.subPoints.Capacity is not what it is intended to be: 256 != 128
TrailProjectileProperty.TrailPoint.subPoints.Capacity is not what it is intended to be: 256 != 128
TrailProjectileProperty.TrailPoint.subPoints.Capacity is not what it is intended to be: 256 != 128
TrailProjectileProperty.TrailPoint.subPoints.Capacity is not what it is intended to be: 256 != 128
TrailProjectileProperty.TrailPoint.subPoints.Capacity is not what it is intended to be: 256 != 128
TrailProjectileProperty.TrailPoint.subPoints.Capacity is not what it is intended to be: 256 != 128
TrailProjectileProperty.TrailPoint.subPoints.Capacity is not what it is intended to be: 256 != 128
TrailProjectileProperty.TrailPoint.subPoints.Capacity is not what it is intended to be: 256 != 128
TrailProjectileProperty.TrailPoint.subPoints.Capacity is not what it is intended to be: 256 != 128
TrailProjectileProperty.TrailPoint.subPoints.Capacity is not what it is intended to be: 256 != 128
TrailProjectileProperty.TrailPoint.subPoints.Capacity is not what it is intended to be: 256 != 128
TrailProjectileProperty.TrailPoint.subPoints.Capacity is not what it is intended to be: 256 != 128
TrailProjectileProperty.TrailPoint.subPoints.Capacity is not what it is intended to be: 256 != 128
TrailProjectileProperty.TrailPoint.subPoints.Capacity is not what it is intended to be: 256 != 128
TrailProjectileProperty.TrailPoint.subPoints.Capacity is not what it is intended to be: 256 != 128
TrailProjectileProperty.TrailPoint.subPoints.Capacity is not what it is intended to be: 256 != 128
TrailProjectileProperty.TrailPoint.subPoints.Capacity is not what it is intended to be: 256 != 128
TrailProjectileProperty.TrailPoint.subPoints.Capacity is not what it is intended to be: 256 != 128
