Mono path[0] = 'C:/Program Files (x86)/Steam/steamapps/common/Furi/Furi_Data/Managed'
Mono config path = 'C:/Program Files (x86)/Steam/steamapps/common/Furi/MonoBleedingEdge/etc'
Initialize engine version: 2020.3.26f1 (7298b473bc1a)
[Subsystems] Discovering subsystems at path C:/Program Files (x86)/Steam/steamapps/common/Furi/Furi_Data/UnitySubsystems
GfxDevice: creating device client; threaded=1
Direct3D:
    Version:  Direct3D 11.0 [level 11.1]
    Renderer: NVIDIA GeForce RTX 4070 SUPER (ID=0x2783)
    Vendor:   
    VRAM:     11997 MB
    Driver:   32.0.16.1088
Begin MonoManager ReloadAssembly
- Completed reload, in  4.187 seconds
OnLevelWasLoaded was found on DOTweenComponent
This message has been deprecated and will be removed in a later version of Unity.
Add a delegate to SceneManager.sceneLoaded instead to get notifications after scene loading has completed
<RI> Initializing input.
<RI> Input initialized.
<RI> Initialized touch support.
UnloadTime: 1.202100 ms
WwiseUnity: Wwise(R) SDK Version 2021.1.6 Build 7774.
WwiseUnity: Setting Plugin DLL path to: C:/Program Files (x86)/Steam/steamapps/common/Furi/Furi_Data\Plugins\x86_64
WwiseUnity: Sound engine initialized successfully.
Unloading 4 Unused Serialized files (Serialized files now loaded: 22)
WwiseUnity: There are multiple AkWwiseInitializationSettings objects instantiated; only one will be used.
UnloadTime: 2.543900 ms
InControl (version 1.8.7 build 9372)

Unloading 21 unused Assets to reduce memory usage. Loaded Objects now: 5251.
Total: 1.683500 ms (FindLiveObjects: 0.161000 ms CreateObjectMapping: 0.056100 ms MarkObjects: 1.415200 ms  DeleteObjects: 0.050800 ms)

Shader 'Duels/FX/Particles/Simple Distortion': fallback shader 'Particles/Alpha Blended' not found
Setting up 14 worker threads for Enlighten.
  Thread -> id: 9944 -> priority: 1 
  Thread -> id: 6e60 -> priority: 1 
  Thread -> id: 6978 -> priority: 1 
  Thread -> id: 9a18 -> priority: 1 
  Thread -> id: 26ac -> priority: 1 
  Thread -> id: 9f84 -> priority: 1 
  Thread -> id: 6150 -> priority: 1 
  Thread -> id: e8c -> priority: 1 
  Thread -> id: 1150 -> priority: 1 
  Thread -> id: a130 -> priority: 1 
  Thread -> id: 91ac -> priority: 1 
  Thread -> id: 8b4 -> priority: 1 
  Thread -> id: 4790 -> priority: 1 
  Thread -> id: 18ac -> priority: 1 
WwiseUnity: There are multiple AkWwiseInitializationSettings objects instantiated; only one will be used.
Unloading 3 Unused Serialized files (Serialized files now loaded: 32)
UnloadTime: 1.954800 ms
TGBVersion: 1.7.224s

Unloading 87 unused Assets to reduce memory usage. Loaded Objects now: 14497.
Total: 5.207100 ms (FindLiveObjects: 0.455200 ms CreateObjectMapping: 0.142600 ms MarkObjects: 4.526000 ms  DeleteObjects: 0.083100 ms)

WwiseUnity: There are multiple AkWwiseInitializationSettings objects instantiated; only one will be used.
Unloading 3 Unused Serialized files (Serialized files now loaded: 34)

Unloading 4824 unused Assets to reduce memory usage. Loaded Objects now: 13866.
Total: 18.448900 ms (FindLiveObjects: 0.425800 ms CreateObjectMapping: 0.241800 ms MarkObjects: 16.293000 ms  DeleteObjects: 1.487900 ms)

Shader 'Duels/Unity5/VFX/Burning Ground Circle Mask Blended': fallback shader 'Particles/Alpha Blended' not found
Shader 'Duels/Unity5/VFX/Swipe Slash Radial Mask Additive': fallback shader 'Particles/Additive' not found
Shader 'Duels/FX/Shockwave': fallback shader 'Particles/Alpha Blended' not found
Shader 'Duels/FX/Particles/Simple Distortion Texture': fallback shader 'Particles/Alpha Blended' not found
Shader 'Duels/Unity5/VFX/Burning Ground Particles Circle Mask Blended': fallback shader 'Particles/Alpha Blended' not found
WwiseUnity: There are multiple AkWwiseInitializationSettings objects instantiated; only one will be used.
Shader 'Duels/FX/Particles/Simple Distortion Texture (2D)': fallback shader 'Particles/Alpha Blended' not found
NavMeshAgent and NavMeshObstacle components are active at the same time. This can lead to erroneous behavior.
NavMeshAgent and NavMeshObstacle components are active at the same time. This can lead to erroneous behavior.
Shader 'Duels/RingClip': fallback shader 'Transparent' not found
Unloading 2 Unused Serialized files (Serialized files now loaded: 44)

Unloading 7884 unused Assets to reduce memory usage. Loaded Objects now: 103954.
Total: 76.327200 ms (FindLiveObjects: 3.014900 ms CreateObjectMapping: 1.206200 ms MarkObjects: 70.223200 ms  DeleteObjects: 1.882500 ms)

Warning: Could not find any gap closer (precise destination? False)
Warning: Could not find any gap closer (precise destination? False)
Warning: Could not find any gap closer (precise destination? False)
Warning: Could not find any gap closer (precise destination? False)
FireGroup argument is null. Cancelling firing Projectiles...
- NPC_Scale=stance1_diveTeleport1Start2
FireGroup argument is null. Cancelling firing Projectiles...
- NPC_Scale=stance1_diveTeleport1Start2
FireGroup argument is null. Cancelling firing Projectiles...
- NPC_Scale=stance1_diveTeleport1Start2
FireGroup argument is null. Cancelling firing Projectiles...
- NPC_Scale=stance1_diveTeleport1Start2
FireGroup argument is null. Cancelling firing Projectiles...
- NPC_Scale=stance1_diveTeleport1Start2
FireGroup argument is null. Cancelling firing Projectiles...
- NPC_Scale=stance1_diveTeleport1Start2
FireGroup argument is null. Cancelling firing Projectiles...
- NPC_Scale=stance1_diveTeleport1Start2
FireGroup argument is null. Cancelling firing Projectiles...
- NPC_Scale=stance1_diveTeleport1Start2
FireGroup argument is null. Cancelling firing Projectiles...
- NPC_Scale=stance1_diveTeleport1Start2
FireGroup argument is null. Cancelling firing Projectiles...
- NPC_Scale=stance1_diveTeleport1Start2
FireGroup argument is null. Cancelling firing Projectiles...
- NPC_Scale=stance1_diveTeleport1Start2
FireGroup argument is null. Cancelling firing Projectiles...
- NPC_Scale=stance1_diveTeleport1Start2
FireGroup argument is null. Cancelling firing Projectiles...
- NPC_Scale=stance1_diveTeleport1Start2
FireGroup argument is null. Cancelling firing Projectiles...
- NPC_Scale=stance1_diveTeleport1Start2
FireGroup argument is null. Cancelling firing Projectiles...
- NPC_Scale=stance1_diveTeleport1Start2
FireGroup argument is null. Cancelling firing Projectiles...
- NPC_Scale=stance1_diveTeleport1Start2
FireGroup argument is null. Cancelling firing Projectiles...
- NPC_Scale=stance1_diveTeleport1Start2
FireGroup argument is null. Cancelling firing Projectiles...
- NPC_Scale=stance1_diveTeleport1Start2
FireGroup argument is null. Cancelling firing Projectiles...
- NPC_Scale=stance1_diveTeleport1Start2
FireGroup argument is null. Cancelling firing Projectiles...
- NPC_Scale=stance1_diveTeleport1Start2
FireGroup argument is null. Cancelling firing Projectiles...
- NPC_Scale=stance1_diveTeleport1Start2
FireGroup argument is null. Cancelling firing Projectiles...
- NPC_Scale=stance1_diveTeleport1Start2
FireGroup argument is null. Cancelling firing Projectiles...
- NPC_Scale=stance1_diveTeleport1Start2
FireGroup argument is null. Cancelling firing Projectiles...
- NPC_Scale=stance1_diveTeleport1Start2
AddToPool called during runtime. Pool profile is not large enough.
Prefab: ProjectileTrailCollider - Count: 3 - Total: 181
Boss: Scale
Difficulty: Medium
AddToPool called during runtime. Pool profile is not large enough.
Prefab: ProjectileTrailCollider - Count: 3 - Total: 184
Boss: Scale
Difficulty: Medium
TrailProjectileProperty.TrailPoint.subPoints.Capacity is not what it is intended to be: 256 != 128
TrailProjectileProperty.TrailPoint.subPoints.Capacity is not what it is intended to be: 256 != 128
TrailProjectileProperty.TrailPoint.subPoints.Capacity is not what it is intended to be: 256 != 128
TrailProjectileProperty.TrailPoint.subPoints.Capacity is not what it is intended to be: 256 != 128
TrailProjectileProperty.TrailPoint.subPoints.Capacity is not what it is intended to be: 256 != 128
TrailProjectileProperty.TrailPoint.subPoints.Capacity is not what it is intended to be: 256 != 128
Warning: no defense found against attack type SimpleBullet
TrailProjectileProperty.TrailPoint.subPoints.Capacity is not what it is intended to be: 256 != 128
TrailProjectileProperty.TrailPoint.subPoints.Capacity is not what it is intended to be: 256 != 128
TrailProjectileProperty.TrailPoint.subPoints.Capacity is not what it is intended to be: 256 != 128
TrailProjectileProperty.TrailPoint.subPoints.Capacity is not what it is intended to be: 256 != 128
TrailProjectileProperty.TrailPoint.subPoints.Capacity is not what it is intended to be: 256 != 128
TrailProjectileProperty.TrailPoint.subPoints.Capacity is not what it is intended to be: 256 != 128
WwiseUnity: There are multiple AkWwiseInitializationSettings objects instantiated; only one will be used.
Unloading 1 Unused Serialized files (Serialized files now loaded: 31)

Unloading 2103 unused Assets to reduce memory usage. Loaded Objects now: 14294.
Total: 43.517200 ms (FindLiveObjects: 0.460300 ms CreateObjectMapping: 0.199200 ms MarkObjects: 40.455100 ms  DeleteObjects: 2.402300 ms)

Shader 'Duels/Unity5/VFX/Burning Ground Circle Mask Blended': fallback shader 'Particles/Alpha Blended' not found
Shader 'Duels/Unity5/VFX/Burning Ground Particles Circle Mask Blended': fallback shader 'Particles/Alpha Blended' not found
WwiseUnity: There are multiple AkWwiseInitializationSettings objects instantiated; only one will be used.
Shader 'Duels/FX/Particles/Simple Distortion Texture (2D)': fallback shader 'Particles/Alpha Blended' not found
NavMeshAgent and NavMeshObstacle components are active at the same time. This can lead to erroneous behavior.
Shader 'Duels/RingClip': fallback shader 'Transparent' not found
NavMeshAgent and NavMeshObstacle components are active at the same time. This can lead to erroneous behavior.
Unloading 1 Unused Serialized files (Serialized files now loaded: 43)

Unloading 3516 unused Assets to reduce memory usage. Loaded Objects now: 57693.
Total: 59.894500 ms (FindLiveObjects: 1.651500 ms CreateObjectMapping: 0.771400 ms MarkObjects: 56.638500 ms  DeleteObjects: 0.832800 ms)

AddToPool called during runtime. Pool profile is not large enough.
Prefab: Bullet - Count: 3 - Total: 13
Boss: Father
Difficulty: Medium
Releasing render texture that is set as Camera.targetTexture!
Releasing render texture that is set as Camera.targetTexture!
NullReferenceException
  at (wrapper managed-to-native) UnityEngine.Material.SetFloatImpl(UnityEngine.Material,int,single)
  at UnityEngine.Material.SetFloat (System.String name, System.Single value) [0x00008] in <ad199b1c67244da3a5ed230e5d202f21>:0 
  at UIBorderSizeHandler.OnDestroy () [0x00000] in <69dbdb83b1c14282b91ee90ed9e79a14>:0 

NullReferenceException
  at (wrapper managed-to-native) UnityEngine.Material.SetFloatImpl(UnityEngine.Material,int,single)
  at UnityEngine.Material.SetFloat (System.String name, System.Single value) [0x00008] in <ad199b1c67244da3a5ed230e5d202f21>:0 
  at UIBorderSizeHandler.OnDestroy () [0x00000] in <69dbdb83b1c14282b91ee90ed9e79a14>:0 

