Mono path[0] = 'E:/SteamLibrary/steamapps/common/How to Fish/How to Fish/How to Fish_Data/Managed'
Mono config path = 'E:/SteamLibrary/steamapps/common/How to Fish/How to Fish/MonoBleedingEdge/etc'
CodeReloadManager initialized
Input System module state changed to: Initialized.
[Physics::Module] Initialized fallback backend.
[Physics::Module] Id: 0xdecafbad
Initialize engine version: 6000.4.4f1 (360f97ecca93)
[Subsystems] Discovering subsystems at path E:/SteamLibrary/steamapps/common/How to Fish/How to Fish/How to Fish_Data/UnitySubsystems
[D3D12 Device Filter] Vendor Name: ATI
[D3D12 Device Filter] Device Name: AMD Radeon RX 7700 XT
[D3D12 Device Filter] Driver Version: 32.0.31041.1004
[D3D12 Device Filter] Feature Level: 12.2
[D3D12 Device Filter] Graphics Memory: 12081 MB
[D3D12 Device Filter] Processor Count: 12
[D3D12 Device Filter] Device Type: Discrete
GfxDevice: creating device client; kGfxThreadingModeClientWorkerJobs
Direct3D:
    Version:  Direct3D 11.0 [level 11.1]
    Renderer: AMD Radeon RX 7700 XT (ID=0x747e)
    Vendor:   ATI
    VRAM:     12081 MB
    Driver:   32.0.31041.1004
Begin MonoManager ReloadAssembly
- Finished resetting the current domain, in  0.002 seconds
[Physics::Module] Selected backend.
[Physics::Module] Name: PhysX
[Physics::Module] Id: 0xf2b8ea05
[Physics::Module] SDK Version: 4.1.2
[Physics::Module] Integration Version: 1.0.0
[Physics::Module] Threading Mode: Multi-Threaded
D3D11 device created for Microsoft Media Foundation video decoding.
<RI> Initializing input.
Using Windows.Gaming.Input
<RI> Input initialized.
UnloadTime: 2.154800 ms
Local User: SauceMaster:0
No AudioManager in scene
Version: 1.0.12
Failed to load the Steam App List: State = ProtocolError, Error Message = HTTP/1.1 404 Not Found
Direct3D: detected that IDXGISwapChain::GetFrameStatistics is broken (it does not return proper timestamps). Delta time will now be calculated using cpu-side time stampling until the game window is moved.
[2026.09.27 00:46:21] Local server is starting for UnityTransport. Listening on port 7777.
[2026.09.27 00:46:21] Local server is started for UnityTransport.
[2026.09.27 00:46:21] Local client is starting for UnityTransport. Server IP is localhost, port is 7777.
[2026.09.27 00:46:21] Remote connection started for Id 0.
FishNet client 0 connected. Steam lobby members: 0; FishNet server clients: 1.
[2026.09.27 00:46:21] Local client is started for UnityTransport.
set bird holder to null
set bird holder to null
set bird holder to null
set bird holder to null
turned off radio (boss alive)
set bird holder to null
Missing clip: EarthRumble
turned off radio (boss alive)
set bird holder to null
turned off radio (boss alive)
Missing clip: EarthRumble
turned off radio (boss alive)
turned off radio (boss alive)
started animating
turned off radio (boss alive)
started animating
turned off radio (boss alive)
started animating
turned off radio (boss alive)
started animating
turned off radio (boss alive)
started animating
turned off radio (boss alive)
started animating
turned off radio (boss alive)
started animating
turned off radio (boss alive)
started animating
turned off radio (boss alive)
started animating
turned off radio (boss alive)
started animating
turned off radio (boss alive)
started animating
turned off radio (boss alive)
started animating
turned off radio (boss alive)
started animating
turned off radio (boss alive)
started animating
turned off radio (boss alive)
started animating
turned off radio (boss alive)
started animating
turned off radio (boss alive)
started animating
turned off radio (boss alive)
started animating
turned off radio (boss alive)
started animating
turned off radio (boss alive)
started animating
turned off radio (boss alive)
started animating
turned off radio (boss alive)
started animating
turned off radio (boss alive)
started animating
turned off radio (boss alive)
started animating
turned off radio (boss alive)
started animating
turned off radio (boss alive)
started animating
turned off radio (boss alive)
started animating
turned off radio (boss alive)
started animating
turned off radio (boss alive)
started animating
turned off radio (boss alive)
started animating
turned off radio (boss alive)
started animating
turned off radio (boss alive)
started animating
turned off radio (boss alive)
started animating
turned off radio (boss alive)
started animating
turned off radio (boss alive)
started animating
turned off radio (boss alive)
started animating
turned off radio (boss alive)
started animating
turned off radio (boss alive)
started animating
turned off radio (boss alive)
started animating
turned off radio (boss alive)
started animating
turned off radio (boss alive)
started animating
turned off radio (boss alive)
started animating
turned off radio (boss alive)
started animating
turned off radio (boss alive)
started animating
turned off radio (boss alive)
started animating
turned off radio (boss alive)
started animating
turned off radio (boss alive)
started animating
turned off radio (boss alive)
started animating
turned off radio (boss alive)
started animating
turned off radio (boss alive)
started animating
turned off radio (boss alive)
started animating
turned off radio (boss alive)
started animating
turned off radio (boss alive)
started animating
turned off radio (boss alive)
started animating
turned off radio (boss alive)
started animating
turned off radio (boss alive)
started animating
turned off radio (boss alive)
started animating
turned off radio (boss alive)
started animating
turned off radio (boss alive)
started animating
turned off radio (boss alive)
started animating
turned off radio (boss alive)
started animating
turned off radio (boss alive)
started animating
Setting linear velocity of a kinematic body is not supported.
turned off radio (boss alive)
started animating
turned off radio (boss alive)
started animating
turned off radio (boss alive)
started animating
turned off radio (boss alive)
started animating
turned off radio (boss alive)
started animating
turned off radio (boss alive)
started animating
turned off radio (boss alive)
started animating
turned off radio (boss alive)
started animating
turned off radio (boss alive)
started animating
turned off radio (boss alive)
started animating
turned off radio (boss alive)
started animating
turned off radio (boss alive)
started animating
turned off radio (boss alive)
started animating
turned off radio (boss alive)
started animating
turned off radio (boss alive)
started animating
turned off radio (boss alive)
started animating
turned off radio (boss alive)
started animating
turned off radio (boss alive)
started animating
turned off radio (boss alive)
started animating
turned off radio (boss alive)
started animating
turned off radio (boss alive)
started animating
turned off radio (boss alive)
started animating
turned off radio (boss alive)
started animating
turned off radio (boss alive)
started animating
turned off radio (boss alive)
started animating
turned off radio (boss alive)
started animating
turned off radio (boss alive)
started animating
turned off radio (boss alive)
started animating
turned off radio (boss alive)
started animating
turned off radio (boss alive)
started animating
turned off radio (boss alive)
started animating
turned off radio (boss alive)
started animating
turned off radio (boss alive)
started animating
turned off radio (boss alive)
started animating
turned off radio (boss alive)
started animating
turned off radio (boss alive)
started animating
turned off radio (boss alive)
started animating
set bird holder to null
set bird holder to null
set bird holder to null
Cant afford idiot
set bird holder to null
set bird holder to null
set bird holder to null
set bird holder to null
turned off radio (boss alive)
set bird holder to null
set bird holder to null
set bird holder to null
System.Exception: SelectedLocale is null. Database could not get table.
OperationException : SelectedLocale is null. Could not get table entry.
System.Exception: SelectedLocale is null. Database could not get table.
OperationException : SelectedLocale is null. Could not get table entry.
System.Exception: SelectedLocale is null. Database could not get table.
OperationException : SelectedLocale is null. Could not get table entry.
System.Exception: SelectedLocale is null. Database could not get table.
OperationException : SelectedLocale is null. Could not get table entry.
System.Exception: SelectedLocale is null. Database could not get table.
OperationException : SelectedLocale is null. Could not get table entry.
System.Exception: SelectedLocale is null. Database could not get table.
OperationException : SelectedLocale is null. Could not get table entry.
System.Exception: SelectedLocale is null. Database could not get table.
OperationException : SelectedLocale is null. Could not get table entry.
System.Exception: SelectedLocale is null. Database could not get table.
OperationException : SelectedLocale is null. Could not get table entry.
System.Exception: SelectedLocale is null. Database could not get table.
OperationException : SelectedLocale is null. Could not get table entry.
[2026.09.27 02:16:31] Local client is stopping for UnityTransport.
[2026.09.27 02:16:31] Local client is stopped for UnityTransport.
[2026.09.27 02:16:31] NetworkObject cannot be despawned because it is null.
[2026.09.27 02:16:31] Remote connection stopped for Id 0.
[2026.09.27 02:16:31] Local server is stopping for UnityTransport.
[2026.09.27 02:16:31] Local server is stopped for UnityTransport.
[Physics::Module] Cleanup current backend.
[Physics::Module] Id: 0xf2b8ea05
Input System module state changed to: ShutdownInProgress.
Input Polling Thread exited.
Input System module state changed to: Shutdown.
CodeReloadManager destroyed
