Mono path[0] = 'D:/SteamLibrary/steamapps/common/Mini Motorways/Mini Motorways_Data/Managed'
Mono config path = 'D:/SteamLibrary/steamapps/common/Mini Motorways/MonoBleedingEdge/etc'
Input System module state changed to: Initialized.
[PhysX] Initialized MultithreadedTaskDispatcher with 12 workers.
Initialize engine version: 2022.3.62f2 (7670c08855a9)
[Subsystems] Discovering subsystems at path D:/SteamLibrary/steamapps/common/Mini Motorways/Mini Motorways_Data/UnitySubsystems
GfxDevice: creating device client; threaded=1; jobified=0
Direct3D:
    Version:  Direct3D 11.0 [level 11.1]
    Renderer: AMD Radeon RX 7700 XT (ID=0x747e)
    Vendor:   ATI
    VRAM:     3072 MB
    Driver:   32.0.31021.5001
Begin MonoManager ReloadAssembly
- Loaded All Assemblies, in  3.164 seconds
- Finished resetting the current domain, in  0.001 seconds
<RI> Initializing input.
D3D11 device created for Microsoft Media Foundation video decoding.
<RI> Input initialized.
<RI> Initialized touch support.
[PhysX] Initialized MultithreadedTaskDispatcher with 12 workers.
UnloadTime: 0.551600 ms
Assembler serializer hash codes: -1003769452, 926490273
User has declined to share analytics, so don't start a new session
Direct3D: detected that using refresh rate causes time drift. Will stop trusting refresh rate until the game window is moved.
Direct3D: detected that vsync is broken (it does not limit frame rate properly). Delta time will now be calculated using cpu-side time stampling until the game window is moved.
Curl error 35: Cert verify failed. Certificate could not be verified (either omitted or unsupported). UnityTls error code: 7
Curl error 35: Cert verify failed. Certificate could not be verified (either omitted or unsupported). UnityTls error code: 7
MotorwaysAnalytics.SendEvent called, but no session started.
Curl error 35: Cert verify failed. Certificate could not be verified (either omitted or unsupported). UnityTls error code: 7
Curl error 35: Cert verify failed. Certificate could not be verified (either omitted or unsupported). UnityTls error code: 7
MotorwaysAnalytics.SendEvent called, but no session started.
Curl error 35: Cert verify failed. Certificate could not be verified (either omitted or unsupported). UnityTls error code: 7
Curl error 35: Cert verify failed. Certificate could not be verified (either omitted or unsupported). UnityTls error code: 7
Curl error 35: Cert verify failed. Certificate could not be verified (either omitted or unsupported). UnityTls error code: 7
Curl error 35: Cert verify failed. Certificate could not be verified (either omitted or unsupported). UnityTls error code: 7
Curl error 35: Cert verify failed. Certificate could not be verified (either omitted or unsupported). UnityTls error code: 7
MotorwaysAnalytics.SendEvent called, but no session started.
MotorwaysAnalytics.SendEvent called, but no session started.
MotorwaysAnalytics.SendEvent called, but no session started.
Curl error 35: Cert verify failed. Certificate could not be verified (either omitted or unsupported). UnityTls error code: 7
The character with Unicode value \u007B was not found in the [Helvetica Neue] font asset or any potential fallbacks. It was replaced by Unicode character \u25A1 in text object [WeekTitle].
The character with Unicode value \u007D was not found in the [Helvetica Neue] font asset or any potential fallbacks. It was replaced by Unicode character \u25A1 in text object [WeekTitle].
The character with Unicode value \u007B was not found in the [Helvetica Neue] font asset or any potential fallbacks. It was replaced by Unicode character \u25A1 in text object [WeekTitle].
The character with Unicode value \u007D was not found in the [Helvetica Neue] font asset or any potential fallbacks. It was replaced by Unicode character \u25A1 in text object [WeekTitle].
Curl error 35: Cert verify failed. Certificate could not be verified (either omitted or unsupported). UnityTls error code: 7
Curl error 35: Cert verify failed. Certificate could not be verified (either omitted or unsupported). UnityTls error code: 7
Curl error 35: Cert verify failed. Certificate could not be verified (either omitted or unsupported). UnityTls error code: 7
MotorwaysAnalytics.SendEvent called, but no session started.
MotorwaysAnalytics.SendEvent called, but no session started.
ColourButton pressed from ColourWidget.
ColourButton pressed from ColourWidget.
ColourButton pressed from ColourWidget.
ColourButton pressed from ColourWidget.
MotorwaysAnalytics.SendEvent called, but no session started.
MotorwaysAnalytics.SendEvent called, but no session started.
MotorwaysAnalytics.SendEvent called, but no session started.
MotorwaysAnalytics.SendEvent called, but no session started.
Curl error 42: Callback aborted
Releasing render texture that is set as Camera.targetTexture!
Releasing render texture that is set as Camera.targetTexture!
Releasing render texture that is set as Camera.targetTexture!
Input System module state changed to: ShutdownInProgress.
Input System polling thread exited.
Input System module state changed to: Shutdown.
Memory Statistics:
[ALLOC_TEMP_TLS] TLS Allocator
  StackAllocators : 
    [ALLOC_TEMP_MAIN]
      Peak usage frame count: [2.0 KB-4.0 KB]: 2 frames, [4.0 KB-8.0 KB]: 27712 frames, [8.0 KB-16.0 KB]: 645630 frames, [16.0 KB-32.0 KB]: 92934 frames, [32.0 KB-64.0 KB]: 9625 frames, [64.0 KB-128.0 KB]: 16 frames, [128.0 KB-256.0 KB]: 35 frames, [256.0 KB-0.5 MB]: 59 frames, [0.5 MB-1.0 MB]: 98 frames, [1.0 MB-2.0 MB]: 18629 frames, [2.0 MB-4.0 MB]: 1 frames
      Initial Block Size 4.0 MB
      Current Block Size 4.0 MB
      Peak Allocated Bytes 3.2 MB
      Overflow Count 0
    [ALLOC_TEMP_Background Job.Worker 2]
      Initial Block Size 32.0 KB
      Current Block Size 32.0 KB
      Peak Allocated Bytes 2.6 KB
      Overflow Count 0
    [ALLOC_TEMP_Background Job.Worker 7]
      Initial Block Size 32.0 KB
      Current Block Size 32.0 KB
      Peak Allocated Bytes 110 B
      Overflow Count 0
    [ALLOC_TEMP_Loading.PreloadManager]
      Initial Block Size 256.0 KB
      Current Block Size 256.0 KB
      Peak Allocated Bytes 82.2 KB
      Overflow Count 8
    [ALLOC_TEMP_UnityGfxDeviceWorker]
      Initial Block Size 256.0 KB
      Current Block Size 256.0 KB
      Peak Allocated Bytes 9.9 KB
      Overflow Count 0
    [ALLOC_TEMP_AssetGarbageCollectorHelper] x 11
      Initial Block Size 64.0 KB
      Current Block Size 64.0 KB
      Peak Allocated Bytes 114 B
      Overflow Count 0
    [ALLOC_TEMP_Background Job.Worker 5]
      Initial Block Size 32.0 KB
      Current Block Size 32.0 KB
      Peak Allocated Bytes 110 B
      Overflow Count 0
    [ALLOC_TEMP_Background Job.Worker 8]
      Initial Block Size 32.0 KB
      Current Block Size 32.0 KB
      Peak Allocated Bytes 110 B
      Overflow Count 0
    [ALLOC_TEMP_Job.Worker 6]
      Initial Block Size 256.0 KB
      Current Block Size 268.0 KB
      Peak Allocated Bytes 143.7 KB
      Overflow Count 0
    [ALLOC_TEMP_Job.Worker 9]
      Initial Block Size 256.0 KB
      Current Block Size 264.0 KB
      Peak Allocated Bytes 143.1 KB
      Overflow Count 0
    [ALLOC_TEMP_Job.Worker 0]
      Initial Block Size 256.0 KB
      Current Block Size 268.0 KB
      Peak Allocated Bytes 144.7 KB
      Overflow Count 0
    [ALLOC_TEMP_Background Job.Worker 10]
      Initial Block Size 32.0 KB
      Current Block Size 32.0 KB
      Peak Allocated Bytes 111 B
      Overflow Count 0
    [ALLOC_TEMP_Loading.AsyncRead]
      Initial Block Size 64.0 KB
      Current Block Size 92.0 KB
      Peak Allocated Bytes 90.2 KB
      Overflow Count 0
    [ALLOC_TEMP_Background Job.Worker 9]
      Initial Block Size 32.0 KB
      Current Block Size 32.0 KB
      Peak Allocated Bytes 110 B
      Overflow Count 0
    [ALLOC_TEMP_Background Job.Worker 13]
      Initial Block Size 32.0 KB
      Current Block Size 32.0 KB
      Peak Allocated Bytes 111 B
      Overflow Count 0
    [ALLOC_TEMP_Job.Worker 8]
      Initial Block Size 256.0 KB
      Current Block Size 268.0 KB
      Peak Allocated Bytes 143.7 KB
      Overflow Count 0
    [ALLOC_TEMP_Background Job.Worker 14]
      Initial Block Size 32.0 KB
      Current Block Size 32.0 KB
      Peak Allocated Bytes 111 B
      Overflow Count 0
    [ALLOC_TEMP_Job.Worker 5]
      Initial Block Size 256.0 KB
      Current Block Size 264.0 KB
      Peak Allocated Bytes 143.1 KB
      Overflow Count 0
    [ALLOC_TEMP_Background Job.Worker 6]
      Initial Block Size 32.0 KB
      Current Block Size 32.0 KB
      Peak Allocated Bytes 110 B
      Overflow Count 0
    [ALLOC_TEMP_Job.Worker 4]
      Initial Block Size 256.0 KB
      Current Block Size 268.0 KB
      Peak Allocated Bytes 143.7 KB
      Overflow Count 0
    [ALLOC_TEMP_ReadCacheIndex]
      Initial Block Size 64.0 KB
      Current Block Size 64.0 KB
      Peak Allocated Bytes 0.5 KB
      Overflow Count 0
    [ALLOC_TEMP_Job.Worker 7]
      Initial Block Size 256.0 KB
      Current Block Size 264.0 KB
      Peak Allocated Bytes 143.1 KB
      Overflow Count 0
    [ALLOC_TEMP_Job.Worker 1]
      Initial Block Size 256.0 KB
      Current Block Size 264.0 KB
      Peak Allocated Bytes 143.1 KB
      Overflow Count 0
    [ALLOC_TEMP_Background Job.Worker 11]
      Initial Block Size 32.0 KB
      Current Block Size 32.0 KB
      Peak Allocated Bytes 111 B
      Overflow Count 0
    [ALLOC_TEMP_Job.Worker 2]
      Initial Block Size 256.0 KB
      Current Block Size 268.0 KB
      Peak Allocated Bytes 144.4 KB
      Overflow Count 0
    [ALLOC_TEMP_Background Job.Worker 3]
      Initial Block Size 32.0 KB
      Current Block Size 32.0 KB
      Peak Allocated Bytes 110 B
      Overflow Count 0
    [ALLOC_TEMP_Job.Worker 10]
      Initial Block Size 256.0 KB
      Current Block Size 272.0 KB
      Peak Allocated Bytes 146.4 KB
      Overflow Count 0
    [ALLOC_TEMP_Job.Worker 3]
      Initial Block Size 256.0 KB
      Current Block Size 280.0 KB
      Peak Allocated Bytes 151.1 KB
      Overflow Count 0
    [ALLOC_TEMP_Background Job.Worker 0]
      Initial Block Size 32.0 KB
      Current Block Size 32.0 KB
      Peak Allocated Bytes 110 B
      Overflow Count 0
    [ALLOC_TEMP_CloudJob.Worker 0]
      Initial Block Size 32.0 KB
      Current Block Size 40.0 KB
      Peak Allocated Bytes 18.6 KB
      Overflow Count 0
    [ALLOC_TEMP_Background Job.Worker 12]
      Initial Block Size 32.0 KB
      Current Block Size 32.0 KB
      Peak Allocated Bytes 111 B
      Overflow Count 0
    [ALLOC_TEMP_EnlightenWorker] x 3
      Initial Block Size 64.0 KB
      Current Block Size 64.0 KB
      Peak Allocated Bytes 42 B
      Overflow Count 0
    [ALLOC_TEMP_Background Job.Worker 15]
      Initial Block Size 32.0 KB
      Current Block Size 32.0 KB
      Peak Allocated Bytes 111 B
      Overflow Count 0
    [ALLOC_TEMP_Background Job.Worker 1]
      Initial Block Size 32.0 KB
      Current Block Size 32.0 KB
      Peak Allocated Bytes 2.6 KB
      Overflow Count 4
    [ALLOC_TEMP_Background Job.Worker 4]
      Initial Block Size 32.0 KB
      Current Block Size 32.0 KB
      Peak Allocated Bytes 110 B
      Overflow Count 0
    [ALLOC_TEMP_BatchDeleteObjects]
      Initial Block Size 64.0 KB
      Current Block Size 64.0 KB
      Peak Allocated Bytes 42 B
      Overflow Count 0
[ALLOC_DEFAULT] Dual Thread Allocator
  Peak main deferred allocation count 152478
    [ALLOC_BUCKET]
      Large Block size 4.0 MB
      Used Block count 1
      Peak Allocated bytes 4.0 MB
      Failed Allocations. Bucket layout:
        16B: 17 Subsections = 17408 buckets. Failed count: 47918902
        32B: 54 Subsections = 27648 buckets. Failed count: 156007116
        48B: 41 Subsections = 13994 buckets. Failed count: 30985799
        64B: 40 Subsections = 10240 buckets. Failed count: 950372
        80B: 53 Subsections = 10854 buckets. Failed count: 255336
        96B: 16 Subsections = 2730 buckets. Failed count: 808545
        112B: 6 Subsections = 877 buckets. Failed count: 10129
        128B: 29 Subsections = 3712 buckets. Failed count: 179386
    [ALLOC_DEFAULT_MAIN]
      Peak usage frame count: [16.0 MB-32.0 MB]: 32 frames, [64.0 MB-128.0 MB]: 124543 frames, [128.0 MB-256.0 MB]: 670166 frames
      Requested Block Size 16.0 MB
      Peak Block count 14
      Peak Allocated memory 187.9 MB
      Peak Large allocation bytes 8.0 MB
    [ALLOC_DEFAULT_THREAD]
      Peak usage frame count: [8.0 MB-16.0 MB]: 29 frames, [16.0 MB-32.0 MB]: 781654 frames, [32.0 MB-64.0 MB]: 13058 frames
      Requested Block Size 16.0 MB
      Peak Block count 3
      Peak Allocated memory 32.3 MB
      Peak Large allocation bytes 0 B
[ALLOC_TEMP_JOB_1_FRAME]
  Initial Block Size 2.0 MB
  Used Block Count 0
  Overflow Count (too large) 0
  Overflow Count (full) 0
[ALLOC_TEMP_JOB_2_FRAMES]
  Initial Block Size 2.0 MB
  Used Block Count 0
  Overflow Count (too large) 0
  Overflow Count (full) 0
[ALLOC_TEMP_JOB_4_FRAMES (JobTemp)]
  Initial Block Size 2.0 MB
  Used Block Count 1
  Overflow Count (too large) 0
  Overflow Count (full) 0
[ALLOC_TEMP_JOB_ASYNC (Background)]
  Initial Block Size 1.0 MB
  Used Block Count 1
  Overflow Count (too large) 0
  Overflow Count (full) 0
[ALLOC_GFX] Dual Thread Allocator
  Peak main deferred allocation count 53
    [ALLOC_BUCKET]
      Large Block size 4.0 MB
      Used Block count 1
      Peak Allocated bytes 4.0 MB
      Failed Allocations. Bucket layout:
        16B: 17 Subsections = 17408 buckets. Failed count: 47918902
        32B: 54 Subsections = 27648 buckets. Failed count: 156007116
        48B: 41 Subsections = 13994 buckets. Failed count: 30985799
        64B: 40 Subsections = 10240 buckets. Failed count: 950372
        80B: 53 Subsections = 10854 buckets. Failed count: 255336
        96B: 16 Subsections = 2730 buckets. Failed count: 808545
        112B: 6 Subsections = 877 buckets. Failed count: 10129
        128B: 29 Subsections = 3712 buckets. Failed count: 179386
    [ALLOC_GFX_MAIN]
      Peak usage frame count: [32.0 KB-64.0 KB]: 2 frames, [64.0 KB-128.0 KB]: 1 frames, [16.0 MB-32.0 MB]: 111327 frames, [32.0 MB-64.0 MB]: 209743 frames, [64.0 MB-128.0 MB]: 311479 frames, [128.0 MB-256.0 MB]: 162189 frames
      Requested Block Size 16.0 MB
      Peak Block count 12
      Peak Allocated memory 186.5 MB
      Peak Large allocation bytes 0 B
    [ALLOC_GFX_THREAD]
      Peak usage frame count: [1.0 KB-2.0 KB]: 3 frames, [8.0 KB-16.0 KB]: 23 frames, [16.0 KB-32.0 KB]: 4515 frames, [1.0 MB-2.0 MB]: 777142 frames, [2.0 MB-4.0 MB]: 13058 frames
      Requested Block Size 16.0 MB
      Peak Block count 1
      Peak Allocated memory 2.4 MB
      Peak Large allocation bytes 0 B
[ALLOC_CACHEOBJECTS] Dual Thread Allocator
  Peak main deferred allocation count 6
    [ALLOC_BUCKET]
      Large Block size 4.0 MB
      Used Block count 1
      Peak Allocated bytes 4.0 MB
      Failed Allocations. Bucket layout:
        16B: 17 Subsections = 17408 buckets. Failed count: 47918902
        32B: 54 Subsections = 27648 buckets. Failed count: 156007116
        48B: 41 Subsections = 13994 buckets. Failed count: 30985799
        64B: 40 Subsections = 10240 buckets. Failed count: 950372
        80B: 53 Subsections = 10854 buckets. Failed count: 255336
        96B: 16 Subsections = 2730 buckets. Failed count: 808545
        112B: 6 Subsections = 877 buckets. Failed count: 10129
        128B: 29 Subsections = 3712 buckets. Failed count: 179386
    [ALLOC_CACHEOBJECTS_MAIN]
      Peak usage frame count: [8.0 MB-16.0 MB]: 3 frames, [32.0 MB-64.0 MB]: 794738 frames
      Requested Block Size 4.0 MB
      Peak Block count 14
      Peak Allocated memory 55.6 MB
      Peak Large allocation bytes 4.9 MB
    [ALLOC_CACHEOBJECTS_THREAD]
      Peak usage frame count: [128.0 KB-256.0 KB]: 3 frames, [256.0 KB-0.5 MB]: 4532 frames, [0.5 MB-1.0 MB]: 756271 frames, [1.0 MB-2.0 MB]: 33909 frames, [2.0 MB-4.0 MB]: 26 frames
      Requested Block Size 4.0 MB
      Peak Block count 1
      Peak Allocated memory 3.2 MB
      Peak Large allocation bytes 0 B
[ALLOC_TYPETREE] Dual Thread Allocator
  Peak main deferred allocation count 1
    [ALLOC_BUCKET]
      Large Block size 4.0 MB
      Used Block count 1
      Peak Allocated bytes 4.0 MB
      Failed Allocations. Bucket layout:
        16B: 17 Subsections = 17408 buckets. Failed count: 47918902
        32B: 54 Subsections = 27648 buckets. Failed count: 156007116
        48B: 41 Subsections = 13994 buckets. Failed count: 30985799
        64B: 40 Subsections = 10240 buckets. Failed count: 950372
        80B: 53 Subsections = 10854 buckets. Failed count: 255336
        96B: 16 Subsections = 2730 buckets. Failed count: 808545
        112B: 6 Subsections = 877 buckets. Failed count: 10129
        128B: 29 Subsections = 3712 buckets. Failed count: 179386
    [ALLOC_TYPETREE_MAIN]
      Peak usage frame count: [1.0 KB-2.0 KB]: 2 frames, [4.0 KB-8.0 KB]: 1 frames, [2.0 MB-4.0 MB]: 794738 frames
      Requested Block Size 2.0 MB
      Peak Block count 2
      Peak Allocated memory 2.1 MB
      Peak Large allocation bytes 0 B
    [ALLOC_TYPETREE_THREAD]
      Peak usage frame count: [256.0 KB-0.5 MB]: 794725 frames, [0.5 MB-1.0 MB]: 16 frames
      Requested Block Size 2.0 MB
      Peak Block count 1
      Peak Allocated memory 0.6 MB
      Peak Large allocation bytes 0 B
