Initialize engine version: 2019.4.28f1 (1381962e9d08)
[Subsystems] Discovering subsystems at path D:/1Downloads/Pictures/reference/referenceF/Others/Jerezs Arena II/Jerez's Arena II/Game_Data/UnitySubsystems
GfxDevice: creating device client; threaded=1
Direct3D:
    Version:  Direct3D 11.0 [level 11.1]
    Renderer: NVIDIA GeForce GTX 1060 3GB (ID=0x1c02)
    Vendor:   
    VRAM:     2988 MB
    Driver:   30.0.15.1215
D3D11 device created for Microsoft Media Foundation video decoding.
<RI> Initializing input.
<RI> Input initialized.
<RI> Initialized touch support.
UnloadTime: 0.798800 ms
[MonoSingleton:Instance] An instance is created in the scene. Type : GameCore.Entry
[Entry:OnCreate] Add game state : GameLoop.GameAVGTestState
[Entry:OnCreate] Add game state : GameLoop.GameCombatState
[Entry:OnCreate] Add game state : GameLoop.GameCreditState
[Entry:OnCreate] Add game state : GameLoop.GameEndState
[Entry:OnCreate] Add game state : GameLoop.GameInitState
[Entry:OnCreate] Add game state : GameLoop.GameLobbyState
[Entry:OnCreate] Add game state : GameLoop.GameMenuState
[Entry:OnCreate] Add game state : GameLoop.MemoryState
Odin Serializer ArchitectureInfo initialization with defaults (all unaligned read/writes disabled).
Odin Serializer detected whitelisted runtime platform WindowsPlayer and memory read test succeeded; enabling all unaligned memory read/writes.
[Entry:ChangeState] Change game state to GameLoop.GameInitState
[BaseDataTableLoader:Load] Data.SteamAchievementTable is loaded.
[ResourcesSystem:ReleaseAsset] Release asset SteamAchievementTable
[ResourcesSystem:ReleaseAsset] Release asset SteamAchievementTable done.
[Entry:AddModule] Add New module Type : Modules.SteamModule.
[Entry:AddModule] Add New module Type : Modules.AchievementModule.
[Entry:AddModule] Add New module Type : Modules.AVGModule.
[BaseDataTableLoader:Load] Data.CharacterTable is loaded.
[ResourcesSystem:ReleaseAsset] Release asset CharacterTable
[ResourcesSystem:ReleaseAsset] Release asset CharacterTable done.
[BaseDataTableLoader:Load] Data.TrainingTable is loaded.
[ResourcesSystem:ReleaseAsset] Release asset TrainingTable
[ResourcesSystem:ReleaseAsset] Release asset TrainingTable done.
[BaseDataTableLoader:Load] Data.ShopTable is loaded.
[ResourcesSystem:ReleaseAsset] Release asset ShopTable
[ResourcesSystem:ReleaseAsset] Release asset ShopTable done.
[BaseDataTableLoader:Load] Data.ItemTable is loaded.
[ResourcesSystem:ReleaseAsset] Release asset ItemTable
[ResourcesSystem:ReleaseAsset] Release asset ItemTable done.
[BaseDataTableLoader:Load] Data.FacilityTable is loaded.
[ResourcesSystem:ReleaseAsset] Release asset FacilityTable
[ResourcesSystem:ReleaseAsset] Release asset FacilityTable done.
[BaseDataTableLoader:Load] Data.InitialTable is loaded.
[ResourcesSystem:ReleaseAsset] Release asset InitialTable
[ResourcesSystem:ReleaseAsset] Release asset InitialTable done.
[BaseDataTableLoader:Load] Data.RoutineTable is loaded.
[ResourcesSystem:ReleaseAsset] Release asset RoundTable
[ResourcesSystem:ReleaseAsset] Release asset RoundTable done.
[BaseDataTableLoader:Load] Data.TournamentTable is loaded.
[ResourcesSystem:ReleaseAsset] Release asset TournamentTable
[ResourcesSystem:ReleaseAsset] Release asset TournamentTable done.
[BaseDataTableLoader:Load] Data.ActiveSkillTable is loaded.
[ResourcesSystem:ReleaseAsset] Release asset ActiveSkillTable
[ResourcesSystem:ReleaseAsset] Release asset ActiveSkillTable done.
[BaseDataTableLoader:Load] Data.PassiveSkillTable is loaded.
[ResourcesSystem:ReleaseAsset] Release asset PassiveSkillTable
[ResourcesSystem:ReleaseAsset] Release asset PassiveSkillTable done.
[BaseDataTableLoader:Load] Data.SkillLearningTable is loaded.
[ResourcesSystem:ReleaseAsset] Release asset SkillLearningTable
[ResourcesSystem:ReleaseAsset] Release asset SkillLearningTable done.
[BaseDataTableLoader:Load] Data.ConditionTable is loaded.
[ResourcesSystem:ReleaseAsset] Release asset ConditionTable
[ResourcesSystem:ReleaseAsset] Release asset ConditionTable done.
[BaseDataTableLoader:Load] Data.CommandRuleTable is loaded.
[ResourcesSystem:ReleaseAsset] Release asset CommandRuleTable
[ResourcesSystem:ReleaseAsset] Release asset CommandRuleTable done.
[BaseDataTableLoader:Load] Data.AIFlowTable is loaded.
[ResourcesSystem:ReleaseAsset] Release asset AIFlowTable
[ResourcesSystem:ReleaseAsset] Release asset AIFlowTable done.
[BaseDataTableLoader:Load] Data.SubEventTable is loaded.
[ResourcesSystem:ReleaseAsset] Release asset SubEventTable
[ResourcesSystem:ReleaseAsset] Release asset SubEventTable done.
[BaseDataTableLoader:Load] MemoryTable is loaded.
[ResourcesSystem:ReleaseAsset] Release asset MemoryTable
[ResourcesSystem:ReleaseAsset] Release asset MemoryTable done.
[BaseDataTableLoader:Load] HSceneMemoryTable is loaded.
[ResourcesSystem:ReleaseAsset] Release asset HSceneMemoryTable
[ResourcesSystem:ReleaseAsset] Release asset HSceneMemoryTable done.
[BaseDataTableLoader:Load] Data.TachiePerformanceTable is loaded.
[ResourcesSystem:ReleaseAsset] Release asset TachiePerformanceTable
[ResourcesSystem:ReleaseAsset] Release asset TachiePerformanceTable done.
[BaseDataTableLoader:Load] Data.CreditTable is loaded.
[ResourcesSystem:ReleaseAsset] Release asset CreditTable
[ResourcesSystem:ReleaseAsset] Release asset CreditTable done.
[BaseDataTableLoader:Load] Data.AudioMapTable is loaded.
[ResourcesSystem:ReleaseAsset] Release asset AudioMapTable
[ResourcesSystem:ReleaseAsset] Release asset AudioMapTable done.
[BaseDataTableLoader:Load] Data.StreamerStoryMapTable is loaded.
[ResourcesSystem:ReleaseAsset] Release asset StreamerStoryMapTable
[ResourcesSystem:ReleaseAsset] Release asset StreamerStoryMapTable done.
[ResourcesSystem::LoadSceneAsync] Start load scene, Address: InGame.
[Entry:ChangeState] Change game state to GameLoop.GameMenuState
Unloading 5 Unused Serialized files (Serialized files now loaded: 283)
UnloadTime: 0.392000 ms
[ResourcesSystem::LoadSceneAsync] Load scene done, Address: InGame.

Unloading 89 unused Assets to reduce memory usage. Loaded Objects now: 19325.
Total: 144.956600 ms (FindLiveObjects: 1.273800 ms CreateObjectMapping: 0.704300 ms MarkObjects: 142.860300 ms  DeleteObjects: 0.117700 ms)

Unloading 1 Unused Serialized files (Serialized files now loaded: 283)

Unloading 0 unused Assets to reduce memory usage. Loaded Objects now: 19331.
Total: 160.774400 ms (FindLiveObjects: 1.678500 ms CreateObjectMapping: 0.584500 ms MarkObjects: 158.482600 ms  DeleteObjects: 0.028000 ms)

PageTrainsIn: <color=#842B00>Title</color>
PageTrainsOut: <color=#842B00>Title</color>
Unloading 0 Unused Serialized files (Serialized files now loaded: 283)

Unloading 0 unused Assets to reduce memory usage. Loaded Objects now: 19331.
Total: 151.394500 ms (FindLiveObjects: 1.953500 ms CreateObjectMapping: 0.513700 ms MarkObjects: 148.890300 ms  DeleteObjects: 0.036500 ms)

Unloading 1 Unused Serialized files (Serialized files now loaded: 289)

Unloading 0 unused Assets to reduce memory usage. Loaded Objects now: 19367.
Total: 148.375600 ms (FindLiveObjects: 1.481000 ms CreateObjectMapping: 0.436700 ms MarkObjects: 146.418400 ms  DeleteObjects: 0.039000 ms)

Script 'Z_GameLogo' has finished playing, and there wasn't a follow-up goto command. Consider using stop command in case you wish to gracefully stop script execution.
Unloading 0 Unused Serialized files (Serialized files now loaded: 284)

Unloading 5 unused Assets to reduce memory usage. Loaded Objects now: 19336.
Total: 145.456100 ms (FindLiveObjects: 1.241900 ms CreateObjectMapping: 0.350000 ms MarkObjects: 143.783600 ms  DeleteObjects: 0.080100 ms)

[AVGModule::Release] Release AVG Module. StoryName: Z_GameLogo
PageTrainsIn: <color=#842B00>Title</color>
[Entry:AddModule] Add New module Type : Modules.TrainingModule.
[Entry:AddModule] Add New module Type : Modules.ItemModule.
[Entry:AddModule] Add New module Type : Modules.ShopModule.
[Entry:AddModule] Add New module Type : Modules.LobbyModule.
[Entry:ChangeState] Change game state to GameLoop.GameLobbyState
PageTrainsOut: <color=#842B00>Title</color>
PageTrainsIn: <color=#842B00>ExtraBattlePrepare</color>
PageTrainsOut: <color=#842B00>ExtraBattlePrepare</color>
PageTrainsIn: <color=#842B00>Training</color>
PageTrainsOut: <color=#842B00>Training</color>
PageTrainsIn: <color=#842B00>ExtraBattlePrepare</color>
PageTrainsOut: <color=#842B00>ExtraBattlePrepare</color>
PageTrainsIn: <color=#842B00>Training</color>
PageTrainsOut: <color=#842B00>Training</color>
PageTrainsIn: <color=#842B00>ExtraBattlePrepare</color>
PageTrainsOut: <color=#842B00>ExtraBattlePrepare</color>
PageTrainsIn: <color=#842B00>Shop</color>
PageTrainsOut: <color=#842B00>Shop</color>
PageTrainsIn: <color=#842B00>ExtraBattlePrepare</color>
[Entry:RemoveModule] Module Modules.TrainingModule is Removed.
[Entry:RemoveModule] Module Modules.ItemModule is Removed.
[Entry:RemoveModule] Module Modules.ShopModule is Removed.
[Entry:RemoveModule] Module Modules.LobbyModule is Removed.
[GameCombatState::OnEnter] Hint: TournamentData logic operator string is empty. In  row.
[CombatFormulaModule:Initialize] Add new method with name : TestAttribute
[CombatFormulaModule:Initialize] Add new method with name : AddPow10
[CombatFormulaModule:Initialize] Add new method with name : P_Skill_04
[CombatFormulaModule:Initialize] Add new method with name : AddAgiM50PCT
[CombatFormulaModule:Initialize] Add new method with name : Skill_08_1
[CombatFormulaModule:Initialize] Add new method with name : Skill_08_2
[CombatFormulaModule:Initialize] Add new method with name : Hank_Skill04_P_F1
[CombatFormulaModule:Initialize] Add new method with name : Hank_Skill04_P
[CombatFormulaModule:Initialize] Add new method with name : Dale_Skill03_CP1_F1
[CombatFormulaModule:Initialize] Add new method with name : Luna_Skill03_CP1_F1
[CombatFormulaModule:Initialize] Add new method with name : Luna_Skill04_CP1_F1
[CombatFormulaModule:Initialize] Add new method with name : Luna_Skill05_CP1_F1
[CombatFormulaModule:Initialize] Add new method with name : Essock_Skill01_P
[CombatFormulaModule:Initialize] Add new method with name : Essock_Skill04_P1
[CombatFormulaModule:Initialize] Add new method with name : Essock_Skill04_P2
[CombatFormulaModule:Initialize] Add new method with name : HuAn_Skill01_CP1_F1
[CombatFormulaModule:Initialize] Add new method with name : SHuAn_Skill01_CP1_F1
[CombatFormulaModule:Initialize] Add new method with name : HuAn_Skill01_TP1_F1
[CombatFormulaModule:Initialize] Add new method with name : SHuAn_Skill01_TP1_F1
[CombatFormulaModule:Initialize] Add new method with name : NoneEffect
[CombatFormulaModule:Initialize] Add new method with name : Yuan_Skill01_CP1_F1
[CombatFormulaModule:Initialize] Add new method with name : Yuan_Skill02_CP1_F1
[CombatFormulaModule:Initialize] Add new method with name : Yuan_Skill06_CP1_F1
[CombatFormulaModule:Initialize] Add new method with name : Yuan_Skill06_CP1_F2
[CombatFormulaModule:Initialize] Add new method with name : Yuan_Skill06_CP1_F3
[CombatFormulaModule:Initialize] Add new method with name : SDeenine_Skill02_CP1_F1
[CombatFormulaModule:Initialize] Add new method with name : SDeenine_Skill02_TP1_F1
[CombatFormulaModule:Initialize] Add new method with name : SDeenine_Skill03_TP1_F1
[CombatFormulaModule:Initialize] Add new method with name : Ellin_Skill08_CP1_F1
[CombatFormulaModule:Initialize] Add new method with name : Villa_Skill03_CP1_F1
[CombatFormulaModule:Initialize] Add new method with name : Villa_Skill03_CP1_F2
[CombatFormulaModule:Initialize] Add new method with name : Villa_Skill04_TP1_F1
[CombatFormulaModule:Initialize] Add new method with name : Mage_Skill08_CP1_F1
[CombatFormulaModule:Initialize] Add new method with name : Mage_Skill09_CP1_F1
[CombatFormulaModule:Initialize] Add new method with name : Mage_Skill10_CP1_F1
[CombatFormulaModule:Initialize] Add new method with name : NanaDark_Skill01_CP1_F1
[CombatFormulaModule:Initialize] Add new method with name : NanaDark_Skill01_CP1_F2
[CombatFormulaModule:Initialize] Add new method with name : NanaDark_Skill02_CP1_F1
[CombatFormulaModule:Initialize] Add new method with name : NanaDark_Skill02_CP1_F2
[CombatFormulaModule:Initialize] Add new method with name : NanaDark_Skill03_CP1_F1
[CombatFormulaModule:Initialize] Add new method with name : NanaDark_Skill03_CP1_F2
[CombatFormulaModule:Initialize] Add new method with name : NanaDark_Skill04_CP1_F1
[CombatFormulaModule:Initialize] Add new method with name : NanaDark_Skill04_CP1_F2
[CombatFormulaModule:Initialize] Add new method with name : Alice_Skill04_CP1_F1
[CombatFormulaModule:Initialize] Add new method with name : Alice_Skill04_CP1_F2
[CombatFormulaModule:Initialize] Add new method with name : Alice_Skill04_CP1_F3
[CombatFormulaModule:Initialize] Add new method with name : Koharu_PSkill01_F1
[CombatFormulaModule:Initialize] Add new method with name : Koharu_PSkill02_F1
[CombatFormulaModule:Initialize] Add new method with name : Koharu_PSkill03_F1
[CombatFormulaModule:Initialize] Add new method with name : Koharu_PSkill04_F1
[CombatFormulaModule:Initialize] Add new method with name : Sigrid_PSkill01_F1
[CombatFormulaModule:Initialize] Add new method with name : Sigrid_PSkill02_F1
[CombatFormulaModule:Initialize] Add new method with name : Sigrid_PSkill05_F1
[CombatFormulaModule:Initialize] Add new method with name : C_PSkill01_F1
[CombatFormulaModule:Initialize] Add new method with name : C_PSkill02_F1
[CombatFormulaModule:Initialize] Add new method with name : C_PSkill03_F1
[CombatFormulaModule:Initialize] Add new method with name : C_PSkill04_F1
[CombatFormulaModule:Initialize] Add new method with name : C_PSkill04_F2
[CombatFormulaModule:Initialize] Add new method with name : C_PSkill05_F1
[CombatFormulaModule:Initialize] Add new method with name : C_PSkill06_F1
[CombatFormulaModule:Initialize] Add new method with name : C_PSkill07_F1
[CombatFormulaModule:Initialize] Add new method with name : C_PSkill08_F1
[CombatFormulaModule:Initialize] Add new method with name : C_PSkill09_F1
[CombatFormulaModule:Initialize] Add new method with name : C_PSkill10_F1
[CombatFormulaModule:Initialize] Add new method with name : C_PSkill11_F1
[CombatFormulaModule:Initialize] Add new method with name : C_PSkill12_F1
[CombatFormulaModule:Initialize] Add new method with name : Koharu_Skill35_TP1_F1
[CombatFormulaModule:Initialize] Add new method with name : Koharu_Skill36_TP1_F1
[CombatFormulaModule:Initialize] Add new method with name : Koharu_Skill37_TP1_F1
[CombatFormulaModule:Initialize] Add new method with name : Koharu_Skill38_CP1_F1
[CombatFormulaModule:Initialize] Add new method with name : Koharu_Skill39_CP1_F1
[CombatFormulaModule:Initialize] Add new method with name : Koharu_Skill40_CP1_F1
[CombatFormulaModule:Initialize] Add new method with name : Koharu_Skill41_CP1_F1
[CombatFormulaModule:Initialize] Add new method with name : Sigrid_Skill23_TP1_F1
[CombatFormulaModule:Initialize] Add new method with name : Sigrid_Skill24_TP1_F1
[CombatFormulaModule:Initialize] Add new method with name : Sigrid_Skill25_TP1_F1
[CombatFormulaModule:Initialize] Add new method with name : Sigrid_Skill26_TP1_F1
[CombatFormulaModule:Initialize] Add new method with name : Sigrid_Skill27_CP1_F1
[CombatFormulaModule:Initialize] Add new method with name : Sigrid_Skill28_CP1_F1
[CombatFormulaModule:Initialize] Add new method with name : Sigrid_Skill29_CP1_F1
[CombatFormulaModule:Initialize] Add new method with name : Sigrid_Skill30_CP1_F1
[CombatFormulaModule:Initialize] Add new method with name : Sigrid_Skill31_CP1_F1
[CombatFormulaModule:Initialize] Add new method with name : Sigrid_Skill32_CP1_F1
[CombatFormulaModule:Initialize] Add new method with name : C_Skill33_CP1_F1
[CombatFormulaModule:Initialize] Add new method with name : C_Skill34_CP1_F1
[CombatFormulaModule:Initialize] Add new method with name : C_Skill35_CP1_F1
[CombatFormulaModule:Initialize] Add new method with name : C_Skill36_CP1_F1
[CombatFormulaModule:Initialize] Add new method with name : C_Skill37_CP1_F1
[CombatFormulaModule:Initialize] Add new method with name : C_Skill38_CP1_F1
[CombatFormulaModule:Initialize] Add new method with name : C_Skill39_CP1_F1
[CombatFormulaModule:Initialize] Add new method with name : C_Skill40_CP1_F1
[CombatFormulaModule:Initialize] Add new method with name : TestDamage
[CombatFormulaModule:Initialize] Add new method with name : DIE
[CombatFormulaModule:Initialize] Add new method with name : TestControlRate
[CombatFormulaModule:Initialize] Add new method with name : TestReconver
[CombatFormulaModule:Initialize] Add new method with name : Skill_025
[CombatFormulaModule:Initialize] Add new method with name : Essock_Skill08_F1
[CombatFormulaModule:Initialize] Add new method with name : Hank_Skill07_F1
[CombatFormulaModule:Initialize] Add new method with name : Hank_Skill08_F1
[CombatFormulaModule:Initialize] Add new method with name : SHank_Skill07_F1
[CombatFormulaModule:Initialize] Add new method with name : SHank_Skill08_F1
[CombatFormulaModule:Initialize] Add new method with name : Skill_026
[CombatFormulaModule:Initialize] Add new method with name : Skill_027
[CombatFormulaModule:Initialize] Add new method with name : Luna_Skill01_F1
[CombatFormulaModule:Initialize] Add new method with name : HuAn_Skill08_TP1_F1
[CombatFormulaModule:Initialize] Add new method with name : SHuAn_Skill08_TP1_F1
[CombatFormulaModule:Initialize] Add new method with name : HuAn_Skill09_F1
[CombatFormulaModule:Initialize] Add new method with name : SHuAn_Skill09_F1
[CombatFormulaModule:Initialize] Add new method with name : Deenine_Skill02_F2
[CombatFormulaModule:Initialize] Add new method with name : Yuan_Skill07_F2
[CombatFormulaModule:Initialize] Add new method with name : Thief_Skill03_F1
[CombatFormulaModule:Initialize] Add new method with name : Lica_Skill02_F1
[CombatFormulaModule:Initialize] Add new method with name : SDeenine_Skill01_F2
[CombatFormulaModule:Initialize] Add new method with name : SDeenine_Skill01_F3
[CombatFormulaModule:Initialize] Add new method with name : SDeenine_Skill01_F4
[CombatFormulaModule:Initialize] Add new method with name : Ellin_Skill04_F1
[CombatFormulaModule:Initialize] Add new method with name : Ellin_Skill05_F1
[CombatFormulaModule:Initialize] Add new method with name : Villa_Skill02_F1
[CombatFormulaModule:Initialize] Add new method with name : Villa_Skill04_F3
[CombatFormulaModule:Initialize] Add new method with name : Mage_Skill02_F1
[CombatFormulaModule:Initialize] Add new method with name : Fenci_Skill03_F1
[CombatFormulaModule:Initialize] Add new method with name : Lowen_Skill01_F2
[CombatFormulaModule:Initialize] Add new method with name : C_Skill18_F2
[CombatFormulaModule:Initialize] Add new method with name : Sigrid_Skill37_F1
[CombatFormulaModule:Initialize] Add new method with name : Counter_05_F1
[CombatFormulaModule:Initialize] Add new method with name : Sigrid_Skill38_F1
[CombatFormulaModule:Initialize] Add new method with name : Sigrid_Skill39_F1
[CombatFormulaModule:Initialize] Add new method with name : Sigrid_Skill40_F1
[CombatFormulaModule:Initialize] Add new method with name : C_Skill29_F1
[CombatFormulaModule:Initialize] Add new method with name : C_Skill30_F1
[CombatFormulaModule:Initialize] Add new method with name : Sinagard_Skill03_F1
[CombatFormulaModule:Initialize] Add new method with name : Fenci_Skill04_F1
[CombatFormulaModule:Initialize] Add new method with name : C_Skill31_F1
[CombatFormulaModule:Initialize] Add new method with name : C_Skill32_F1
[CombatFormulaModule:Initialize] Add new method with name : HpRecover10
[CombatFormulaModule:Initialize] Add new method with name : HpDamage30
[CombatFormulaModule:Initialize] Add new method with name : HuAn_Skill03_CP1_F1
[CombatFormulaModule:Initialize] Add new method with name : HuAn_Skill03_TP1_F1
[CombatFormulaModule:Initialize] Add new method with name : SHuAn_Skill03_CP1_F1
[CombatFormulaModule:Initialize] Add new method with name : SHuAn_Skill03_TP1_F1
[CombatFormulaModule:Initialize] Add new method with name : Yuan_Skill04_CP1_F1
[CombatFormulaModule:Initialize] Add new method with name : Yuan_Skill05_CP1_F1
[CombatFormulaModule:Initialize] Add new method with name : Yuan_Skill05_TP1_F1
[CombatFormulaModule:Initialize] Add new method with name : Lica_Skill01P_F1
[CombatFormulaModule:Initialize] Add new method with name : Lica_Skill02P_F1
[CombatFormulaModule:Initialize] Add new method with name : Ellin_Skill09_P_F1
[CombatFormulaModule:Initialize] Add new method with name : Villa_Skill01_TP1_F1
[CombatFormulaModule:Initialize] Add new method with name : Koharu_PSkill05_F1
[CombatFormulaModule:Initialize] Add new method with name : Sigrid_PSkill06_F1
[CombatFormulaModule:Initialize] Add new method with name : Koharu_Skill11_TP1_F1
[CombatFormulaModule:Initialize] Add new method with name : Koharu_Skill14_TP1_F1
[CombatFormulaModule:Initialize] Add new method with name : Koharu_Skill32_TP1_F1
[CombatFormulaModule:Initialize] Add new method with name : NanaDark_Skill05_CP1_F1
[CombatFormulaModule:Initialize] Add new method with name : NanaDark_Skill05_CP1_F2
[CombatFormulaModule:Initialize] Add new method with name : NanaDark_Skill06_CP1_F1
[CombatFormulaModule:Initialize] Add new method with name : NanaDark_Skill06_CP1_F2
[CombatFormulaModule:Initialize] Add new method with name : Alice_Skill08_TP1_F1
[CombatFormulaModule:Initialize] Add new method with name : Sigrid_Skill35_F1
[CombatFormulaModule:Initialize] Add new method with name : Sigrid_Skill36_F1
[CombatFormulaModule:Initialize] Add new method with name : C_Skill13_F4
[CombatFormulaModule:Initialize] Add new method with name : C_PSkill13_F1
[CombatFormulaModule:Initialize] Add new method with name : Sigrid_PSkill03_F1
[CombatFormulaModule:Initialize] Add new method with name : Sigrid_PSkill04_F1
[CombatFormulaModule:Initialize] Add new method with name : Koharu_Skill15_TP1_F1
[CombatFormulaModule:Initialize] Add new method with name : Koharu_Skill16_TP1_F1
[CombatFormulaModule:Initialize] Add new method with name : Koharu_Skill17_TP1_F1
[CombatFormulaModule:Initialize] Add new method with name : C_Skill27_CP1_F1
[CombatFormulaModule:Initialize] Add new method with name : C_Skill28_CP1_F1
[CombatFormulaModule:Initialize] Add new method with name : C_Skill28_TP2_F1
[CombatFormulaModule:Initialize] Add new method with name : Skill_015
[CombatFormulaModule:Initialize] Add new method with name : Skill_016
[CombatFormulaModule:Initialize] Add new method with name : Skill_017
[CombatFormulaModule:Initialize] Add new method with name : Skill_018
[CombatFormulaModule:Initialize] Add new method with name : Skill_008
[CombatFormulaModule:Initialize] Add new method with name : Skill_035
[CombatFormulaModule:Initialize] Add new method with name : Skill_036
[CombatFormulaModule:Initialize] Add new method with name : Skill_039
[CombatFormulaModule:Initialize] Add new method with name : Skill_040
[CombatFormulaModule:Initialize] Add new method with name : Skill_041
[CombatFormulaModule:Initialize] Add new method with name : Skill_046
[CombatFormulaModule:Initialize] Add new method with name : Skill_047
[CombatFormulaModule:Initialize] Add new method with name : Hank_Skill02_XX
[CombatFormulaModule:Initialize] Add new method with name : Hank_Skill02_F1
[CombatFormulaModule:Initialize] Add new method with name : SHank_Skill02_F1
[CombatFormulaModule:Initialize] Add new method with name : Hank_Skill03_F1
[CombatFormulaModule:Initialize] Add new method with name : SHank_Skill03_F1
[CombatFormulaModule:Initialize] Add new method with name : Hank_Skill05_F1
[CombatFormulaModule:Initialize] Add new method with name : SHank_Skill05_F1
[CombatFormulaModule:Initialize] Add new method with name : Hank_Skill06_F1
[CombatFormulaModule:Initialize] Add new method with name : SHank_Skill06_F1
[CombatFormulaModule:Initialize] Add new method with name : Luna_Skill06_F1
[CombatFormulaModule:Initialize] Add new method with name : Luna_Skill07_F1
[CombatFormulaModule:Initialize] Add new method with name : Luna_Skill08_F1
[CombatFormulaModule:Initialize] Add new method with name : HuAn_Skill02_F1
[CombatFormulaModule:Initialize] Add new method with name : Sinagard_Skill01_F1
[CombatFormulaModule:Initialize] Add new method with name : SHuAn_Skill02_F1
[CombatFormulaModule:Initialize] Add new method with name : HuAn_Skill04_F1
[CombatFormulaModule:Initialize] Add new method with name : SHuAn_Skill04_F1
[CombatFormulaModule:Initialize] Add new method with name : HuAn_Skill05_F1
[CombatFormulaModule:Initialize] Add new method with name : SHuAn_Skill05_F1
[CombatFormulaModule:Initialize] Add new method with name : HuAn_Skill07_F1
[CombatFormulaModule:Initialize] Add new method with name : Sinagard_Skill02_F1
[CombatFormulaModule:Initialize] Add new method with name : SHuAn_Skill07_F1
[CombatFormulaModule:Initialize] Add new method with name : Deenine_Skill01_F1
[CombatFormulaModule:Initialize] Add new method with name : Deenine_Skill02_F1
[CombatFormulaModule:Initialize] Add new method with name : Deenine_Skill03_F1
[CombatFormulaModule:Initialize] Add new method with name : Deenine_Skill04_F1
[CombatFormulaModule:Initialize] Add new method with name : Essock_Skill02_F1
[CombatFormulaModule:Initialize] Add new method with name : Essock_Skill06_F1
[CombatFormulaModule:Initialize] Add new method with name : Yuan_Skill03_F1
[CombatFormulaModule:Initialize] Add new method with name : Yuan_Skill07_F1
[CombatFormulaModule:Initialize] Add new method with name : Thief_Skill01_F1
[CombatFormulaModule:Initialize] Add new method with name : Thief_Skill04_F1
[CombatFormulaModule:Initialize] Add new method with name : Lica_Skill04_F1
[CombatFormulaModule:Initialize] Add new method with name : Lica_Skill05_F1
[CombatFormulaModule:Initialize] Add new method with name : TEST_Skill09_F1
[CombatFormulaModule:Initialize] Add new method with name : TEST_Skill09_TP1_F1
[CombatFormulaModule:Initialize] Add new method with name : SDeenine_Skill03_F1
[CombatFormulaModule:Initialize] Add new method with name : SDeenine_Skill04_F1
[CombatFormulaModule:Initialize] Add new method with name : SDeenine_Skill01_F1
[CombatFormulaModule:Initialize] Add new method with name : Ellin_Skill03_F1
[CombatFormulaModule:Initialize] Add new method with name : Ellin_Skill06_F1
[CombatFormulaModule:Initialize] Add new method with name : Ellin_Skill07_F1
[CombatFormulaModule:Initialize] Add new method with name : Ellin_Skill10_F1
[CombatFormulaModule:Initialize] Add new method with name : Villa_Skill04_F1
[CombatFormulaModule:Initialize] Add new method with name : Villa_Skill07_F1
[CombatFormulaModule:Initialize] Add new method with name : Villa_Skill08_F1
[CombatFormulaModule:Initialize] Add new method with name : Villa_Skill08_F2
[CombatFormulaModule:Initialize] Add new method with name : Mage_Skill11_F1
[CombatFormulaModule:Initialize] Add new method with name : Fenci_Skill01_F1
[CombatFormulaModule:Initialize] Add new method with name : Mage_Skill12_F1
[CombatFormulaModule:Initialize] Add new method with name : Fenci_Skill02_F1
[CombatFormulaModule:Initialize] Add new method with name : NanaDark_Skill07_F1
[CombatFormulaModule:Initialize] Add new method with name : NanaDark_Skill08_F1
[CombatFormulaModule:Initialize] Add new method with name : Anthony_Skill01_F1
[CombatFormulaModule:Initialize] Add new method with name : Lowen_Skill01_F1
[CombatFormulaModule:Initialize] Add new method with name : Lowen_Skill02_F1
[CombatFormulaModule:Initialize] Add new method with name : Lowen_Skill03_F1
[CombatFormulaModule:Initialize] Add new method with name : Lowen_Skill04_F1
[CombatFormulaModule:Initialize] Add new method with name : Lowen_Skill05_F1
[CombatFormulaModule:Initialize] Add new method with name : Lowen_Skill06_F1
[CombatFormulaModule:Initialize] Add new method with name : Lowen_Skill07_F1
[CombatFormulaModule:Initialize] Add new method with name : Lowen_Skill08_F1
[CombatFormulaModule:Initialize] Add new method with name : Lowen_Skill09_F1
[CombatFormulaModule:Initialize] Add new method with name : Lowen_Skill10_F1
[CombatFormulaModule:Initialize] Add new method with name : Lowen_Skill11_F1
[CombatFormulaModule:Initialize] Add new method with name : Alice_Skill05_F1
[CombatFormulaModule:Initialize] Add new method with name : Alice_Skill10_F1
[CombatFormulaModule:Initialize] Add new method with name : Alice_Skill11_F1
[CombatFormulaModule:Initialize] Add new method with name : Counter_01_F1
[CombatFormulaModule:Initialize] Add new method with name : Counter_02_F1
[CombatFormulaModule:Initialize] Add new method with name : Counter_03_F1
[CombatFormulaModule:Initialize] Add new method with name : Counter_04_F1
[CombatFormulaModule:Initialize] Add new method with name : Counter_06_F1
[CombatFormulaModule:Initialize] Add new method with name : Counter_07_F1
[CombatFormulaModule:Initialize] Add new method with name : Counter_08_F1
[CombatFormulaModule:Initialize] Add new method with name : Counter_09_F1
[CombatFormulaModule:Initialize] Add new method with name : Koharu_Skill01_F1
[CombatFormulaModule:Initialize] Add new method with name : Koharu_Skill02_F1
[CombatFormulaModule:Initialize] Add new method with name : Koharu_Skill03_F1
[CombatFormulaModule:Initialize] Add new method with name : Koharu_Skill04_F1
[CombatFormulaModule:Initialize] Add new method with name : Koharu_Skill05_F1
[CombatFormulaModule:Initialize] Add new method with name : Koharu_Skill06_F1
[CombatFormulaModule:Initialize] Add new method with name : Koharu_Skill07_F1
[CombatFormulaModule:Initialize] Add new method with name : Koharu_Skill08_F1
[CombatFormulaModule:Initialize] Add new method with name : Koharu_Skill09_F1
[CombatFormulaModule:Initialize] Add new method with name : Koharu_Skill10_F1
[CombatFormulaModule:Initialize] Add new method with name : Koharu_Skill11_F1
[CombatFormulaModule:Initialize] Add new method with name : Koharu_Skill12_F1
[CombatFormulaModule:Initialize] Add new method with name : Koharu_Skill13_F1
[CombatFormulaModule:Initialize] Add new method with name : Koharu_Skill18_F1
[CombatFormulaModule:Initialize] Add new method with name : Koharu_Skill19_F1
[CombatFormulaModule:Initialize] Add new method with name : Koharu_Skill20_F1
[CombatFormulaModule:Initialize] Add new method with name : Koharu_Skill21_F1
[CombatFormulaModule:Initialize] Add new method with name : Koharu_Skill22_F1
[CombatFormulaModule:Initialize] Add new method with name : Koharu_Skill23_F1
[CombatFormulaModule:Initialize] Add new method with name : Koharu_Skill24_F1
[CombatFormulaModule:Initialize] Add new method with name : Koharu_Skill25_F1
[CombatFormulaModule:Initialize] Add new method with name : Koharu_Skill26_F1
[CombatFormulaModule:Initialize] Add new method with name : Koharu_Skill27_F1
[CombatFormulaModule:Initialize] Add new method with name : Koharu_Skill28_F1
[CombatFormulaModule:Initialize] Add new method with name : Koharu_Skill29_F1
[CombatFormulaModule:Initialize] Add new method with name : Koharu_Skill30_F1
[CombatFormulaModule:Initialize] Add new method with name : Koharu_Skill31_F1
[CombatFormulaModule:Initialize] Add new method with name : Koharu_Skill32_F1
[CombatFormulaModule:Initialize] Add new method with name : Koharu_Skill33_F1
[CombatFormulaModule:Initialize] Add new method with name : Koharu_Skill34_F1
[CombatFormulaModule:Initialize] Add new method with name : Sigrid_Skill01_F1
[CombatFormulaModule:Initialize] Add new method with name : Sigrid_Skill02_F1
[CombatFormulaModule:Initialize] Add new method with name : Sigrid_Skill03_F1
[CombatFormulaModule:Initialize] Add new method with name : Sigrid_Skill04_F1
[CombatFormulaModule:Initialize] Add new method with name : Sigrid_Skill05_F1
[CombatFormulaModule:Initialize] Add new method with name : Sigrid_Skill06_F1
[CombatFormulaModule:Initialize] Add new method with name : Sigrid_Skill07_F1
[CombatFormulaModule:Initialize] Add new method with name : Sigrid_Skill08_F1
[CombatFormulaModule:Initialize] Add new method with name : Sigrid_Skill09_F1
[CombatFormulaModule:Initialize] Add new method with name : Sigrid_Skill10_F1
[CombatFormulaModule:Initialize] Add new method with name : Sigrid_Skill11_F1
[CombatFormulaModule:Initialize] Add new method with name : Sigrid_Skill12_F1
[CombatFormulaModule:Initialize] Add new method with name : Sigrid_Skill13_F1
[CombatFormulaModule:Initialize] Add new method with name : Sigrid_Skill14_F1
[CombatFormulaModule:Initialize] Add new method with name : Sigrid_Skill15_F1
[CombatFormulaModule:Initialize] Add new method with name : Sigrid_Skill16_F1
[CombatFormulaModule:Initialize] Add new method with name : Sigrid_Skill17_F1
[CombatFormulaModule:Initialize] Add new method with name : Sigrid_Skill18_F1
[CombatFormulaModule:Initialize] Add new method with name : Sigrid_Skill33_F1
[CombatFormulaModule:Initialize] Add new method with name : Sigrid_Skill34_F1
[CombatFormulaModule:Initialize] Add new method with name : C_Skill01_F1
[CombatFormulaModule:Initialize] Add new method with name : Birianka_Skill01_F1
[CombatFormulaModule:Initialize] Add new method with name : C_Skill02_F1
[CombatFormulaModule:Initialize] Add new method with name : C_Skill03_F1
[CombatFormulaModule:Initialize] Add new method with name : C_Skill04_F1
[CombatFormulaModule:Initialize] Add new method with name : Birianka_Skill02_F1
[CombatFormulaModule:Initialize] Add new method with name : C_Skill05_F1
[CombatFormulaModule:Initialize] Add new method with name : C_Skill06_F1
[CombatFormulaModule:Initialize] Add new method with name : C_Skill07_F1
[CombatFormulaModule:Initialize] Add new method with name : C_Skill08_F1
[CombatFormulaModule:Initialize] Add new method with name : C_Skill09_F1
[CombatFormulaModule:Initialize] Add new method with name : C_Skill10_F1
[CombatFormulaModule:Initialize] Add new method with name : C_Skill11_F1
[CombatFormulaModule:Initialize] Add new method with name : Birianka_Skill03_F1
[CombatFormulaModule:Initialize] Add new method with name : C_Skill12_F1
[CombatFormulaModule:Initialize] Add new method with name : C_Skill13_F1
[CombatFormulaModule:Initialize] Add new method with name : C_Skill14_F1
[CombatFormulaModule:Initialize] Add new method with name : C_Skill15_F1
[CombatFormulaModule:Initialize] Add new method with name : C_Skill16_F1
[CombatFormulaModule:Initialize] Add new method with name : C_Skill17_F1
[CombatFormulaModule:Initialize] Add new method with name : C_Skill24_F1
[CombatFormulaModule:Initialize] Add new method with name : Hank_Skill02_PPPP
[CombatFormulaModule:Initialize] Add new method with name : Lica_Skill04_TP1_F1
[CombatFormulaModule:Initialize] Add new method with name : Lica_Skill05_TP1_F1
[CombatFormulaModule:Initialize] Add new method with name : Hank_Skill02_P_F1
[CombatFormulaModule:Initialize] Add new method with name : Hank_Skill06_P_F1
[CombatFormulaModule:Initialize] Add new method with name : Dale_Skill01_CP1_F1
[CombatFormulaModule:Initialize] Add new method with name : Dale_Skill02_CP1_F1
[CombatFormulaModule:Initialize] Add new method with name : Luna_Skill09_CP1_F1
[CombatFormulaModule:Initialize] Add new method with name : Villa_Skill06_F1
[CombatFormulaModule:Initialize] Add new method with name : Alice_Skill06_TP1_F1
[CombatFormulaModule:Initialize] Add new method with name : Koharu_PSkill06_F1
[CombatFormulaModule:Initialize] Add new method with name : Koharu_Skill12_TP1_F1
[CombatFormulaModule:Initialize] Add new method with name : Koharu_Skill33_TP1_F1
[CombatFormulaModule:Initialize] Add new method with name : Lowen_Skill03_TP1_F1
[CombatFormulaModule:Initialize] Add new method with name : Lowen_Skill04_TP1_F1
[CombatFormulaModule:Initialize] Add new method with name : Call_Hank_Skill02
[CombatFormulaModule:Initialize] Add new method with name : Call_SDeenine_Skill01
[CombatFormulaModule:Initialize] Add new method with name : Sigrid_Skill19_CP1_F1
[CombatFormulaModule:Initialize] Add new method with name : Sigrid_Skill20_CP1_F1
[CombatFormulaModule:Initialize] Add new method with name : Sigrid_Skill21_CP1_F1
[CombatFormulaModule:Initialize] Add new method with name : Sigrid_Skill22_CP1_F1
[CombatFormulaModule:Initialize] Add new method with name : C_Skill18_CP1_F1
[CombatFormulaModule:Initialize] Add new method with name : C_Skill19_CP1_F1
[CombatFormulaModule:Initialize] Add new method with name : C_Skill20_CP1_F1
[CombatFormulaModule:Initialize] Add new method with name : C_Skill21_CP1_F1
[CombatFormulaModule:Initialize] Add new method with name : C_Skill22_CP1_F1
[CombatFormulaModule:Initialize] Add new method with name : CM_Hank_Skill02
[CombatFormulaModule:Initialize] Add new method with name : CM_Group1
[CombatFormulaModule:Initialize] Add new method with name : TEST_SKILL_1
[CombatFormulaModule:Initialize] Add new method with name : GetActorOrder
[CombatFormulaModule:Initialize] Add new method with name : ActorRestoreTP
[CombatFormulaModule:Initialize] Add new method with name : CheckHit
[CombatFormulaModule:Initialize] Add new method with name : Luna_Skill02_TP1_Check
[CombatFormulaModule:Initialize] Add new method with name : Essock_Skill07_P_Check
[CombatFormulaModule:Initialize] Add new method with name : Hank_Skill01_P_Check
[CombatFormulaModule:Initialize] Add new method with name : Hank_Skill02_P_Check
[CombatFormulaModule:Initialize] Add new method with name : Hank_Skill06_P_Check
[CombatFormulaModule:Initialize] Add new method with name : HuAn_Skill06_TP1_Check
[CombatFormulaModule:Initialize] Add new method with name : HuAn_Skill08_TP1_Check
[CombatFormulaModule:Initialize] Add new method with name : Lica_Skill04_TP1_Check
[CombatFormulaModule:Initialize] Add new method with name : Lica_Skill05_TP1_Check
[CombatFormulaModule:Initialize] Add new method with name : C_Skill23_TP1_Check
[CombatFormulaModule:Initialize] Add new method with name : C_Skill24_TP1_Check
[CombatFormulaModule:Initialize] Add new method with name : C_Skill25_TP1_Check
[CombatFormulaModule:Initialize] Add new method with name : C_Skill26_TP1_Check
[CombatFormulaModule:Initialize] Add new controller with Type : AddAttr
[CombatFormulaModule:Initialize] Add new controller with Type : DamageClearGroup
[CombatFormulaModule:Initialize] Add new controller with Type : DamageClearMark
[CombatFormulaModule:Initialize] Add new controller with Type : Damage
[CombatFormulaModule:Initialize] Add new controller with Type : Dodge
[CombatFormulaModule:Initialize] Add new controller with Type : EmptyDamageClearGroup
[CombatFormulaModule:Initialize] Add new controller with Type : EmptyDamageClearMark
[CombatFormulaModule:Initialize] Add new controller with Type : EmptyDamage
[CombatFormulaModule:Initialize] Add new controller with Type : Idle
[CombatFormulaModule:Initialize] Add new controller with Type : AddHp_Hit
[CombatFormulaModule:Initialize] Add new controller with Type : AddHp
[CombatFormulaModule:Initialize] Add new controller with Type : AddTp
[CombatFormulaModule:Initialize] Add new controller with Type : AddTpStealEnemy
[CombatFormulaModule:Initialize] Add new controller with Type : Freeze
[CombatFormulaModule:Initialize] Add new controller with Type : HitRate
[CombatFormulaModule:Initialize] Add new controller with Type : HitRate_Mult
[CombatFormulaModule:Initialize] Add new controller with Type : TriggerSkill
[CombatFormulaModule:Initialize] Add new controller with Type : RecoverHp
[CombatFormulaModule:Initialize] Add new controller with Type : RecoverTp
[CombatFormulaModule:Initialize] Add new controller with Type : ReduceDamage
[CombatFormulaModule:Initialize] Add new controller with Type : Suicide
[Entry:AddModule] Add New module Type : Modules.CombatFormulaModule.
[Entry:AddModule] Add New module Type : Modules.CombatSkillModule.
[Entry:AddModule] Add New module Type : CombatSkipModule.
[Entry:AddModule] Add New module Type : Modules.CombatModule.
[Entry:ChangeState] Change game state to GameLoop.GameCombatState
PageTrainsIn: <color=#842B00>Combat</color>
[BaseDataTableLoader::CheckData]Data.PassiveSkillTable This ID not contains:Idle
[BaseDataTableLoader::CheckData]Data.PassiveSkillTable This ID not contains:Alice_Skill01
[BaseDataTableLoader::CheckData]Data.PassiveSkillTable This ID not contains:Alice_Skill02
[BaseDataTableLoader::CheckData]Data.PassiveSkillTable This ID not contains:Alice_Skill03
[BaseDataTableLoader::CheckData]Data.PassiveSkillTable This ID not contains:Alice_Skill04
[BaseDataTableLoader::CheckData]Data.PassiveSkillTable This ID not contains:Alice_Skill05
[BaseDataTableLoader::CheckData]Data.PassiveSkillTable This ID not contains:Alice_Skill06
[BaseDataTableLoader::CheckData]Data.PassiveSkillTable This ID not contains:Alice_Skill07
[BaseDataTableLoader::CheckData]Data.PassiveSkillTable This ID not contains:Alice_Skill08
[BaseDataTableLoader::CheckData]Data.PassiveSkillTable This ID not contains:Alice_Skill09
[BaseDataTableLoader::CheckData]Data.PassiveSkillTable This ID not contains:Alice_Skill10
[BaseDataTableLoader::CheckData]Data.PassiveSkillTable This ID not contains:Alice_Skill11
[BaseDataTableLoader::CheckData]Data.PassiveSkillTable This ID not contains:Alice_Skill12
[BaseDataTableLoader::CheckData]Data.PassiveSkillTable This ID not contains:
[BaseDataTableLoader::CheckData]Data.PassiveSkillTable This ID not contains:
[BaseDataTableLoader::CheckData]Data.PassiveSkillTable This ID not contains:
[BaseDataTableLoader::CheckData]Data.PassiveSkillTable This ID not contains:
[BaseDataTableLoader::CheckData]Data.PassiveSkillTable This ID not contains:
[BaseDataTableLoader::CheckData]Data.PassiveSkillTable This ID not contains:
[BaseDataTableLoader::CheckData]Data.PassiveSkillTable This ID not contains:
[BaseDataTableLoader::CheckData]Data.PassiveSkillTable This ID not contains:
PageTrainsOut: <color=#842B00>ExtraBattlePrepare</color>
<color=#0099bc><b>DOTWEEN ► </b></color>This Tween has been killed and is now invalid 
(Filename: C:\buildslave\unity\build\Runtime/Export/Debug/Debug.bindings.h Line: 39)

<color=#0099bc><b>DOTWEEN ► </b></color>This Tween has been killed and is now invalid 
(Filename: C:\buildslave\unity\build\Runtime/Export/Debug/Debug.bindings.h Line: 39)

The referenced script on this Behaviour (Game Object '<null>') is missing! 
(Filename:  Line: 334)

The referenced script on this Behaviour (Game Object '<null>') is missing! 
(Filename:  Line: 334)

The referenced script on this Behaviour (Game Object '<null>') is missing! 
(Filename:  Line: 334)

The referenced script on this Behaviour (Game Object '<null>') is missing! 
(Filename:  Line: 334)

The referenced script on this Behaviour (Game Object '<null>') is missing! 
(Filename:  Line: 334)

The referenced script on this Behaviour (Game Object '<null>') is missing! 
(Filename:  Line: 334)

【Acc】Koharu_Skill32:  Koharu:  0,7984813:  6,676333
<color=#0099bc><b>DOTWEEN ► </b></color>This Tween has been killed and is now invalid 
(Filename: C:\buildslave\unity\build\Runtime/Export/Debug/Debug.bindings.h Line: 39)

[CombatModule:OnAddPerformanceTimeEvent:Override. 0,4 / 0,4]
[Page_Combat:OnActorHitEvent] 圖片Key為空: 
[CombatModule:OnAddPerformanceTimeEvent:Add. 0,32 / 0,72]
The referenced script on this Behaviour (Game Object '<null>') is missing! 
(Filename:  Line: 334)

The referenced script on this Behaviour (Game Object '<null>') is missing! 
(Filename:  Line: 334)

The referenced script on this Behaviour (Game Object '<null>') is missing! 
(Filename:  Line: 334)

The referenced script on this Behaviour (Game Object '<null>') is missing! 
(Filename:  Line: 334)

[CombatModule:OnAddPerformanceTimeEvent:Add. 0,32 / 0,306172]
<color=#0099bc><b>DOTWEEN ► </b></color>This Tween has been killed and is now invalid 
(Filename: C:\buildslave\unity\build\Runtime/Export/Debug/Debug.bindings.h Line: 39)

<color=#0099bc><b>DOTWEEN ► </b></color>This Tween has been killed and is now invalid 
(Filename: C:\buildslave\unity\build\Runtime/Export/Debug/Debug.bindings.h Line: 39)

<color=#0099bc><b>DOTWEEN ► </b></color>This Tween has been killed and is now invalid 
(Filename: C:\buildslave\unity\build\Runtime/Export/Debug/Debug.bindings.h Line: 39)

The referenced script on this Behaviour (Game Object '<null>') is missing! 
(Filename:  Line: 334)

The referenced script on this Behaviour (Game Object '<null>') is missing! 
(Filename:  Line: 334)

The referenced script on this Behaviour (Game Object '<null>') is missing! 
(Filename:  Line: 334)

The referenced script on this Behaviour (Game Object '<null>') is missing! 
(Filename:  Line: 334)

The referenced script on this Behaviour (Game Object '<null>') is missing! 
(Filename:  Line: 334)

The referenced script on this Behaviour (Game Object '<null>') is missing! 
(Filename:  Line: 334)

【Acc】Koharu_Skill30:  Koharu:  0,9345735:  6,676333
<color=#0099bc><b>DOTWEEN ► </b></color>This Tween has been killed and is now invalid 
(Filename: C:\buildslave\unity\build\Runtime/Export/Debug/Debug.bindings.h Line: 39)

[CombatModule:OnAddPerformanceTimeEvent:Override. 0,4 / 0,4]
[Page_Combat:OnActorHitEvent] 圖片Key為空: 
[CombatModule:OnAddPerformanceTimeEvent:Add. 0,32 / 0,72]
The referenced script on this Behaviour (Game Object '<null>') is missing! 
(Filename:  Line: 334)

The referenced script on this Behaviour (Game Object '<null>') is missing! 
(Filename:  Line: 334)

[Entry:RemoveModule] Module CombatSkipModule is Removed.
[CombatModule:OnAddPerformanceTimeEvent:Add. 0,5 / 0,5]
[BaseDataTableLoader:Dispose] Data.SteamAchievementTable is dispose.
[BaseDataTableLoader:Dispose] Data.CharacterTable is dispose.
[BaseDataTableLoader:Dispose] Data.TrainingTable is dispose.
[BaseDataTableLoader:Dispose] Data.ShopTable is dispose.
[BaseDataTableLoader:Dispose] Data.ItemTable is dispose.
[BaseDataTableLoader:Dispose] Data.FacilityTable is dispose.
[BaseDataTableLoader:Dispose] Data.InitialTable is dispose.
[BaseDataTableLoader:Dispose] Data.RoutineTable is dispose.
[BaseDataTableLoader:Dispose] Data.TournamentTable is dispose.
[BaseDataTableLoader:Dispose] Data.ActiveSkillTable is dispose.
[BaseDataTableLoader:Dispose] Data.PassiveSkillTable is dispose.
[BaseDataTableLoader:Dispose] Data.SkillLearningTable is dispose.
[BaseDataTableLoader:Dispose] Data.ConditionTable is dispose.
[BaseDataTableLoader:Dispose] Data.CommandRuleTable is dispose.
[BaseDataTableLoader:Dispose] Data.AIFlowTable is dispose.
[BaseDataTableLoader:Dispose] Data.SubEventTable is dispose.
[BaseDataTableLoader:Dispose] MemoryTable is dispose.
[BaseDataTableLoader:Dispose] HSceneMemoryTable is dispose.
[BaseDataTableLoader:Dispose] Data.TachiePerformanceTable is dispose.
[BaseDataTableLoader:Dispose] Data.CreditTable is dispose.
[BaseDataTableLoader:Dispose] Data.AudioMapTable is dispose.
[BaseDataTableLoader:Dispose] Data.StreamerStoryMapTable is dispose.
Setting up 4 worker threads for Enlighten.
  Thread -> id: 6070 -> priority: 1 
  Thread -> id: 579c -> priority: 1 
  Thread -> id: 6134 -> priority: 1 
  Thread -> id: 491c -> priority: 1 
