Godot Engine v4.6.2.stable.official.71f334935 - https://godotengine.org
D3D12 12_0 - Forward+ - Using Device #0: AMD - AMD Radeon RX 7700 XT

ID valid
Shelter available (Cabin) -> Load available
Driver Detected: d3d12
Method Detected: forward_plus
Shelter available (Cabin) -> Load available
LOAD: World
LOAD: Character
LOAD: Cabin
Transition: Village
Current time: 440 Travel time: 0 Arrival time: 440
SAVE: Character
SAVE: World
SAVE: Cabin
AI Spawner: Pools created
AI Spawner: Agent active (Guard)
Hider spawned
AI Spawner: Agent active (Wanderer)
LOAD: World
LOAD: Character
Event Selected (Dynamic): Fighter Jets | Roll: 82/25
Event Activated (Trader): Generalist returns to Village
Killbox (Item Clear): Jeans_Black
Transition: Cabin
Current time: 494 Travel time: 0 Arrival time: 494
SAVE: Character
SAVE: World
LOAD: World
LOAD: Character
LOAD: Cabin
SAVE: World
SAVE: Character
SAVE: Cabin
ID valid
Shelter available (Cabin) -> Load available
Driver Detected: d3d12
Method Detected: forward_plus
