Godot Engine v4.6.2.stable.official.71f334935 - https://godotengine.org
D3D12 12_0 - Forward+ - Using Device #0: AMD - AMD Radeon RX 7700 XT

ID valid
Shelter available (Cabin) -> Load available
Driver Detected: d3d12
Method Detected: forward_plus
Shelter available (Cabin) -> Load available
LOAD: World
LOAD: Character
LOAD: Cabin
Transition: Village
Current time: 533 Travel time: 0 Arrival time: 533
SAVE: Character
SAVE: World
SAVE: Cabin
AI Spawner: Pools created
AI Spawner: Agent active (Guard)
AI Spawner: Agent active (Wanderer)
LOAD: World
LOAD: Character
Event Selected (Dynamic): Fighter Jets | Roll: 31/25
Event Activated (Trader): Generalist returns to Village
Killbox (Item Clear): Book_Children
AI Spawner: Agent active (Wanderer)
AI: No available vantage points -> Combat
AI Spawner: Agent active (Wanderer)
AI: No available vantage points -> Combat
AI: Process ended
AI: No available vantage points -> Combat
AI: No available cover points -> Combat
LOAD: Traders (Generalist)
AI: No available cover points -> Combat
SAVE: Traders (Generalist)
LOAD: Traders (Generalist)
SAVE: Traders (Generalist)
LOAD: Traders (Generalist)
Message: New Furniture Added [Catalog]
AI: No available hide points
SAVE: Traders (Generalist)
LOAD: Traders (Generalist)
Simulation: Weather (Rain)
SAVE: Traders (Generalist)
LOAD: Traders (Generalist)
Message: Task Completed: Bad Habits
SAVE: Traders (Generalist)
SAVE: Traders (Generalist)
LOAD: Traders (Generalist)
SAVE: Traders (Generalist)
LOAD: Traders (Generalist)
SAVE: Traders (Generalist)
Transition: Cabin
Current time: 744 Travel time: 0 Arrival time: 744
SAVE: Character
SAVE: World
LOAD: World
LOAD: Character
LOAD: Cabin
SAVE: World
SAVE: Character
SAVE: Cabin
ID valid
Shelter available (Cabin) -> Load available
Driver Detected: d3d12
Method Detected: forward_plus
