Godot Engine v4.6.2.stable.official.71f334935 - https://godotengine.org
D3D12 12_0 - Forward+ - Using Device #0: AMD - AMD Radeon RX 7700 XT

ID valid
Shelter available (Cabin) -> Load available
Driver Detected: d3d12
Method Detected: forward_plus
Shelter available (Cabin) -> Load available
LOAD: World
LOAD: Character
LOAD: Cabin
Transition: Village
Current time: 1127 Travel time: 0 Arrival time: 1127
SAVE: Character
SAVE: World
SAVE: Cabin
AI Spawner: Pools created
AI Spawner: Agent active (Guard)
AI Spawner: Agent active (Wanderer)
LOAD: World
LOAD: Character
Event Activated (Trader): Generalist returns to Village
Killbox (Item Clear): Polaris
Killbox (Item Clear): Map
Killbox (Item Clear): Jeans_Black
Killbox (Item Clear): Book_Children
AI Spawner: Agent active (Wanderer)
LOAD: Traders (Generalist)
Message: New Furniture Added [Catalog]
Message: Task Completed: Prime Time
SAVE: Traders (Generalist)
Message: New Furniture Added [Catalog]
SAVE: Traders (Generalist)
LOAD: Traders (Generalist)
SAVE: Traders (Generalist)
AI: No available cover points -> Combat
AI: No available cover points -> Combat
AI: No available vantage points -> Combat
AI: No available vantage points -> Combat
AI: No available hide points
AI: No available hide points
Simulation: Weather (Rain)
AI: No available hide points
AI: No available vantage points -> Combat
AI: No available vantage points -> Combat
AI: No available vantage points -> Combat
AI: No available vantage points -> Combat
AI: No available hide points
AI: No available hide points
AI: No available hide points
AI: No available vantage points -> Combat
AI: Process ended
AI Spawner: Agent active (Wanderer)
AI: No available vantage points -> Combat
AI: No available vantage points -> Combat
AI: No available vantage points -> Combat
AI: No available hide points
AI: No available hide points
AI: No available hide points
AI: No available vantage points -> Combat
AI: No available vantage points -> Combat
AI: No available vantage points -> Combat
AI: No available cover points -> Combat
AI: No available hide points
LOAD: Traders (Generalist)
AI: No available cover points -> Combat
SAVE: Traders (Generalist)
LOAD: Traders (Generalist)
AI: No available cover points -> Combat
AI: No available hide points
AI: No available hide points
AI: No available hide points
AI: No available cover points -> Combat
AI: No available vantage points -> Combat
AI: No available cover points -> Combat
AI: No available hide points
AI: No available vantage points -> Combat
AI: No available hide points
Simulation: Weather (Neutral)
SAVE: Traders (Generalist)
LOAD: Traders (Generalist)
SAVE: Traders (Generalist)
AI: No available cover points -> Combat
AI: No available hide points
AI: No available hide points
AI: No available hide points
AI: No available hide points
AI: No available vantage points -> Combat
AI: No available hide points
AI: No available hide points
AI: No available vantage points -> Combat
AI: No available cover points -> Combat
AI: No available cover points -> Combat
AI: No available hide points
AI: No available vantage points -> Combat
AI: No available cover points -> Combat
AI: No available hide points
AI: No available cover points -> Combat
AI: No available hide points
AI: No available vantage points -> Combat
AI: No available vantage points -> Combat
AI: No available hide points
AI: No available vantage points -> Combat
AI: No available cover points -> Combat
AI: No available hide points
AI: No available vantage points -> Combat
Simulation: Weather (Neutral)
AI: No available vantage points -> Combat
Hit: LIMBS
Hit: TORSO
Hit: HEAD
Hit: HEAD
Hit: TORSO
AI Spawner: Agent active (Wanderer)
AI: Process ended
AI: No available hide points
AI: No available vantage points -> Combat
AI: No available cover points -> Combat
AI: No available cover points -> Combat
LOAD: Traders (Generalist)
SAVE: Traders (Generalist)
AI: No available vantage points -> Combat
AI: No available hide points
LOAD: Traders (Generalist)
AI: No available hide points
AI: No available vantage points -> Combat
AI: No available cover points -> Comb