Godot Engine v4.6.2.stable.official.71f334935 - https://godotengine.org
D3D12 12_0 - Forward+ - Using Device #0: AMD - AMD Radeon RX 7700 XT

ID valid
Shelter available (Cabin) -> Load available
Driver Detected: d3d12
Method Detected: forward_plus
Shelter available (Cabin) -> Load available
LOAD: World
LOAD: Character
LOAD: Cabin
Current: 1767 Sleep: 900 Wake: 267
Message: You slept 9 hours
Simulation: Weather (Neutral)
Transition: Village
Current time: 309 Travel time: 0 Arrival time: 309
SAVE: Character
SAVE: World
SAVE: Cabin
AI Spawner: Pools created
AI Spawner: Agent active (Guard)
Hider spawned
AI Spawner: Agent active (Wanderer)
LOAD: World
LOAD: Character
Event Selected (Dynamic): Fighter Jets | Roll: 61/25
Event Activated (Trader): Generalist returns to Village
WARNING: ObjectDB instances leaked at exit (run with --verbose for details).
   at: cleanup (core/object/object.cpp:2641)
