Godot Engine v4.6.2.stable.official.71f334935 - https://godotengine.org
D3D12 12_0 - Forward+ - Using Device #0: AMD - AMD Radeon RX 7700 XT

ID valid
Shelter available (Tent) -> Load available
Driver Detected: d3d12
Method Detected: forward_plus
Shelter available (Tent) -> Load available
LOAD: World
LOAD: Character
LOAD: Tent
SAVE: World
SAVE: Character
SAVE: Tent
ID valid
Shelter available (Tent) -> Load available
Driver Detected: d3d12
Method Detected: forward_plus
Shelter available (Tent) -> Load available
LOAD: World
LOAD: Character
LOAD: Tent
Transition: Outpost
Current time: 1876 Travel time: 0 Arrival time: 1876
SAVE: Character
SAVE: World
SAVE: Tent
AI Spawner: Pools created
AI Spawner: Agent active (Wanderer)
LOAD: World
LOAD: Character
Event Selected (Dynamic): Fighter Jets | Roll: 89/25
AI Spawner: Agent active (Wanderer)
AI: No available cover points -> Combat
AI Spawner: Agent active (Wanderer)
AI: No available vantage points -> Combat
AI: No available hide points
AI: No available vantage points -> Combat
AI: No available cover points -> Combat
AI: No available hide points
AI: Process ended
AI Spawner: Agent active (Wanderer)
AI: No available vantage points -> Combat
AI: No available hide points
AI: Process ended
AI: No available vantage points -> Combat
AI Spawner: Agent active (Wanderer)
AI: No available hide points
AI: No available hide points
AI Spawner: Agent active (Wanderer)
AI: Process ended
AI: No available hide points
AI: No available cover points -> Combat
AI: No available vantage points -> Combat
Transition: Tent
Current time: 2020 Travel time: 0 Arrival time: 2020
SAVE: Character
SAVE: World
LOAD: World
LOAD: Character
LOAD: Tent
SAVE: World
SAVE: Character
SAVE: Tent
ID valid
Shelter available (Tent) -> Load available
Driver Detected: d3d12
Method Detected: forward_plus
nts
AI: No available vantage points -> Combat
AI: Process ended
AI Spawner: Agent active (Wanderer)
AI Spawner: Agent active (Wanderer)
AI: No available vantage points -> Combat
AI: No available cover points -> Combat
AI: No available hide points
AI: No available cover points -> Combat
AI: No available hide points
AI: No available hide points
AI: No available hide points
AI: No available cover points -> Combat
AI: No available hide points
AI: No available hide points
Transition: Tent
Current time: 1192 Travel time: 0 Arrival time: 1192
SAVE: Character
SAVE: World
LOAD: World
LOAD: Character
LOAD: Tent
SAVE: World
SAVE: Character
SAVE: Tent
ID valid
Shelter available (Tent) -> Load available
Driver Detected: d3d12
Method Detected: forward_plus
Shelter available (Tent) -> Load available
LOAD: World
LOAD: Character
LOAD: Tent
Transition: Outpost
Current time: 1204 Travel time: 0 Arrival time: 1204
SAVE: Character
SAVE: World
SAVE: Tent
AI Spawner: Pools created
Hider spawned
AI Spawner: Agent active (Wanderer)
LOAD: World
LOAD: Character
Event Selected (Dynamic): Fighter Jets | Roll: 45/25
Killbox (Item Clear): Ammo_762x39
Transition: School
Current time: 1212 Travel time: 200 Arrival time: 1412
SAVE: Character
SAVE: World
AI Spawner: Pools created
AI Spawner: Agent active (Guard)
AI Spawner: Agent active (Wanderer)
LOAD: World
LOAD: Character
Event Selected (Dynamic): Fighter Jets | Roll: 35/25
Event Activated (Trader): Doctor returns to School
Killbox (Item Clear): Battery_Cables
Killbox (Item Clear): Canned_Tuna
Killbox (Item Clear): Sticks
Simulation: Weather (Storm)
AI Spawner: Agent active (Wanderer)
LOAD: Traders (Doctor)
SAVE: Traders (Doctor)
LOAD: Traders (Doctor)
SAVE: Traders (Doctor)
AI: Process ended
AI Spawner: Agent active (Wanderer)
Simulation: Weather (Wind)
AI: Process ended
Hit: TORSO
Hit: TORSO
Hit: LIMBS
Hit: TORSO
Hit: LIMBS
Hit: TORSO
SAVE: World
Loader: Reset Character
DEATH: Standard
Hit: TORSO
Hit: HEAD
Hit: TORSO
Hit: LIMBS
Hit: HEAD
Hit: LIMBS
Hit: LIMBS
Hit: TORSO
Hit: HEAD
Hit: HEAD
Hit: TORSO
Hit: LIMBS
Hit: LIMBS
Shelter available (Tent) -> Load available
ID valid
Shelter available (Tent) -> Load available
Driver Detected: d3d12
Method Detected: forward_plus
Shelter available (Tent) -> Load availab