Initialize engine version: 2020.3.48f1 (b805b124c6b7)
[Subsystems] Discovering subsystems at path D:/OwO/Take.Me.To.The.Dungeon.v1.6.0r7/Take.Me.To.The.Dungeon.v1.6.0r7/Take Me To The Dungeon!!_Data/UnitySubsystems
GfxDevice: creating device client; threaded=1
Direct3D:
    Version:  Direct3D 11.0 [level 11.1]
    Renderer: AMD Radeon RX 7700 XT (ID=0x747e)
    Vendor:   
    VRAM:     12060 MB
    Driver:   32.0.13031.3015
D3D11 device created for Microsoft Media Foundation video decoding.
<RI> Initializing input.
New input system (experimental) initialized
Using XInput
<RI> Initialized touch support.
UnloadTime: 4.431800 ms
ble is not support.
UnityEngine.Logger:Log(LogType, Object)
UnityEngine.Debug:LogError(Object)
Lovense.UnityKit.WinBle.LovenseWinBleTools:SceneAwake()

[1] App Start
UnityEngine.Logger:Log(LogType, Object)
UnityEngine.Debug:Log(Object)
<ProcessStartGame>d__2:MoveNext()
UnityEngine.SetupCoroutine:InvokeMoveNext(IEnumerator, IntPtr)

[3] Game Init
UnityEngine.Logger:Log(LogType, Object)
UnityEngine.Debug:Log(Object)
<ProcessStartGame>d__1:MoveNext()
UnityEngine.SetupCoroutine:InvokeMoveNext(IEnumerator, IntPtr)

[3] Game Load
UnityEngine.Logger:Log(LogType, Object)
UnityEngine.Debug:Log(Object)
<ProcessStartGame>d__1:MoveNext()
UnityEngine.SetupCoroutine:InvokeMoveNext(IEnumerator, IntPtr)

[3] Load i18n
UnityEngine.Logger:Log(LogType, Object)
UnityEngine.Debug:Log(Object)
<Load>d__52:MoveNext()
UnityEngine.SetupCoroutine:InvokeMoveNext(IEnumerator, IntPtr)

[3] Load Lang -> EN
UnityEngine.Logger:Log(LogType, Object)
UnityEngine.Debug:Log(Object)
GameLocalization:Load(GameLanguage)
<Load>d__52:MoveNext()
UnityEngine.SetupCoroutine:InvokeMoveNext(IEnumerator, IntPtr)

[3] Load Game Setting
UnityEngine.Logger:Log(LogType, Object)
UnityEngine.Debug:Log(Object)
<Load>d__52:MoveNext()
UnityEngine.SetupCoroutine:InvokeMoveNext(IEnumerator, IntPtr)

[3] Load Setting Elapsed = 51ms
UnityEngine.Logger:Log(LogType, Object)
UnityEngine.Debug:Log(Object)
OHD.Setting.GameSettingDatastoreList:LoadAllSetting()
<Load>d__52:MoveNext()
UnityEngine.SetupCoroutine:InvokeMoveNext(IEnumerator, IntPtr)

[3] Load Keywords
UnityEngine.Logger:Log(LogType, Object)
UnityEngine.Debug:Log(Object)
<Load>d__52:MoveNext()
UnityEngine.SetupCoroutine:InvokeMoveNext(IEnumerator, IntPtr)

[3] Bind Main Event
UnityEngine.Logger:Log(LogType, Object)
UnityEngine.Debug:Log(Object)
<Load>d__52:MoveNext()
UnityEngine.SetupCoroutine:InvokeMoveNext(IEnumerator, IntPtr)

[3] Load Rate Machine
UnityEngine.Logger:Log(LogType, Object)
UnityEngine.Debug:Log(Object)
<Load>d__52:MoveNext()
UnityEngine.SetupCoroutine:InvokeMoveNext(IEnumerator, IntPtr)

[3] Load Game Time
UnityEngine.Logger:Log(LogType, Object)
UnityEngine.Debug:Log(Object)
<Load>d__52:MoveNext()
UnityEngine.SetupCoroutine:InvokeMoveNext(IEnumerator, IntPtr)

[3] Load Manager - Asset Bundle
UnityEngine.Logger:Log(LogType, Object)
UnityEngine.Debug:Log(Object)
<Load>d__52:MoveNext()
UnityEngine.SetupCoroutine:InvokeMoveNext(IEnumerator, IntPtr)

[4] Load Manager - Game Update Delegator
UnityEngine.Logger:Log(LogType, Object)
UnityEngine.Debug:Log(Object)
<Load>d__52:MoveNext()
UnityEngine.SetupCoroutine:InvokeMoveNext(IEnumerator, IntPtr)

[4] Change Update Type = None -> Title
UnityEngine.Logger:Log(LogType, Object)
UnityEngine.Debug:Log(Object)
OHD.GameObjects.GameUpdateDelegator:Switch(TargetType, Boolean)
<Load>d__52:MoveNext()
UnityEngine.SetupCoroutine:InvokeMoveNext(IEnumerator, IntPtr)

[4] Load Manager - Audio
UnityEngine.Logger:Log(LogType, Object)
UnityEngine.Debug:Log(Object)
<Load>d__52:MoveNext()
UnityEngine.SetupCoroutine:InvokeMoveNext(IEnumerator, IntPtr)

[4] Load Dialog Log Recorder
UnityEngine.Logger:Log(LogType, Object)
UnityEngine.Debug:Log(Object)
<Load>d__52:MoveNext()
UnityEngine.SetupCoroutine:InvokeMoveNext(IEnumerator, IntPtr)

[4] Load Game User
UnityEngine.Logger:Log(LogType, Object)
UnityEngine.Debug:Log(Object)
GameInstance:LoadUser()
<ProcessStartGame>d__1:MoveNext()
UnityEngine.SetupCoroutine:InvokeMoveNext(IEnumerator, IntPtr)

[4] Load Resource
UnityEngine.Logger:Log(LogType, Object)
UnityEngine.Debug:Log(Object)
<ProcessStartGame>d__1:MoveNext()
UnityEngine.SetupCoroutine:InvokeMoveNext(IEnumerator, IntPtr)

[4] Steam Manager - Initialized
UnityEngine.Logger:Log(LogType, Object)
UnityEngine.Debug:Log(Object)
<Init>d__12:MoveNext()
UnityEngine.SetupCoroutine:InvokeMoveNext(IEnumerator, IntPtr)

[7] Steam Manager Initialized -> k_EResultOK
UnityEngine.Logger:Log(LogType, Object)
UnityEngine.Debug:Log(Object)
GameUser_SteamHelper:OnUserStatsReceived(UserStatsReceived_t)
System.Action`1:Invoke(T)
Steamworks.Callback`1:OnRunCallback(IntPtr)
Steamworks.CallbackDispatcher:RunFrame(Boolean)

[7] Steam Manager - True
UnityEngine.Logger:Log(LogType, Object)
UnityEngine.Debug:Log(Object)
<Init>d__12:MoveNext()
UnityEngine.SetupCoroutine:InvokeMoveNext(IEnumerator, IntPtr)

[81] Load Title Scene
UnityEngine.Logger:Log(LogType, Object)
UnityEngine.Debug:Log(Object)
<ProcessStartGame>d__1:MoveNext()
UnityEngine.SetupCoroutine:InvokeMoveNext(IEnumerator, IntPtr)

[434] Execute Event -> ani01
UnityEngine.Logger:Log(LogType, Object)
UnityEngine.Debug:Log(Object)
OHD.GameObjects.Spines.AnimatedCG:ExecuteEvent(String)
OHD.UI.AnimatedCGUIViewController:SetStageId(Int32)
OHD.UI.AnimatedCGUIViewController:Internal_Load(AnimatedCG)
OHD.UI.AnimatedCGUIViewController:Load(String)
OHD.UI.<OnTransitShow>d__49:MoveNext()
UnityEngine.SetupCoroutine:InvokeMoveNext(IEnumerator, IntPtr)

[434] Spine Object Event Start : AnimatedCGEvent_PlayAnimation
UnityEngine.Logger:Log(LogType, Object)
UnityEngine.Debug:Log(Object)
OHD.GameObjects.Spines.AnimatedCGEventAsset:StartEvent(AnimatedCG)
OHD.GameObjects.Spines.EventEntry:Start(AnimatedCG)
OHD.GameObjects.Spines.AnimatedCG:SetCurrentEventEntry(EventEntry, Boolean)
OHD.GameObjects.Spines.AnimatedCG:ExecuteEvent(String)
OHD.UI.AnimatedCGUIViewController:SetStageId(Int32)
OHD.UI.AnimatedCGUIViewController:Internal_Load(AnimatedCG)
OHD.UI.AnimatedCGUIViewController:Load(String)
OHD.UI.<OnTransitShow>d__49:MoveNext()
UnityEngine.SetupCoroutine:InvokeMoveNext(IEnumerator, IntPtr)

[434] Play Anim -> animation01 []
UnityEngine.Logger:Log(LogType, Object)
UnityEngine.Debug:Log(Object)
OHD.GameObjects.Spines.AnimatedCGEvent_PlayAnimation:OnExecuteEvent(AnimatedCG)
OHD.GameObjects.Spines.EventEntry:Execute(AnimatedCG)
OHD.GameObjects.Spines.AnimatedCG:SetCurrentEventEntry(EventEntry, Boolean)
OHD.GameObjects.Spines.AnimatedCG:ExecuteEvent(String)
OHD.UI.AnimatedCGUIViewController:SetStageId(Int32)
OHD.UI.AnimatedCGUIViewController:Internal_Load(AnimatedCG)
OHD.UI.AnimatedCGUIViewController:Load(String)
OHD.UI.<OnTransitShow>d__49:MoveNext()
UnityEngine.SetupCoroutine:InvokeMoveNext(IEnumerator, IntPtr)

[913] Execute Event -> ani02
UnityEngine.Logger:Log(LogType, Object)
UnityEngine.Debug:Log(Object)
OHD.GameObjects.Spines.AnimatedCG:ExecuteEvent(String)
OHD.UI.AnimatedCGUIViewController:SetStageId(Int32)
UnityEngine.AndroidJavaRunnable:Invoke()
UnityEngine.Events.InvokableCall:Invoke()
UnityEngine.Events.UnityEvent:Invoke()
System.Xml.XmlNodeChangedEventHandler:Invoke(Object, XmlNodeChangedEventArgs)
UnityEngine.EventSystems.ExecuteEvents:Execute(GameObject, BaseEventData, EventFunction`1)
UnityEngine.InputSystem.UI.InputSystemUIInputModule:ProcessPointerButton(ButtonState&, PointerEventData)
UnityEngine.InputSystem.UI.InputSystemUIInputModule:ProcessPointer(PointerModel&)
UnityEngine.InputSystem.UI.InputSystemUIInputModule:Process()
UnityEngine.EventSystems.EventSystem:Update()

[913] Spine Object Event Start : AnimatedCGEvent_PlayAnimation
UnityEngine.Logger:Log(LogType, Object)
UnityEngine.Debug:Log(Object)
OHD.GameObjects.Spines.AnimatedCGEventAsset:StartEvent(AnimatedCG)
OHD.GameObjects.Spines.EventEntry:Start(AnimatedCG)
OHD.GameObjects.Spines.AnimatedCG:SetCurrentEventEntry(EventEntry, Boolean)
OHD.GameObjects.Spines.AnimatedCG:ExecuteEvent(String)
OHD.UI.AnimatedCGUIViewController:SetStageId(Int32)
UnityEngine.AndroidJavaRunnable:Invoke()
UnityEngine.Events.InvokableCall:Invoke()
UnityEngine.Events.UnityEvent:Invoke()
System.Xml.XmlNodeChangedEventHandler:Invoke(Object, XmlNodeChangedEventArgs)
UnityEngine.EventSystems.ExecuteEvents:Execute(GameObject, BaseEventData, EventFunction`1)
UnityEngine.InputSystem.UI.InputSystemUIInputModule:ProcessPointerButton(ButtonState&, PointerEventData)
UnityEngine.InputSystem.UI.InputSystemUIInputModule:ProcessPointer(PointerModel&)
UnityEngine.InputSystem.UI.InputSystemUIInputModule:Process()
UnityEngine.EventSystems.EventSystem:Update()

[913] Play Anim -> animation02 []
UnityEngine.Logger:Log(LogType, Object)
UnityEngine.Debug:Log(Object)
OHD.GameObjects.Spines.AnimatedCGEvent_PlayAnimation:OnExecuteEvent(AnimatedCG)
OHD.GameObjects.Spines.EventEntry:Execute(AnimatedCG)
OHD.GameObjects.Spines.AnimatedCG:SetCurrentEventEntry(EventEntry, Boolean)
OHD.GameObjects.Spines.AnimatedCG:ExecuteEvent(String)
OHD.UI.AnimatedCGUIViewController:SetStageId(Int32)
UnityEngine.AndroidJavaRunnable:Invoke()
UnityEngine.Events.InvokableCall:Invoke()
UnityEngine.Events.UnityEvent:Invoke()
System.Xml.XmlNodeChangedEventHandler:Invoke(Object, XmlNodeChangedEventArgs)
UnityEngine.EventSystems.ExecuteEvents:Execute(GameObject, BaseEventData, EventFunction`1)
UnityEngine.InputSystem.UI.InputSystemUIInputModule:ProcessPointerButton(ButtonState&, PointerEventData)
UnityEngine.InputSystem.UI.InputSystemUIInputModule:ProcessPointer(PointerModel&)
UnityEngine.InputSystem.UI.InputSystemUIInputModule:Process()
UnityEngine.EventSystems.EventSystem:Update()

[369] Execute Event -> ani03
UnityEngine.Logger:Log(LogType, Object)
UnityEngine.Debug:Log(Object)
OHD.GameObjects.Spines.AnimatedCG:ExecuteEvent(String)
OHD.UI.AnimatedCGUIViewController:SetStageId(Int32)
UnityEngine.AndroidJavaRunnable:Invoke()
UnityEngine.Events.InvokableCall:Invoke()
UnityEngine.Events.UnityEvent:Invoke()
System.Xml.XmlNodeChangedEventHandler:Invoke(Object, XmlNodeChangedEventArgs)
UnityEngine.EventSystems.ExecuteEvents:Execute(GameObject, BaseEventData, EventFunction`1)
UnityEngine.InputSystem.UI.InputSystemUIInputModule:ProcessPointerButton(ButtonState&, PointerEventData)
UnityEngine.InputSystem.UI.InputSystemUIInputModule:ProcessPointer(PointerModel&)
UnityEngine.InputSystem.UI.InputSystemUIInputModule:Process()
UnityEngine.EventSystems.EventSystem:Update()

[369] Spine Object Event Start : AnimatedCGEvent_PlayAnimation
UnityEngine.Logger:Log(LogType, Object)
UnityEngine.Debug:Log(Object)
OHD.GameObjects.Spines.AnimatedCGEventAsset:StartEvent(AnimatedCG)
OHD.GameObjects.Spines.EventEntry:Start(AnimatedCG)
OHD.GameObjects.Spines.AnimatedCG:SetCurrentEventEntry(EventEntry, Boolean)
OHD.GameObjects.Spines.AnimatedCG:ExecuteEvent(String)
OHD.UI.AnimatedCGUIViewController:SetStageId(Int32)
UnityEngine.AndroidJavaRunnable:Invoke()
UnityEngine.Events.InvokableCall:Invoke()
UnityEngine.Events.UnityEvent:Invoke()
System.Xml.XmlNodeChangedEventHandler:Invoke(Object, XmlNodeChangedEventArgs)
UnityEngine.EventSystems.ExecuteEvents:Execute(GameObject, BaseEventData, EventFunction`1)
UnityEngine.InputSystem.UI.InputSystemUIInputModule:ProcessPointerButton(ButtonState&, PointerEventData)
UnityEngine.InputSystem.UI.InputSystemUIInputModule:ProcessPointer(PointerModel&)
UnityEngine.InputSystem.UI.InputSystemUIInputModule:Process()
UnityEngine.EventSystems.EventSystem:Update()

[369] Play Anim -> animation03 []
UnityEngine.Logger:Log(LogType, Object)
UnityEngine.Debug:Log(Object)
OHD.GameObjects.Spines.AnimatedCGEvent_PlayAnimation:OnExecuteEvent(AnimatedCG)
OHD.GameObjects.Spines.EventEntry:Execute(AnimatedCG)
OHD.GameObjects.Spines.AnimatedCG:SetCurrentEventEntry(EventEntry, Boolean)
OHD.GameObjects.Spines.AnimatedCG:ExecuteEvent(String)
OHD.UI.AnimatedCGUIViewController:SetStageId(Int32)
UnityEngine.AndroidJavaRunnable:Invoke()
UnityEngine.Events.InvokableCall:Invoke()
UnityEngine.Events.UnityEvent:Invoke()
System.Xml.XmlNodeChangedEventHandler:Invoke(Object, XmlNodeChangedEventArgs)
UnityEngine.EventSystems.ExecuteEvents:Execute(GameObject, BaseEventData, EventFunction`1)
UnityEngine.InputSystem.UI.InputSystemUIInputModule:ProcessPointerButton(ButtonState&, PointerEventData)
UnityEngine.InputSystem.UI.InputSystemUIInputModule:ProcessPointer(PointerModel&)
UnityEngine.InputSystem.UI.InputSystemUIInputModule:Process()
UnityEngine.EventSystems.EventSystem:Update()

[298] Execute Event -> ani04
UnityEngine.Logger:Log(LogType, Object)
UnityEngine.Debug:Log(Object)
OHD.GameObjects.Spines.AnimatedCG:ExecuteEvent(String)
OHD.UI.AnimatedCGUIViewController:SetStageId(Int32)
UnityEngine.AndroidJavaRunnable:Invoke()
UnityEngine.Events.InvokableCall:Invoke()
UnityEngine.Events.UnityEvent:Invoke()
System.Xml.XmlNodeChangedEventHandler:Invoke(Object, XmlNodeChangedEventArgs)
UnityEngine.EventSystems.ExecuteEvents:Execute(GameObject, BaseEventData, EventFunction`1)
UnityEngine.InputSystem.UI.InputSystemUIInputModule:ProcessPointerButton(ButtonState&, PointerEventData)
UnityEngine.InputSystem.UI.InputSystemUIInputModule:ProcessPointer(PointerModel&)
UnityEngine.InputSystem.UI.InputSystemUIInputModule:Process()
UnityEngine.EventSystems.EventSystem:Update()

[298] Spine Object Event Start : AnimatedCGEvent_PlayAnimation
UnityEngine.Logger:Log(LogType, Object)
UnityEngine.Debug:Log(Object)
OHD.GameObjects.Spines.AnimatedCGEventAsset:StartEvent(AnimatedCG)
OHD.GameObjects.Spines.EventEntry:Start(AnimatedCG)
OHD.GameObjects.Spines.AnimatedCG:SetCurrentEventEntry(EventEntry, Boolean)
OHD.GameObjects.Spines.AnimatedCG:ExecuteEvent(String)
OHD.UI.AnimatedCGUIViewController:SetStageId(Int32)
UnityEngine.AndroidJavaRunnable:Invoke()
UnityEngine.Events.InvokableCall:Invoke()
UnityEngine.Events.UnityEvent:Invoke()
System.Xml.XmlNodeChangedEventHandler:Invoke(Object, XmlNodeChangedEventArgs)
UnityEngine.EventSystems.ExecuteEvents:Execute(GameObject, BaseEventData, EventFunction`1)
UnityEngine.InputSystem.UI.InputSystemUIInputModule:ProcessPointerButton(ButtonState&, PointerEventData)
UnityEngine.InputSystem.UI.InputSystemUIInputModule:ProcessPointer(PointerModel&)
UnityEngine.InputSystem.UI.InputSystemUIInputModule:Process()
UnityEngine.EventSystems.EventSystem:Update()

[298] Spine Object Event Start : AnimatedCGEvent_PlayAnimation
UnityEngine.Logger:Log(LogType, Object)
UnityEngine.Debug:Log(Object)
OHD.GameObjects.Spines.AnimatedCGEventAsset:StartEvent(AnimatedCG)
OHD.GameObjects.Spines.EventEntry:Start(AnimatedCG)
OHD.GameObjects.Spines.AnimatedCG:SetCurrentEventEntry(EventEntry, Boolean)
OHD.GameObjects.Spines.AnimatedCG:ExecuteEvent(String)
OHD.UI.AnimatedCGUIViewController:SetStageId(Int32)
UnityEngine.AndroidJavaRunnable:Invoke()
UnityEngine.Events.InvokableCall:Invoke()
UnityEngine.Events.UnityEvent:Invoke()
System.Xml.XmlNodeChangedEventHandler:Invoke(Object, XmlNodeChangedEventArgs)
UnityEngine.EventSystems.ExecuteEvents:Execute(GameObject, BaseEventData, EventFunction`1)
UnityEngine.InputSystem.UI.InputSystemUIInputModule:ProcessPointerButton(ButtonState&, PointerEventData)
UnityEngine.InputSystem.UI.InputSystemUIInputModule:ProcessPointer(PointerModel&)
UnityEngine.InputSystem.UI.InputSystemUIInputModule:Process()
UnityEngine.EventSystems.EventSystem:Update()

[298] Play Anim -> animation04 []
UnityEngine.Logger:Log(LogType, Object)
UnityEngine.Debug:Log(Object)
OHD.GameObjects.Spines.AnimatedCGEvent_PlayAnimation:OnExecuteEvent(AnimatedCG)
OHD.GameObjects.Spines.EventEntry:Execute(AnimatedCG)
OHD.GameObjects.Spines.AnimatedCG:SetCurrentEventEntry(EventEntry, Boolean)
OHD.GameObjects.Spines.AnimatedCG:ExecuteEvent(String)
OHD.UI.AnimatedCGUIViewController:SetStageId(Int32)
UnityEngine.AndroidJavaRunnable:Invoke()
UnityEngine.Events.InvokableCall:Invoke()
UnityEngine.Events.UnityEvent:Invoke()
System.Xml.XmlNodeChangedEventHandler:Invoke(Object, XmlNodeChangedEventArgs)
UnityEngine.EventSystems.ExecuteEvents:Execute(GameObject, BaseEventData, EventFunction`1)
UnityEngine.InputSystem.UI.InputSystemUIInputModule:ProcessPointerButton(ButtonState&, PointerEventData)
UnityEngine.InputSystem.UI.InputSystemUIInputModule:ProcessPointer(PointerModel&)
UnityEngine.InputSystem.UI.InputSystemUIInputModule:Process()
UnityEngine.EventSystems.EventSystem:Update()

[298] Play Anim -> animation04 [Part2]
UnityEngine.Logger:Log(LogType, Object)
UnityEngine.Debug:Log(Object)
OHD.GameObjects.Spines.AnimatedCGEvent_PlayAnimation:OnExecuteEvent(AnimatedCG)
OHD.GameObjects.Spines.EventEntry:Execute(AnimatedCG)
OHD.GameObjects.Spines.AnimatedCG:SetCurrentEventEntry(EventEntry, Boolean)
OHD.GameObjects.Spines.AnimatedCG:ExecuteEvent(String)
OHD.UI.AnimatedCGUIViewController:SetStageId(Int32)
UnityEngine.AndroidJavaRunnable:Invoke()
UnityEngine.Events.InvokableCall:Invoke()
UnityEngine.Events.UnityEvent:Invoke()
System.Xml.XmlNodeChangedEventHandler:Invoke(Object, XmlNodeChangedEventArgs)
UnityEngine.EventSystems.ExecuteEvents:Execute(GameObject, BaseEventData, EventFunction`1)
UnityEngine.InputSystem.UI.InputSystemUIInputModule:ProcessPointerButton(ButtonState&, PointerEventData)
UnityEngine.InputSystem.UI.InputSystemUIInputModule:ProcessPointer(PointerModel&)
UnityEngine.InputSystem.UI.InputSystemUIInputModule:Process()
UnityEngine.EventSystems.EventSystem:Update()

[119] Execute Event -> ani05
UnityEngine.Logger:Log(LogType, Object)
UnityEngine.Debug:Log(Object)
OHD.GameObjects.Spines.AnimatedCG:ExecuteEvent(String)
OHD.UI.AnimatedCGUIViewController:SetStageId(Int32)
UnityEngine.AndroidJavaRunnable:Invoke()
UnityEngine.Events.InvokableCall:Invoke()
UnityEngine.Events.UnityEvent:Invoke()
System.Xml.XmlNodeChangedEventHandler:Invoke(Object, XmlNodeChangedEventArgs)
UnityEngine.EventSystems.ExecuteEvents:Execute(GameObject, BaseEventData, EventFunction`1)
UnityEngine.InputSystem.UI.InputSystemUIInputModule:ProcessPointerButton(ButtonState&, PointerEventData)
UnityEngine.InputSystem.UI.InputSystemUIInputModule:ProcessPointer(PointerModel&)
UnityEngine.InputSystem.UI.InputSystemUIInputModule:Process()
UnityEngine.EventSystems.EventSystem:Update()

[119] Spine Object Event Start : AnimatedCGEvent_PlayAnimation
UnityEngine.Logger:Log(LogType, Object)
UnityEngine.Debug:Log(Object)
OHD.GameObjects.Spines.AnimatedCGEventAsset:StartEvent(AnimatedCG)
OHD.GameObjects.Spines.EventEntry:Start(AnimatedCG)
OHD.GameObjects.Spines.AnimatedCG:SetCurrentEventEntry(EventEntry, Boolean)
OHD.GameObjects.Spines.AnimatedCG:ExecuteEvent(String)
OHD.UI.AnimatedCGUIViewController:SetStageId(Int32)
UnityEngine.AndroidJavaRunnable:Invoke()
UnityEngine.Events.InvokableCall:Invoke()
UnityEngine.Events.UnityEvent:Invoke()
System.Xml.XmlNodeChangedEventHandler:Invoke(Object, XmlNodeChangedEventArgs)
UnityEngine.EventSystems.ExecuteEvents:Execute(GameObject, BaseEventData, EventFunction`1)
UnityEngine.InputSystem.UI.InputSystemUIInputModule:ProcessPointerButton(ButtonState&, PointerEventData)
UnityEngine.InputSystem.UI.InputSystemUIInputModule:ProcessPointer(PointerModel&)
UnityEngine.InputSystem.UI.InputSystemUIInputModule:Process()
UnityEngine.EventSystems.EventSystem:Update()

[119] Spine Object Event Start : AnimatedCGEvent_PlayAnimation
UnityEngine.Logger:Log(LogType, Object)
UnityEngine.Debug:Log(Object)
OHD.GameObjects.Spines.AnimatedCGEventAsset:StartEvent(AnimatedCG)
OHD.GameObjects.Spines.EventEntry:Start(AnimatedCG)
OHD.GameObjects.Spines.AnimatedCG:SetCurrentEventEntry(EventEntry, Boolean)
OHD.GameObjects.Spines.AnimatedCG:ExecuteEvent(String)
OHD.UI.AnimatedCGUIViewController:SetStageId(Int32)
UnityEngine.AndroidJavaRunnable:Invoke()
UnityEngine.Events.InvokableCall:Invoke()
UnityEngine.Events.UnityEvent:Invoke()
System.Xml.XmlNodeChangedEventHandler:Invoke(Object, XmlNodeChangedEventArgs)
UnityEngine.EventSystems.ExecuteEvents:Execute(GameObject, BaseEventData, EventFunction`1)
UnityEngine.InputSystem.UI.InputSystemUIInputModule:ProcessPointerButton(ButtonState&, PointerEventData)
UnityEngine.InputSystem.UI.InputSystemUIInputModule:ProcessPointer(PointerModel&)
UnityEngine.InputSystem.UI.InputSystemUIInputModule:Process()
UnityEngine.EventSystems.EventSystem:Update()

[119] Play Anim -> animation05 []
UnityEngine.Logger:Log(LogType, Object)
UnityEngine.Debug:Log(Object)
OHD.GameObjects.Spines.AnimatedCGEvent_PlayAnimation:OnExecuteEvent(AnimatedCG)
OHD.GameObjects.Spines.EventEntry:Execute(AnimatedCG)
OHD.GameObjects.Spines.AnimatedCG:SetCurrentEventEntry(EventEntry, Boolean)
OHD.GameObjects.Spines.AnimatedCG:ExecuteEvent(String)
OHD.UI.AnimatedCGUIViewController:SetStageId(Int32)
UnityEngine.AndroidJavaRunnable:Invoke()
UnityEngine.Events.InvokableCall:Invoke()
UnityEngine.Events.UnityEvent:Invoke()
System.Xml.XmlNodeChangedEventHandler:Invoke(Object, XmlNodeChangedEventArgs)
UnityEngine.EventSystems.ExecuteEvents:Execute(GameObject, BaseEventData, EventFunction`1)
UnityEngine.InputSystem.UI.InputSystemUIInputModule:ProcessPointerButton(ButtonState&, PointerEventData)
UnityEngine.InputSystem.UI.InputSystemUIInputModule:ProcessPointer(PointerModel&)
UnityEngine.InputSystem.UI.InputSystemUIInputModule:Process()
UnityEngine.EventSystems.EventSystem:Update()

[119] Play Anim -> animation05 [Part2]
UnityEngine.Logger:Log(LogType, Object)
UnityEngine.Debug:Log(Object)
OHD.GameObjects.Spines.AnimatedCGEvent_PlayAnimation:OnExecuteEvent(AnimatedCG)
OHD.GameObjects.Spines.EventEntry:Execute(AnimatedCG)
OHD.GameObjects.Spines.AnimatedCG:SetCurrentEventEntry(EventEntry, Boolean)
OHD.GameObjects.Spines.AnimatedCG:ExecuteEvent(String)
OHD.UI.AnimatedCGUIViewController:SetStageId(Int32)
UnityEngine.AndroidJavaRunnable:Invoke()
UnityEngine.Events.InvokableCall:Invoke()
UnityEngine.Events.UnityEvent:Invoke()
System.Xml.XmlNodeChangedEventHandler:Invoke(Object, XmlNodeChangedEventArgs)
UnityEngine.EventSystems.ExecuteEvents:Execute(GameObject, BaseEventData, EventFunction`1)
UnityEngine.InputSystem.UI.InputSystemUIInputModule:ProcessPointerButton(ButtonState&, PointerEventData)
UnityEngine.InputSystem.UI.InputSystemUIInputModule:ProcessPointer(PointerModel&)
UnityEngine.InputSystem.UI.InputSystemUIInputModule:Process()
UnityEngine.EventSystems.EventSystem:Update()

[609] Execute Event -> ani06
UnityEngine.Logger:Log(LogType, Object)
UnityEngine.Debug:Log(Object)
OHD.GameObjects.Spines.AnimatedCG:ExecuteEvent(String)
OHD.UI.AnimatedCGUIViewController:SetStageId(Int32)
UnityEngine.AndroidJavaRunnable:Invoke()
UnityEngine.Events.InvokableCall:Invoke()
UnityEngine.Events.UnityEvent:Invoke()
System.Xml.XmlNodeChangedEventHandler:Invoke(Object, XmlNodeChangedEventArgs)
UnityEngine.EventSystems.ExecuteEvents:Execute(GameObject, BaseEventData, EventFunction`1)
UnityEngine.InputSystem.UI.InputSystemUIInputModule:ProcessPointerButton(ButtonState&, PointerEventData)
UnityEngine.InputSystem.UI.InputSystemUIInputModule:ProcessPointer(PointerModel&)
UnityEngine.InputSystem.UI.InputSystemUIInputModule:Process()
UnityEngine.EventSystems.EventSystem:Update()

[609] Spine Object Event Start : AnimatedCGEvent_PlayAnimation
UnityEngine.Logger:Log(LogType, Object)
UnityEngine.Debug:Log(Object)
OHD.GameObjects.Spines.AnimatedCGEventAsset:StartEvent(AnimatedCG)
OHD.GameObjects.Spines.EventEntry:Start(AnimatedCG)
OHD.GameObjects.Spines.AnimatedCG:SetCurrentEventEntry(EventEntry, Boolean)
OHD.GameObjects.Spines.AnimatedCG:ExecuteEvent(String)
OHD.UI.AnimatedCGUIViewController:SetStageId(Int32)
UnityEngine.AndroidJavaRunnable:Invoke()
UnityEngine.Events.InvokableCall:Invoke()
UnityEngine.Events.UnityEvent:Invoke()
System.Xml.XmlNodeChangedEventHandler:Invoke(Object, XmlNodeChangedEventArgs)
UnityEngine.EventSystems.ExecuteEvents:Execute(GameObject, BaseEventData, EventFunction`1)
UnityEngine.InputSystem.UI.InputSystemUIInputModule:ProcessPointerButton(ButtonState&, PointerEventData)
UnityEngine.InputSystem.UI.InputSystemUIInputModule:ProcessPointer(PointerModel&)
UnityEngine.InputSystem.UI.InputSystemUIInputModule:Process()
UnityEngine.EventSystems.EventSystem:Update()

[609] Spine Object Event Start : AnimatedCGEvent_PlayAnimation
UnityEngine.Logger:Log(LogType, Object)
UnityEngine.Debug:Log(Object)
OHD.GameObjects.Spines.AnimatedCGEventAsset:StartEvent(AnimatedCG)
OHD.GameObjects.Spines.EventEntry:Start(AnimatedCG)
OHD.GameObjects.Spines.AnimatedCG:SetCurrentEventEntry(EventEntry, Boolean)
OHD.GameObjects.Spines.AnimatedCG:ExecuteEvent(String)
OHD.UI.AnimatedCGUIViewController:SetStageId(Int32)
UnityEngine.AndroidJavaRunnable:Invoke()
UnityEngine.Events.InvokableCall:Invoke()
UnityEngine.Events.UnityEvent:Invoke()
System.Xml.XmlNodeChangedEventHandler:Invoke(Object, XmlNodeChangedEventArgs)
UnityEngine.EventSystems.ExecuteEvents:Execute(GameObject, BaseEventData, EventFunction`1)
UnityEngine.InputSystem.UI.InputSystemUIInputModule:ProcessPointerButton(ButtonState&, PointerEventData)
UnityEngine.InputSystem.UI.InputSystemUIInputModule:ProcessPointer(PointerModel&)
UnityEngine.InputSystem.UI.InputSystemUIInputModule:Process()
UnityEngine.EventSystems.EventSystem:Update()

[609] Play Anim -> animation06 []
UnityEngine.Logger:Log(LogType, Object)
UnityEngine.Debug:Log(Object)
OHD.GameObjects.Spines.AnimatedCGEvent_PlayAnimation:OnExecuteEvent(AnimatedCG)
OHD.GameObjects.Spines.EventEntry:Execute(AnimatedCG)
OHD.GameObjects.Spines.AnimatedCG:SetCurrentEventEntry(EventEntry, Boolean)
OHD.GameObjects.Spines.AnimatedCG:ExecuteEvent(String)
OHD.UI.AnimatedCGUIViewController:SetStageId(Int32)
UnityEngine.AndroidJavaRunnable:Invoke()
UnityEngine.Events.InvokableCall:Invoke()
UnityEngine.Events.UnityEvent:Invoke()
System.Xml.XmlNodeChangedEventHandler:Invoke(Object, XmlNodeChangedEventArgs)
UnityEngine.EventSystems.ExecuteEvents:Execute(GameObject, BaseEventData, EventFunction`1)
UnityEngine.InputSystem.UI.InputSystemUIInputModule:ProcessPointerButton(ButtonState&, PointerEventData)
UnityEngine.InputSystem.UI.InputSystemUIInputModule:ProcessPointer(PointerModel&)
UnityEngine.InputSystem.UI.InputSystemUIInputModule:Process()
UnityEngine.EventSystems.EventSystem:Update()

[609] Play Anim -> animation06 [Part2]
UnityEngine.Logger:Log(LogType, Object)
UnityEngine.Debug:Log(Object)
OHD.GameObjects.Spines.AnimatedCGEvent_PlayAnimation:OnExecuteEvent(AnimatedCG)
OHD.GameObjects.Spines.EventEntry:Execute(AnimatedCG)
OHD.GameObjects.Spines.AnimatedCG:SetCurrentEventEntry(EventEntry, Boolean)
OHD.GameObjects.Spines.AnimatedCG:ExecuteEvent(String)
OHD.UI.AnimatedCGUIViewController:SetStageId(Int32)
UnityEngine.AndroidJavaRunnable:Invoke()
UnityEngine.Events.InvokableCall:Invoke()
UnityEngine.Events.UnityEvent:Invoke()
System.Xml.XmlNodeChangedEventHandler:Invoke(Object, XmlNodeChangedEventArgs)
UnityEngine.EventSystems.ExecuteEvents:Execute(GameObject, BaseEventData, EventFunction`1)
UnityEngine.InputSystem.UI.InputSystemUIInputModule:ProcessPointerButton(ButtonState&, PointerEventData)
UnityEngine.InputSystem.UI.InputSystemUIInputModule:ProcessPointer(PointerModel&)
UnityEngine.InputSystem.UI.InputSystemUIInputModule:Process()
UnityEngine.EventSystems.EventSystem:Update()

[946] Execute Event -> ani07
UnityEngine.Logger:Log(LogType, Object)
UnityEngine.Debug:Log(Object)
OHD.GameObjects.Spines.AnimatedCG:ExecuteEvent(String)
OHD.UI.AnimatedCGUIViewController:SetStageId(Int32)
UnityEngine.AndroidJavaRunnable:Invoke()
UnityEngine.Events.InvokableCall:Invoke()
UnityEngine.Events.UnityEvent:Invoke()
System.Xml.XmlNodeChangedEventHandler:Invoke(Object, XmlNodeChangedEventArgs)
UnityEngine.EventSystems.ExecuteEvents:Execute(GameObject, BaseEventData, EventFunction`1)
UnityEngine.InputSystem.UI.InputSystemUIInputModule:ProcessPointerButton(ButtonState&, PointerEventData)
UnityEngine.InputSystem.UI.InputSystemUIInputModule:ProcessPointer(PointerModel&)
UnityEngine.InputSystem.UI.InputSystemUIInputModule:Process()
UnityEngine.EventSystems.EventSystem:Update()

[946] Spine Object Event Start : AnimatedCGEvent_PlayAnimation
UnityEngine.Logger:Log(LogType, Object)
UnityEngine.Debug:Log(Object)
OHD.GameObjects.Spines.AnimatedCGEventAsset:StartEvent(AnimatedCG)
OHD.GameObjects.Spines.EventEntry:Start(AnimatedCG)
OHD.GameObjects.Spines.AnimatedCG:SetCurrentEventEntry(EventEntry, Boolean)
OHD.GameObjects.Spines.AnimatedCG:ExecuteEvent(String)
OHD.UI.AnimatedCGUIViewController:SetStageId(Int32)
UnityEngine.AndroidJavaRunnable:Invoke()
UnityEngine.Events.InvokableCall:Invoke()
UnityEngine.Events.UnityEvent:Invoke()
System.Xml.XmlNodeChangedEventHandler:Invoke(Object, XmlNodeChangedEventArgs)
UnityEngine.EventSystems.ExecuteEvents:Execute(GameObject, BaseEventData, EventFunction`1)
UnityEngine.InputSystem.UI.InputSystemUIInputModule:ProcessPointerButton(ButtonState&, PointerEventData)
UnityEngine.InputSystem.UI.InputSystemUIInputModule:ProcessPointer(PointerModel&)
UnityEngine.InputSystem.UI.InputSystemUIInputModule:Process()
UnityEngine.EventSystems.EventSystem:Update()

[946] Spine Object Event Start : AnimatedCGEvent_PlayAnimation
UnityEngine.Logger:Log(LogType, Object)
UnityEngine.Debug:Log(Object)
OHD.GameObjects.Spines.AnimatedCGEventAsset:StartEvent(AnimatedCG)
OHD.GameObjects.Spines.EventEntry:Start(AnimatedCG)
OHD.GameObjects.Spines.AnimatedCG:SetCurrentEventEntry(EventEntry, Boolean)
OHD.GameObjects.Spines.AnimatedCG:ExecuteEvent(String)
OHD.UI.AnimatedCGUIViewController:SetStageId(Int32)
UnityEngine.AndroidJavaRunnable:Invoke()
UnityEngine.Events.InvokableCall:Invoke()
UnityEngine.Events.UnityEvent:Invoke()
System.Xml.XmlNodeChangedEventHandler:Invoke(Object, XmlNodeChangedEventArgs)
UnityEngine.EventSystems.ExecuteEvents:Execute(GameObject, BaseEventData, EventFunction`1)
UnityEngine.InputSystem.UI.InputSystemUIInputModule:ProcessPointerButton(ButtonState&, PointerEventData)
UnityEngine.InputSystem.UI.InputSystemUIInputModule:ProcessPointer(PointerModel&)
UnityEngine.InputSystem.UI.InputSystemUIInputModule:Process()
UnityEngine.EventSystems.EventSystem:Update()

[946] Play Anim -> animation07 []
UnityEngine.Logger:Log(LogType, Object)
UnityEngine.Debug:Log(Object)
OHD.GameObjects.Spines.AnimatedCGEvent_PlayAnimation:OnExecuteEvent(AnimatedCG)
OHD.GameObjects.Spines.EventEntry:Execute(AnimatedCG)
OHD.GameObjects.Spines.AnimatedCG:SetCurrentEventEntry(EventEntry, Boolean)
OHD.GameObjects.Spines.AnimatedCG:ExecuteEvent(String)
OHD.UI.AnimatedCGUIViewController:SetStageId(Int32)
UnityEngine.AndroidJavaRunnable:Invoke()
UnityEngine.Events.InvokableCall:Invoke()
UnityEngine.Events.UnityEvent:Invoke()
System.Xml.XmlNodeChangedEventHandler:Invoke(Object, XmlNodeChangedEventArgs)
UnityEngine.EventSystems.ExecuteEvents:Execute(GameObject, BaseEventData, EventFunction`1)
UnityEngine.InputSystem.UI.InputSystemUIInputModule:ProcessPointerButton(ButtonState&, PointerEventData)
UnityEngine.InputSystem.UI.InputSystemUIInputModule:ProcessPointer(PointerModel&)
UnityEngine.InputSystem.UI.InputSystemUIInputModule:Process()
UnityEngine.EventSystems.EventSystem:Update()

[946] Play Anim -> animation07 [Part2]
UnityEngine.Logger:Log(LogType, Object)
UnityEngine.Debug:Log(Object)
OHD.GameObjects.Spines.AnimatedCGEvent_PlayAnimation:OnExecuteEvent(AnimatedCG)
OHD.GameObjects.Spines.EventEntry:Execute(AnimatedCG)
OHD.GameObjects.Spines.AnimatedCG:SetCurrentEventEntry(EventEntry, Boolean)
OHD.GameObjects.Spines.AnimatedCG:ExecuteEvent(String)
OHD.UI.AnimatedCGUIViewController:SetStageId(Int32)
UnityEngine.AndroidJavaRunnable:Invoke()
UnityEngine.Events.InvokableCall:Invoke()
UnityEngine.Events.UnityEvent:Invoke()
System.Xml.XmlNodeChangedEventHandler:Invoke(Object, XmlNodeChangedEventArgs)
UnityEngine.EventSystems.ExecuteEvents:Execute(GameObject, BaseEventData, EventFunction`1)
UnityEngine.InputSystem.UI.InputSystemUIInputModule:ProcessPointerButton(ButtonState&, PointerEventData)
UnityEngine.InputSystem.UI.InputSystemUIInputModule:ProcessPointer(PointerModel&)
UnityEngine.InputSystem.UI.InputSystemUIInputModule:Process()
UnityEngine.EventSystems.EventSystem:Update()

[464] Execute Event -> ani08
UnityEngine.Logger:Log(LogType, Object)
UnityEngine.Debug:Log(Object)
OHD.GameObjects.Spines.AnimatedCG:ExecuteEvent(String)
OHD.UI.AnimatedCGUIViewController:SetStageId(Int32)
UnityEngine.AndroidJavaRunnable:Invoke()
UnityEngine.Events.InvokableCall:Invoke()
UnityEngine.Events.UnityEvent:Invoke()
System.Xml.XmlNodeChangedEventHandler:Invoke(Object, XmlNodeChangedEventArgs)
UnityEngine.EventSystems.ExecuteEvents:Execute(GameObject, BaseEventData, EventFunction`1)
UnityEngine.InputSystem.UI.InputSystemUIInputModule:ProcessPointerButton(ButtonState&, PointerEventData)
UnityEngine.InputSystem.UI.InputSystemUIInputModule:ProcessPointer(PointerModel&)
UnityEngine.InputSystem.UI.InputSystemUIInputModule:Process()
UnityEngine.EventSystems.EventSystem:Update()

[464] Spine Object Event Start : AnimatedCGEvent_PlayAnimation
UnityEngine.Logger:Log(LogType, Object)
UnityEngine.Debug:Log(Object)
OHD.GameObjects.Spines.AnimatedCGEventAsset:StartEvent(AnimatedCG)
OHD.GameObjects.Spines.EventEntry:Start(AnimatedCG)
OHD.GameObjects.Spines.AnimatedCG:SetCurrentEventEntry(EventEntry, Boolean)
OHD.GameObjects.Spines.AnimatedCG:ExecuteEvent(String)
OHD.UI.AnimatedCGUIViewController:SetStageId(Int32)
UnityEngine.AndroidJavaRunnable:Invoke()
UnityEngine.Events.InvokableCall:Invoke()
UnityEngine.Events.UnityEvent:Invoke()
System.Xml.XmlNodeChangedEventHandler:Invoke(Object, XmlNodeChangedEventArgs)
UnityEngine.EventSystems.ExecuteEvents:Execute(GameObject, BaseEventData, EventFunction`1)
UnityEngine.InputSystem.UI.InputSystemUIInputModule:ProcessPointerButton(ButtonState&, PointerEventData)
UnityEngine.InputSystem.UI.InputSystemUIInputModule:ProcessPointer(PointerModel&)
UnityEngine.InputSystem.UI.InputSystemUIInputModule:Process()
UnityEngine.EventSystems.EventSystem:Update()

[464] Spine Object Event Start : AnimatedCGEvent_PlayAnimation
UnityEngine.Logger:Log(LogType, Object)
UnityEngine.Debug:Log(Object)
OHD.GameObjects.Spines.AnimatedCGEventAsset:StartEvent(AnimatedCG)
OHD.GameObjects.Spines.EventEntry:Start(AnimatedCG)
OHD.GameObjects.Spines.AnimatedCG:SetCurrentEventEntry(EventEntry, Boolean)
OHD.GameObjects.Spines.AnimatedCG:ExecuteEvent(String)
OHD.UI.AnimatedCGUIViewController:SetStageId(Int32)
UnityEngine.AndroidJavaRunnable:Invoke()
UnityEngine.Events.InvokableCall:Invoke()
UnityEngine.Events.UnityEvent:Invoke()
System.Xml.XmlNodeChangedEventHandler:Invoke(Object, XmlNodeChangedEventArgs)
UnityEngine.EventSystems.ExecuteEvents:Execute(GameObject, BaseEventData, EventFunction`1)
UnityEngine.InputSystem.UI.InputSystemUIInputModule:ProcessPointerButton(ButtonState&, PointerEventData)
UnityEngine.InputSystem.UI.InputSystemUIInputModule:ProcessPointer(PointerModel&)
UnityEngine.InputSystem.UI.InputSystemUIInputModule:Process()
UnityEngine.EventSystems.EventSystem:Update()

[464] Play Anim -> animation08 []
UnityEngine.Logger:Log(LogType, Object)
UnityEngine.Debug:Log(Object)
OHD.GameObjects.Spines.AnimatedCGEvent_PlayAnimation:OnExecuteEvent(AnimatedCG)
OHD.GameObjects.Spines.EventEntry:Execute(AnimatedCG)
OHD.GameObjects.Spines.AnimatedCG:SetCurrentEventEntry(EventEntry, Boolean)
OHD.GameObjects.Spines.AnimatedCG:ExecuteEvent(String)
OHD.UI.AnimatedCGUIViewController:SetStageId(Int32)
UnityEngine.AndroidJavaRunnable:Invoke()
UnityEngine.Events.InvokableCall:Invoke()
UnityEngine.Events.UnityEvent:Invoke()
System.Xml.XmlNodeChangedEventHandler:Invoke(Object, XmlNodeChangedEventArgs)
UnityEngine.EventSystems.ExecuteEvents:Execute(GameObject, BaseEventData, EventFunction`1)
UnityEngine.InputSystem.UI.InputSystemUIInputModule:ProcessPointerButton(ButtonState&, PointerEventData)
UnityEngine.InputSystem.UI.InputSystemUIInputModule:ProcessPointer(PointerModel&)
UnityEngine.InputSystem.UI.InputSystemUIInputModule:Process()
UnityEngine.EventSystems.EventSystem:Update()

[464] Play Anim -> animation08 [Part2]
UnityEngine.Logger:Log(LogType, Object)
UnityEngine.Debug:Log(Object)
OHD.GameObjects.Spines.AnimatedCGEvent_PlayAnimation:OnExecuteEvent(AnimatedCG)
OHD.GameObjects.Spines.EventEntry:Execute(AnimatedCG)
OHD.GameObjects.Spines.AnimatedCG:SetCurrentEventEntry(EventEntry, Boolean)
OHD.GameObjects.Spines.AnimatedCG:ExecuteEvent(String)
OHD.UI.AnimatedCGUIViewController:SetStageId(Int32)
UnityEngine.AndroidJavaRunnable:Invoke()
UnityEngine.Events.InvokableCall:Invoke()
UnityEngine.Events.UnityEvent:Invoke()
System.Xml.XmlNodeChangedEventHandler:Invoke(Object, XmlNodeChangedEventArgs)
UnityEngine.EventSystems.ExecuteEvents:Execute(GameObject, BaseEventData, EventFunction`1)
UnityEngine.InputSystem.UI.InputSystemUIInputModule:ProcessPointerButton(ButtonState&, PointerEventData)
UnityEngine.InputSystem.UI.InputSystemUIInputModule:ProcessPointer(PointerModel&)
UnityEngine.InputSystem.UI.InputSystemUIInputModule:Process()
UnityEngine.EventSystems.EventSystem:Update()

[271] Execute Event -> ani09
UnityEngine.Logger:Log(LogType, Object)
UnityEngine.Debug:Log(Object)
OHD.GameObjects.Spines.AnimatedCG:ExecuteEvent(String)
OHD.UI.AnimatedCGUIViewController:SetStageId(Int32)
UnityEngine.AndroidJavaRunnable:Invoke()
UnityEngine.Events.InvokableCall:Invoke()
UnityEngine.Events.UnityEvent:Invoke()
System.Xml.XmlNodeChangedEventHandler:Invoke(Object, XmlNodeChangedEventArgs)
UnityEngine.EventSystems.ExecuteEvents:Execute(GameObject, BaseEventData, EventFunction`1)
UnityEngine.InputSystem.UI.InputSystemUIInputModule:ProcessPointerButton(ButtonState&, PointerEventData)
UnityEngine.InputSystem.UI.InputSystemUIInputModule:ProcessPointer(PointerModel&)
UnityEngine.InputSystem.UI.InputSystemUIInputModule:Process()
UnityEngine.EventSystems.EventSystem:Update()

[271] Spine Object Event Start : AnimatedCGEvent_PlayAnimation
UnityEngine.Logger:Log(LogType, Object)
UnityEngine.Debug:Log(Object)
OHD.GameObjects.Spines.AnimatedCGEventAsset:StartEvent(AnimatedCG)
OHD.GameObjects.Spines.EventEntry:Start(AnimatedCG)
OHD.GameObjects.Spines.AnimatedCG:SetCurrentEventEntry(EventEntry, Boolean)
OHD.GameObjects.Spines.AnimatedCG:ExecuteEvent(String)
OHD.UI.AnimatedCGUIViewController:SetStageId(Int32)
UnityEngine.AndroidJavaRunnable:Invoke()
UnityEngine.Events.InvokableCall:Invoke()
UnityEngine.Events.UnityEvent:Invoke()
System.Xml.XmlNodeChangedEventHandler:Invoke(Object, XmlNodeChangedEventArgs)
UnityEngine.EventSystems.ExecuteEvents:Execute(GameObject, BaseEventData, EventFunction`1)
UnityEngine.InputSystem.UI.InputSystemUIInputModule:ProcessPointerButton(ButtonState&, PointerEventData)
UnityEngine.InputSystem.UI.InputSystemUIInputModule:ProcessPointer(PointerModel&)
UnityEngine.InputSystem.UI.InputSystemUIInputModule:Process()
UnityEngine.EventSystems.EventSystem:Update()

[271] Spine Object Event Start : AnimatedCGEvent_PlayAnimation
UnityEngine.Logger:Log(LogType, Object)
UnityEngine.Debug:Log(Object)
OHD.GameObjects.Spines.AnimatedCGEventAsset:StartEvent(AnimatedCG)
OHD.GameObjects.Spines.EventEntry:Start(AnimatedCG)
OHD.GameObjects.Spines.AnimatedCG:SetCurrentEventEntry(EventEntry, Boolean)
OHD.GameObjects.Spines.AnimatedCG:ExecuteEvent(String)
OHD.UI.AnimatedCGUIViewController:SetStageId(Int32)
UnityEngine.AndroidJavaRunnable:Invoke()
UnityEngine.Events.InvokableCall:Invoke()
UnityEngine.Events.UnityEvent:Invoke()
System.Xml.XmlNodeChangedEventHandler:Invoke(Object, XmlNodeChangedEventArgs)
UnityEngine.EventSystems.ExecuteEvents:Execute(GameObject, BaseEventData, EventFunction`1)
UnityEngine.InputSystem.UI.InputSystemUIInputModule:ProcessPointerButton(ButtonState&, PointerEventData)
UnityEngine.InputSystem.UI.InputSystemUIInputModule:ProcessPointer(PointerModel&)
UnityEngine.InputSystem.UI.InputSystemUIInputModule:Process()
UnityEngine.EventSystems.EventSystem:Update()

[271] Play Anim -> animation09 []
UnityEngine.Logger:Log(LogType, Object)
UnityEngine.Debug:Log(Object)
OHD.GameObjects.Spines.AnimatedCGEvent_PlayAnimation:OnExecuteEvent(AnimatedCG)
OHD.GameObjects.Spines.EventEntry:Execute(AnimatedCG)
OHD.GameObjects.Spines.AnimatedCG:SetCurrentEventEntry(EventEntry, Boolean)
OHD.GameObjects.Spines.AnimatedCG:ExecuteEvent(String)
OHD.UI.AnimatedCGUIViewController:SetStageId(Int32)
UnityEngine.AndroidJavaRunnable:Invoke()
UnityEngine.Events.InvokableCall:Invoke()
UnityEngine.Events.UnityEvent:Invoke()
System.Xml.XmlNodeChangedEventHandler:Invoke(Object, XmlNodeChangedEventArgs)
UnityEngine.EventSystems.ExecuteEvents:Execute(GameObject, BaseEventData, EventFunction`1)
UnityEngine.InputSystem.UI.InputSystemUIInputModule:ProcessPointerButton(ButtonState&, PointerEventData)
UnityEngine.InputSystem.UI.InputSystemUIInputModule:ProcessPointer(PointerModel&)
UnityEngine.InputSystem.UI.InputSystemUIInputModule:Process()
UnityEngine.EventSystems.EventSystem:Update()

[271] Play Anim -> animation09 [Part2]
UnityEngine.Logger:Log(LogType, Object)
UnityEngine.Debug:Log(Object)
OHD.GameObjects.Spines.AnimatedCGEvent_PlayAnimation:OnExecuteEvent(AnimatedCG)
OHD.GameObjects.Spines.EventEntry:Execute(AnimatedCG)
OHD.GameObjects.Spines.AnimatedCG:SetCurrentEventEntry(EventEntry, Boolean)
OHD.GameObjects.Spines.AnimatedCG:ExecuteEvent(String)
OHD.UI.AnimatedCGUIViewController:SetStageId(Int32)
UnityEngine.AndroidJavaRunnable:Invoke()
UnityEngine.Events.InvokableCall:Invoke()
UnityEngine.Events.UnityEvent:Invoke()
System.Xml.XmlNodeChangedEventHandler:Invoke(Object, XmlNodeChangedEventArgs)
UnityEngine.EventSystems.ExecuteEvents:Execute(GameObject, BaseEventData, EventFunction`1)
UnityEngine.InputSystem.UI.InputSystemUIInputModule:ProcessPointerButton(ButtonState&, PointerEventData)
UnityEngine.InputSystem.UI.InputSystemUIInputModule:ProcessPointer(PointerModel&)
UnityEngine.InputSystem.UI.InputSystemUIInputModule:Process()
UnityEngine.EventSystems.EventSystem:Update()

[132] Execute Event -> ani10
UnityEngine.Logger:Log(LogType, Object)
UnityEngine.Debug:Log(Object)
OHD.GameObjects.Spines.AnimatedCG:ExecuteEvent(String)
OHD.UI.AnimatedCGUIViewController:SetStageId(Int32)
UnityEngine.AndroidJavaRunnable:Invoke()
UnityEngine.Events.InvokableCall:Invoke()
UnityEngine.Events.UnityEvent:Invoke()
System.Xml.XmlNodeChangedEventHandler:Invoke(Object, XmlNodeChangedEventArgs)
UnityEngine.EventSystems.ExecuteEvents:Execute(GameObject, BaseEventData, EventFunction`1)
UnityEngine.InputSystem.UI.InputSystemUIInputModule:ProcessPointerButton(ButtonState&, PointerEventData)
UnityEngine.InputSystem.UI.InputSystemUIInputModule:ProcessPointer(PointerModel&)
UnityEngine.InputSystem.UI.InputSystemUIInputModule:Process()
UnityEngine.EventSystems.EventSystem:Update()

[132] Spine Object Event Start : AnimatedCGEvent_PlayAnimation
UnityEngine.Logger:Log(LogType, Object)
UnityEngine.Debug:Log(Object)
OHD.GameObjects.Spines.AnimatedCGEventAsset:StartEvent(AnimatedCG)
OHD.GameObjects.Spines.EventEntry:Start(AnimatedCG)
OHD.GameObjects.Spines.AnimatedCG:SetCurrentEventEntry(EventEntry, Boolean)
OHD.GameObjects.Spines.AnimatedCG:ExecuteEvent(String)
OHD.UI.AnimatedCGUIViewController:SetStageId(Int32)
UnityEngine.AndroidJavaRunnable:Invoke()
UnityEngine.Events.InvokableCall:Invoke()
UnityEngine.Events.UnityEvent:Invoke()
System.Xml.XmlNodeChangedEventHandler:Invoke(Object, XmlNodeChangedEventArgs)
UnityEngine.EventSystems.ExecuteEvents:Execute(GameObject, BaseEventData, EventFunction`1)
UnityEngine.InputSystem.UI.InputSystemUIInputModule:ProcessPointerButton(ButtonState&, PointerEventData)
UnityEngine.InputSystem.UI.InputSystemUIInputModule:ProcessPointer(PointerModel&)
UnityEngine.InputSystem.UI.InputSystemUIInputModule:Process()
UnityEngine.EventSystems.EventSystem:Update()

[132] Spine Object Event Start : AnimatedCGEvent_PlayAnimation
UnityEngine.Logger:Log(LogType, Object)
UnityEngine.Debug:Log(Object)
OHD.GameObjects.Spines.AnimatedCGEventAsset:StartEvent(AnimatedCG)
OHD.GameObjects.Spines.EventEntry:Start(AnimatedCG)
OHD.GameObjects.Spines.AnimatedCG:SetCurrentEventEntry(EventEntry, Boolean)
OHD.GameObjects.Spines.AnimatedCG:ExecuteEvent(String)
OHD.UI.AnimatedCGUIViewController:SetStageId(Int32)
UnityEngine.AndroidJavaRunnable:Invoke()
UnityEngine.Events.InvokableCall:Invoke()
UnityEngine.Events.UnityEvent:Invoke()
System.Xml.XmlNodeChangedEventHandler:Invoke(Object, XmlNodeChangedEventArgs)
UnityEngine.EventSystems.ExecuteEvents:Execute(GameObject, BaseEventData, EventFunction`1)
UnityEngine.InputSystem.UI.InputSystemUIInputModule:ProcessPointerButton(ButtonState&, PointerEventData)
UnityEngine.InputSystem.UI.InputSystemUIInputModule:ProcessPointer(PointerModel&)
UnityEngine.InputSystem.UI.InputSystemUIInputModule:Process()
UnityEngine.EventSystems.EventSystem:Update()

[132] Play Anim -> animation010 []
UnityEngine.Logger:Log(LogType, Object)
UnityEngine.Debug:Log(Object)
OHD.GameObjects.Spines.AnimatedCGEvent_PlayAnimation:OnExecuteEvent(AnimatedCG)
OHD.GameObjects.Spines.EventEntry:Execute(AnimatedCG)
OHD.GameObjects.Spines.AnimatedCG:SetCurrentEventEntry(EventEntry, Boolean)
OHD.GameObjects.Spines.AnimatedCG:ExecuteEvent(String)
OHD.UI.AnimatedCGUIViewController:SetStageId(Int32)
UnityEngine.AndroidJavaRunnable:Invoke()
UnityEngine.Events.InvokableCall:Invoke()
UnityEngine.Events.UnityEvent:Invoke()
System.Xml.XmlNodeChangedEventHandler:Invoke(Object, XmlNodeChangedEventArgs)
UnityEngine.EventSystems.ExecuteEvents:Execute(GameObject, BaseEventData, EventFunction`1)
UnityEngine.InputSystem.UI.InputSystemUIInputModule:ProcessPointerButton(ButtonState&, PointerEventData)
UnityEngine.InputSystem.UI.InputSystemUIInputModule:ProcessPointer(PointerModel&)
UnityEngine.InputSystem.UI.InputSystemUIInputModule:Process()
UnityEngine.EventSystems.EventSystem:Update()

[132] Play Anim -> animation010 [Part2]
UnityEngine.Logger:Log(LogType, Object)
UnityEngine.Debug:Log(Object)
OHD.GameObjects.Spines.AnimatedCGEvent_PlayAnimation:OnExecuteEvent(AnimatedCG)
OHD.GameObjects.Spines.EventEntry:Execute(AnimatedCG)
OHD.GameObjects.Spines.AnimatedCG:SetCurrentEventEntry(EventEntry, Boolean)
OHD.GameObjects.Spines.AnimatedCG:ExecuteEvent(String)
OHD.UI.AnimatedCGUIViewController:SetStageId(Int32)
UnityEngine.AndroidJavaRunnable:Invoke()
UnityEngine.Events.InvokableCall:Invoke()
UnityEngine.Events.UnityEvent:Invoke()
System.Xml.XmlNodeChangedEventHandler:Invoke(Object, XmlNodeChangedEventArgs)
UnityEngine.EventSystems.ExecuteEvents:Execute(GameObject, BaseEventData, EventFunction`1)
UnityEngine.InputSystem.UI.InputSystemUIInputModule:ProcessPointerButton(ButtonState&, PointerEventData)
UnityEngine.InputSystem.UI.InputSystemUIInputModule:ProcessPointer(PointerModel&)
UnityEngine.InputSystem.UI.InputSystemUIInputModule:Process()
UnityEngine.EventSystems.EventSystem:Update()

[400] Execute Event -> ani11
UnityEngine.Logger:Log(LogType, Object)
UnityEngine.Debug:Log(Object)
OHD.GameObjects.Spines.AnimatedCG:ExecuteEvent(String)
OHD.UI.AnimatedCGUIViewController:SetStageId(Int32)
UnityEngine.AndroidJavaRunnable:Invoke()
UnityEngine.Events.InvokableCall:Invoke()
UnityEngine.Events.UnityEvent:Invoke()
System.Xml.XmlNodeChangedEventHandler:Invoke(Object, XmlNodeChangedEventArgs)
UnityEngine.EventSystems.ExecuteEvents:Execute(GameObject, BaseEventData, EventFunction`1)
UnityEngine.InputSystem.UI.InputSystemUIInputModule:ProcessPointerButton(ButtonState&, PointerEventData)
UnityEngine.InputSystem.UI.InputSystemUIInputModule:ProcessPointer(PointerModel&)
UnityEngine.InputSystem.UI.InputSystemUIInputModule:Process()
UnityEngine.EventSystems.EventSystem:Update()

[400] Spine Object Event Start : AnimatedCGEvent_PlayAnimation
UnityEngine.Logger:Log(LogType, Object)
UnityEngine.Debug:Log(Object)
OHD.GameObjects.Spines.AnimatedCGEventAsset:StartEvent(AnimatedCG)
OHD.GameObjects.Spines.EventEntry:Start(AnimatedCG)
OHD.GameObjects.Spines.AnimatedCG:SetCurrentEventEntry(EventEntry, Boolean)
OHD.GameObjects.Spines.AnimatedCG:ExecuteEvent(String)
OHD.UI.AnimatedCGUIViewController:SetStageId(Int32)
UnityEngine.AndroidJavaRunnable:Invoke()
UnityEngine.Events.InvokableCall:Invoke()
UnityEngine.Events.UnityEvent:Invoke()
System.Xml.XmlNodeChangedEventHandler:Invoke(Object, XmlNodeChangedEventArgs)
UnityEngine.EventSystems.ExecuteEvents:Execute(GameObject, BaseEventData, EventFunction`1)
UnityEngine.InputSystem.UI.InputSystemUIInputModule:ProcessPointerButton(ButtonState&, PointerEventData)
UnityEngine.InputSystem.UI.InputSystemUIInputModule:ProcessPointer(PointerModel&)
UnityEngine.InputSystem.UI.InputSystemUIInputModule:Process()
UnityEngine.EventSystems.EventSystem:Update()

[400] Spine Object Event Start : AnimatedCGEvent_PlayAnimation
UnityEngine.Logger:Log(LogType, Object)
UnityEngine.Debug:Log(Object)
OHD.GameObjects.Spines.AnimatedCGEventAsset:StartEvent(AnimatedCG)
OHD.GameObjects.Spines.EventEntry:Start(AnimatedCG)
OHD.GameObjects.Spines.AnimatedCG:SetCurrentEventEntry(EventEntry, Boolean)
OHD.GameObjects.Spines.AnimatedCG:ExecuteEvent(String)
OHD.UI.AnimatedCGUIViewController:SetStageId(Int32)
UnityEngine.AndroidJavaRunnable:Invoke()
UnityEngine.Events.InvokableCall:Invoke()
UnityEngine.Events.UnityEvent:Invoke()
System.Xml.XmlNodeChangedEventHandler:Invoke(Object, XmlNodeChangedEventArgs)
UnityEngine.EventSystems.ExecuteEvents:Execute(GameObject, BaseEventData, EventFunction`1)
UnityEngine.InputSystem.UI.InputSystemUIInputModule:ProcessPointerButton(ButtonState&, PointerEventData)
UnityEngine.InputSystem.UI.InputSystemUIInputModule:ProcessPointer(PointerModel&)
UnityEngine.InputSystem.UI.InputSystemUIInputModule:Process()
UnityEngine.EventSystems.EventSystem:Update()

[400] Play Anim -> animation011 []
UnityEngine.Logger:Log(LogType, Object)
UnityEngine.Debug:Log(Object)
OHD.GameObjects.Spines.AnimatedCGEvent_PlayAnimation:OnExecuteEvent(AnimatedCG)
OHD.GameObjects.Spines.EventEntry:Execute(AnimatedCG)
OHD.GameObjects.Spines.AnimatedCG:SetCurrentEventEntry(EventEntry, Boolean)
OHD.GameObjects.Spines.AnimatedCG:ExecuteEvent(String)
OHD.UI.AnimatedCGUIViewController:SetStageId(Int32)
UnityEngine.AndroidJavaRunnable:Invoke()
UnityEngine.Events.InvokableCall:Invoke()
UnityEngine.Events.UnityEvent:Invoke()
System.Xml.XmlNodeChangedEventHandler:Invoke(Object, XmlNodeChangedEventArgs)
UnityEngine.EventSystems.ExecuteEvents:Execute(GameObject, BaseEventData, EventFunction`1)
UnityEngine.InputSystem.UI.InputSystemUIInputModule:ProcessPointerButton(ButtonState&, PointerEventData)
UnityEngine.InputSystem.UI.InputSystemUIInputModule:ProcessPointer(PointerModel&)
UnityEngine.InputSystem.UI.InputSystemUIInputModule:Process()
UnityEngine.EventSystems.EventSystem:Update()

[400] Play Anim -> animation011 [Part2]
UnityEngine.Logger:Log(LogType, Object)
UnityEngine.Debug:Log(Object)
OHD.GameObjects.Spines.AnimatedCGEvent_PlayAnimation:OnExecuteEvent(AnimatedCG)
OHD.GameObjects.Spines.EventEntry:Execute(AnimatedCG)
OHD.GameObjects.Spines.AnimatedCG:SetCurrentEventEntry(EventEntry, Boolean)
OHD.GameObjects.Spines.AnimatedCG:ExecuteEvent(String)
OHD.UI.AnimatedCGUIViewController:SetStageId(Int32)
UnityEngine.AndroidJavaRunnable:Invoke()
UnityEngine.Events.InvokableCall:Invoke()
UnityEngine.Events.UnityEvent:Invoke()
System.Xml.XmlNodeChangedEventHandler:Invoke(Object, XmlNodeChangedEventArgs)
UnityEngine.EventSystems.ExecuteEvents:Execute(GameObject, BaseEventData, EventFunction`1)
UnityEngine.InputSystem.UI.InputSystemUIInputModule:ProcessPointerButton(ButtonState&, PointerEventData)
UnityEngine.InputSystem.UI.InputSystemUIInputModule:ProcessPointer(PointerModel&)
UnityEngine.InputSystem.UI.InputSystemUIInputModule:Process()
UnityEngine.EventSystems.EventSystem:Update()

[911] Execute Event -> ani12
UnityEngine.Logger:Log(LogType, Object)
UnityEngine.Debug:Log(Object)
OHD.GameObjects.Spines.AnimatedCG:ExecuteEvent(String)
OHD.UI.AnimatedCGUIViewController:SetStageId(Int32)
UnityEngine.AndroidJavaRunnable:Invoke()
UnityEngine.Events.InvokableCall:Invoke()
UnityEngine.Events.UnityEvent:Invoke()
System.Xml.XmlNodeChangedEventHandler:Invoke(Object, XmlNodeChangedEventArgs)
UnityEngine.EventSystems.ExecuteEvents:Execute(GameObject, BaseEventData, EventFunction`1)
UnityEngine.InputSystem.UI.InputSystemUIInputModule:ProcessPointerButton(ButtonState&, PointerEventData)
UnityEngine.InputSystem.UI.InputSystemUIInputModule:ProcessPointer(PointerModel&)
UnityEngine.InputSystem.UI.InputSystemUIInputModule:Process()
UnityEngine.EventSystems.EventSystem:Update()

[911] Spine Object Event Start : AnimatedCGEvent_PlayAnimation
UnityEngine.Logger:Log(LogType, Object)
UnityEngine.Debug:Log(Object)
OHD.GameObjects.Spines.AnimatedCGEventAsset:StartEvent(AnimatedCG)
OHD.GameObjects.Spines.EventEntry:Start(AnimatedCG)
OHD.GameObjects.Spines.AnimatedCG:SetCurrentEventEntry(EventEntry, Boolean)
OHD.GameObjects.Spines.AnimatedCG:ExecuteEvent(String)
OHD.UI.AnimatedCGUIViewController:SetStageId(Int32)
UnityEngine.AndroidJavaRunnable:Invoke()
UnityEngine.Events.InvokableCall:Invoke()
UnityEngine.Events.UnityEvent:Invoke()
System.Xml.XmlNodeChangedEventHandler:Invoke(Object, XmlNodeChangedEventArgs)
UnityEngine.EventSystems.ExecuteEvents:Execute(GameObject, BaseEventData, EventFunction`1)
UnityEngine.InputSystem.UI.InputSystemUIInputModule:ProcessPointerButton(ButtonState&, PointerEventData)
UnityEngine.InputSystem.UI.InputSystemUIInputModule:ProcessPointer(PointerModel&)
UnityEngine.InputSystem.UI.InputSystemUIInputModule:Process()
UnityEngine.EventSystems.EventSystem:Update()

[911] Spine Object Event Start : AnimatedCGEvent_PlayAnimation
UnityEngine.Logger:Log(LogType, Object)
UnityEngine.Debug:Log(Object)
OHD.GameObjects.Spines.AnimatedCGEventAsset:StartEvent(AnimatedCG)
OHD.GameObjects.Spines.EventEntry:Start(AnimatedCG)
OHD.GameObjects.Spines.AnimatedCG:SetCurrentEventEntry(EventEntry, Boolean)
OHD.GameObjects.Spines.AnimatedCG:ExecuteEvent(String)
OHD.UI.AnimatedCGUIViewController:SetStageId(Int32)
UnityEngine.AndroidJavaRunnable:Invoke()
UnityEngine.Events.InvokableCall:Invoke()
UnityEngine.Events.UnityEvent:Invoke()
System.Xml.XmlNodeChangedEventHandler:Invoke(Object, XmlNodeChangedEventArgs)
UnityEngine.EventSystems.ExecuteEvents:Execute(GameObject, BaseEventData, EventFunction`1)
UnityEngine.InputSystem.UI.InputSystemUIInputModule:ProcessPointerButton(ButtonState&, PointerEventData)
UnityEngine.InputSystem.UI.InputSystemUIInputModule:ProcessPointer(PointerModel&)
UnityEngine.InputSystem.UI.InputSystemUIInputModule:Process()
UnityEngine.EventSystems.EventSystem:Update()

[911] Play Anim -> animation012 []
UnityEngine.Logger:Log(LogType, Object)
UnityEngine.Debug:Log(Object)
OHD.GameObjects.Spines.AnimatedCGEvent_PlayAnimation:OnExecuteEvent(AnimatedCG)
OHD.GameObjects.Spines.EventEntry:Execute(AnimatedCG)
OHD.GameObjects.Spines.AnimatedCG:SetCurrentEventEntry(EventEntry, Boolean)
OHD.GameObjects.Spines.AnimatedCG:ExecuteEvent(String)
OHD.UI.AnimatedCGUIViewController:SetStageId(Int32)
UnityEngine.AndroidJavaRunnable:Invoke()
UnityEngine.Events.InvokableCall:Invoke()
UnityEngine.Events.UnityEvent:Invoke()
System.Xml.XmlNodeChangedEventHandler:Invoke(Object, XmlNodeChangedEventArgs)
UnityEngine.EventSystems.ExecuteEvents:Execute(GameObject, BaseEventData, EventFunction`1)
UnityEngine.InputSystem.UI.InputSystemUIInputModule:ProcessPointerButton(ButtonState&, PointerEventData)
UnityEngine.InputSystem.UI.InputSystemUIInputModule:ProcessPointer(PointerModel&)
UnityEngine.InputSystem.UI.InputSystemUIInputModule:Process()
UnityEngine.EventSystems.EventSystem:Update()

[911] Play Anim -> animation012 [Part2]
UnityEngine.Logger:Log(LogType, Object)
UnityEngine.Debug:Log(Object)
OHD.GameObjects.Spines.AnimatedCGEvent_PlayAnimation:OnExecuteEvent(AnimatedCG)
OHD.GameObjects.Spines.EventEntry:Execute(AnimatedCG)
OHD.GameObjects.Spines.AnimatedCG:SetCurrentEventEntry(EventEntry, Boolean)
OHD.GameObjects.Spines.AnimatedCG:ExecuteEvent(String)
OHD.UI.AnimatedCGUIViewController:SetStageId(Int32)
UnityEngine.AndroidJavaRunnable:Invoke()
UnityEngine.Events.InvokableCall:Invoke()
UnityEngine.Events.UnityEvent:Invoke()
System.Xml.XmlNodeChangedEventHandler:Invoke(Object, XmlNodeChangedEventArgs)
UnityEngine.EventSystems.ExecuteEvents:Execute(GameObject, BaseEventData, EventFunction`1)
UnityEngine.InputSystem.UI.InputSystemUIInputModule:ProcessPointerButton(ButtonState&, PointerEventData)
UnityEngine.InputSystem.UI.InputSystemUIInputModule:ProcessPointer(PointerModel&)
UnityEngine.InputSystem.UI.InputSystemUIInputModule:Process()
UnityEngine.EventSystems.EventSystem:Update()

[104] Execute Event -> ani13
UnityEngine.Logger:Log(LogType, Object)
UnityEngine.Debug:Log(Object)
OHD.GameObjects.Spines.AnimatedCG:ExecuteEvent(String)
OHD.UI.AnimatedCGUIViewController:SetStageId(Int32)
UnityEngine.AndroidJavaRunnable:Invoke()
UnityEngine.Events.InvokableCall:Invoke()
UnityEngine.Events.UnityEvent:Invoke()
System.Xml.XmlNodeChangedEventHandler:Invoke(Object, XmlNodeChangedEventArgs)
UnityEngine.EventSystems.ExecuteEvents:Execute(GameObject, BaseEventData, EventFunction`1)
UnityEngine.InputSystem.UI.InputSystemUIInputModule:ProcessPointerButton(ButtonState&, PointerEventData)
UnityEngine.InputSystem.UI.InputSystemUIInputModule:ProcessPointer(PointerModel&)
UnityEngine.InputSystem.UI.InputSystemUIInputModule:Process()
UnityEngine.EventSystems.EventSystem:Update()

[104] Spine Object Event Start : AnimatedCGEvent_PlayAnimation
UnityEngine.Logger:Log(LogType, Object)
UnityEngine.Debug:Log(Object)
OHD.GameObjects.Spines.AnimatedCGEventAsset:StartEvent(AnimatedCG)
OHD.GameObjects.Spines.EventEntry:Start(AnimatedCG)
OHD.GameObjects.Spines.AnimatedCG:SetCurrentEventEntry(EventEntry, Boolean)
OHD.GameObjects.Spines.AnimatedCG:ExecuteEvent(String)
OHD.UI.AnimatedCGUIViewController:SetStageId(Int32)
UnityEngine.AndroidJavaRunnable:Invoke()
UnityEngine.Events.InvokableCall:Invoke()
UnityEngine.Events.UnityEvent:Invoke()
System.Xml.XmlNodeChangedEventHandler:Invoke(Object, XmlNodeChangedEventArgs)
UnityEngine.EventSystems.ExecuteEvents:Execute(GameObject, BaseEventData, EventFunction`1)
UnityEngine.InputSystem.UI.InputSystemUIInputModule:ProcessPointerButton(ButtonState&, PointerEventData)
UnityEngine.InputSystem.UI.InputSystemUIInputModule:ProcessPointer(PointerModel&)
UnityEngine.InputSystem.UI.InputSystemUIInputModule:Process()
UnityEngine.EventSystems.EventSystem:Update()

[104] Spine Object Event Start : AnimatedCGEvent_PlayAnimation
UnityEngine.Logger:Log(LogType, Object)
UnityEngine.Debug:Log(Object)
OHD.GameObjects.Spines.AnimatedCGEventAsset:StartEvent(AnimatedCG)
OHD.GameObjects.Spines.EventEntry:Start(AnimatedCG)
OHD.GameObjects.Spines.AnimatedCG:SetCurrentEventEntry(EventEntry, Boolean)
OHD.GameObjects.Spines.AnimatedCG:ExecuteEvent(String)
OHD.UI.AnimatedCGUIViewController:SetStageId(Int32)
UnityEngine.AndroidJavaRunnable:Invoke()
UnityEngine.Events.InvokableCall:Invoke()
UnityEngine.Events.UnityEvent:Invoke()
System.Xml.XmlNodeChangedEventHandler:Invoke(Object, XmlNodeChangedEventArgs)
UnityEngine.EventSystems.ExecuteEvents:Execute(GameObject, BaseEventData, EventFunction`1)
UnityEngine.InputSystem.UI.InputSystemUIInputModule:ProcessPointerButton(ButtonState&, PointerEventData)
UnityEngine.InputSystem.UI.InputSystemUIInputModule:ProcessPointer(PointerModel&)
UnityEngine.InputSystem.UI.InputSystemUIInputModule:Process()
UnityEngine.EventSystems.EventSystem:Update()

[104] Play Anim -> animation013 []
UnityEngine.Logger:Log(LogType, Object)
UnityEngine.Debug:Log(Object)
OHD.GameObjects.Spines.AnimatedCGEvent_PlayAnimation:OnExecuteEvent(AnimatedCG)
OHD.GameObjects.Spines.EventEntry:Execute(AnimatedCG)
OHD.GameObjects.Spines.AnimatedCG:SetCurrentEventEntry(EventEntry, Boolean)
OHD.GameObjects.Spines.AnimatedCG:ExecuteEvent(String)
OHD.UI.AnimatedCGUIViewController:SetStageId(Int32)
UnityEngine.AndroidJavaRunnable:Invoke()
UnityEngine.Events.InvokableCall:Invoke()
UnityEngine.Events.UnityEvent:Invoke()
System.Xml.XmlNodeChangedEventHandler:Invoke(Object, XmlNodeChangedEventArgs)
UnityEngine.EventSystems.ExecuteEvents:Execute(GameObject, BaseEventData, EventFunction`1)
UnityEngine.InputSystem.UI.InputSystemUIInputModule:ProcessPointerButton(ButtonState&, PointerEventData)
UnityEngine.InputSystem.UI.InputSystemUIInputModule:ProcessPointer(PointerModel&)
UnityEngine.InputSystem.UI.InputSystemUIInputModule:Process()
UnityEngine.EventSystems.EventSystem:Update()

[104] Play Anim -> animation013 [Part2]
UnityEngine.Logger:Log(LogType, Object)
UnityEngine.Debug:Log(Object)
OHD.GameObjects.Spines.AnimatedCGEvent_PlayAnimation:OnExecuteEvent(AnimatedCG)
OHD.GameObjects.Spines.EventEntry:Execute(AnimatedCG)
OHD.GameObjects.Spines.AnimatedCG:SetCurrentEventEntry(EventEntry, Boolean)
OHD.GameObjects.Spines.AnimatedCG:ExecuteEvent(String)
OHD.UI.AnimatedCGUIViewController:SetStageId(Int32)
UnityEngine.AndroidJavaRunnable:Invoke()
UnityEngine.Events.InvokableCall:Invoke()
UnityEngine.Events.UnityEvent:Invoke()
System.Xml.XmlNodeChangedEventHandler:Invoke(Object, XmlNodeChangedEventArgs)
UnityEngine.EventSystems.ExecuteEvents:Execute(GameObject, BaseEventData, EventFunction`1)
UnityEngine.InputSystem.UI.InputSystemUIInputModule:ProcessPointerButton(ButtonState&, PointerEventData)
UnityEngine.InputSystem.UI.InputSystemUIInputModule:ProcessPointer(PointerModel&)
UnityEngine.InputSystem.UI.InputSystemUIInputModule:Process()
UnityEngine.EventSystems.EventSystem:Update()

[380] Execute Event -> ani14
UnityEngine.Logger:Log(LogType, Object)
UnityEngine.Debug:Log(Object)
OHD.GameObjects.Spines.AnimatedCG:ExecuteEvent(String)
OHD.UI.AnimatedCGUIViewController:SetStageId(Int32)
UnityEngine.AndroidJavaRunnable:Invoke()
UnityEngine.Events.InvokableCall:Invoke()
UnityEngine.Events.UnityEvent:Invoke()
System.Xml.XmlNodeChangedEventHandler:Invoke(Object, XmlNodeChangedEventArgs)
UnityEngine.EventSystems.ExecuteEvents:Execute(GameObject, BaseEventData, EventFunction`1)
UnityEngine.InputSystem.UI.InputSystemUIInputModule:ProcessPointerButton(ButtonState&, PointerEventData)
UnityEngine.InputSystem.UI.InputSystemUIInputModule:ProcessPointer(PointerModel&)
UnityEngine.InputSystem.UI.InputSystemUIInputModule:Process()
UnityEngine.EventSystems.EventSystem:Update()

[380] Spine Object Event Start : AnimatedCGEvent_PlayAnimation
UnityEngine.Logger:Log(LogType, Object)
UnityEngine.Debug:Log(Object)
OHD.GameObjects.Spines.AnimatedCGEventAsset:StartEvent(AnimatedCG)
OHD.GameObjects.Spines.EventEntry:Start(AnimatedCG)
OHD.GameObjects.Spines.AnimatedCG:SetCurrentEventEntry(EventEntry, Boolean)
OHD.GameObjects.Spines.AnimatedCG:ExecuteEvent(String)
OHD.UI.AnimatedCGUIViewController:SetStageId(Int32)
UnityEngine.AndroidJavaRunnable:Invoke()
UnityEngine.Events.InvokableCall:Invoke()
UnityEngine.Events.UnityEvent:Invoke()
System.Xml.XmlNodeChangedEventHandler:Invoke(Object, XmlNodeChangedEventArgs)
UnityEngine.EventSystems.ExecuteEvents:Execute(GameObject, BaseEventData, EventFunction`1)
UnityEngine.InputSystem.UI.InputSystemUIInputModule:ProcessPointerButton(ButtonState&, PointerEventData)
UnityEngine.InputSystem.UI.InputSystemUIInputModule:ProcessPointer(PointerModel&)
UnityEngine.InputSystem.UI.InputSystemUIInputModule:Process()
UnityEngine.EventSystems.EventSystem:Update()

[380] Spine Object Event Start : AnimatedCGEvent_PlayAnimation
UnityEngine.Logger:Log(LogType, Object)
UnityEngine.Debug:Log(Object)
OHD.GameObjects.Spines.AnimatedCGEventAsset:StartEvent(AnimatedCG)
OHD.GameObjects.Spines.EventEntry:Start(AnimatedCG)
OHD.GameObjects.Spines.AnimatedCG:SetCurrentEventEntry(EventEntry, Boolean)
OHD.GameObjects.Spines.AnimatedCG:ExecuteEvent(String)
OHD.UI.AnimatedCGUIViewController:SetStageId(Int32)
UnityEngine.AndroidJavaRunnable:Invoke()
UnityEngine.Events.InvokableCall:Invoke()
UnityEngine.Events.UnityEvent:Invoke()
System.Xml.XmlNodeChangedEventHandler:Invoke(Object, XmlNodeChangedEventArgs)
UnityEngine.EventSystems.ExecuteEvents:Execute(GameObject, BaseEventData, EventFunction`1)
UnityEngine.InputSystem.UI.InputSystemUIInputModule:ProcessPointerButton(ButtonState&, PointerEventData)
UnityEngine.InputSystem.UI.InputSystemUIInputModule:ProcessPointer(PointerModel&)
UnityEngine.InputSystem.UI.InputSystemUIInputModule:Process()
UnityEngine.EventSystems.EventSystem:Update()

[380] Play Anim -> animation014 []
UnityEngine.Logger:Log(LogType, Object)
UnityEngine.Debug:Log(Object)
OHD.GameObjects.Spines.AnimatedCGEvent_PlayAnimation:OnExecuteEvent(AnimatedCG)
OHD.GameObjects.Spines.EventEntry:Execute(AnimatedCG)
OHD.GameObjects.Spines.AnimatedCG:SetCurrentEventEntry(EventEntry, Boolean)
OHD.GameObjects.Spines.AnimatedCG:ExecuteEvent(String)
OHD.UI.AnimatedCGUIViewController:SetStageId(Int32)
UnityEngine.AndroidJavaRunnable:Invoke()
UnityEngine.Events.InvokableCall:Invoke()
UnityEngine.Events.UnityEvent:Invoke()
System.Xml.XmlNodeChangedEventHandler:Invoke(Object, XmlNodeChangedEventArgs)
UnityEngine.EventSystems.ExecuteEvents:Execute(GameObject, BaseEventData, EventFunction`1)
UnityEngine.InputSystem.UI.InputSystemUIInputModule:ProcessPointerButton(ButtonState&, PointerEventData)
UnityEngine.InputSystem.UI.InputSystemUIInputModule:ProcessPointer(PointerModel&)
UnityEngine.InputSystem.UI.InputSystemUIInputModule:Process()
UnityEngine.EventSystems.EventSystem:Update()

[380] Play Anim -> animation014 [Part2]
UnityEngine.Logger:Log(LogType, Object)
UnityEngine.Debug:Log(Object)
OHD.GameObjects.Spines.AnimatedCGEvent_PlayAnimation:OnExecuteEvent(AnimatedCG)
OHD.GameObjects.Spines.EventEntry:Execute(AnimatedCG)
OHD.GameObjects.Spines.AnimatedCG:SetCurrentEventEntry(EventEntry, Boolean)
OHD.GameObjects.Spines.AnimatedCG:ExecuteEvent(String)
OHD.UI.AnimatedCGUIViewController:SetStageId(Int32)
UnityEngine.AndroidJavaRunnable:Invoke()
UnityEngine.Events.InvokableCall:Invoke()
UnityEngine.Events.UnityEvent:Invoke()
System.Xml.XmlNodeChangedEventHandler:Invoke(Object, XmlNodeChangedEventArgs)
UnityEngine.EventSystems.ExecuteEvents:Execute(GameObject, BaseEventData, EventFunction`1)
UnityEngine.InputSystem.UI.InputSystemUIInputModule:ProcessPointerButton(ButtonState&, PointerEventData)
UnityEngine.InputSystem.UI.InputSystemUIInputModule:ProcessPointer(PointerModel&)
UnityEngine.InputSystem.UI.InputSystemUIInputModule:Process()
UnityEngine.EventSystems.EventSystem:Update()

[908] Execute Event -> ani01
UnityEngine.Logger:Log(LogType, Object)
UnityEngine.Debug:Log(Object)
OHD.GameObjects.Spines.AnimatedCG:ExecuteEvent(String)
OHD.GameObjects.Spines.AnimatedCG:ExecuteEventByStageId(Int32, StageEntry&)
OHD.UI.CustomizeCGUIViewController:LoadAnimatedCG(String)
OHD.UI.CustomizeCGUIViewController:OnViewModelChanged()
OHD.UI.UIViewController:ViewModelChange()
OHD.UI.UILayer:InstantiateVC(T, UIViewModelBase)
UIViewUtility:ShowVC(UIViewModelBase, UILayer, String)
UnityEngine.AndroidJavaRunnable:Invoke()
UnityEngine.Events.InvokableCall:Invoke()
UnityEngine.Events.UnityEvent:Invoke()
System.Xml.XmlNodeChangedEventHandler:Invoke(Object, XmlNodeChangedEventArgs)
UnityEngine.EventSystems.ExecuteEvents:Execute(GameObject, BaseEventData, EventFunction`1)
UnityEngine.InputSystem.UI.InputSystemUIInputModule:ProcessPointerButton(ButtonState&, PointerEventData)
UnityEngine.InputSystem.UI.InputSystemUIInputModule:ProcessPointer(PointerModel&)
UnityEngine.InputSystem.UI.InputSystemUIInputModule:Process()
UnityEngine.EventSystems.EventSystem:Update()

[908] Spine Object Event Start : AnimatedCGEvent_PlayAnimation
UnityEngine.Logger:Log(LogType, Object)
UnityEngine.Debug:Log(Object)
OHD.GameObjects.Spines.AnimatedCGEventAsset:StartEvent(AnimatedCG)
OHD.GameObjects.Spines.EventEntry:Start(AnimatedCG)
OHD.GameObjects.Spines.AnimatedCG:SetCurrentEventEntry(EventEntry, Boolean)
OHD.GameObjects.Spines.AnimatedCG:ExecuteEvent(String)
OHD.GameObjects.Spines.AnimatedCG:ExecuteEventByStageId(Int32, StageEntry&)
OHD.UI.CustomizeCGUIViewController:LoadAnimatedCG(String)
OHD.UI.CustomizeCGUIViewController:OnViewModelChanged()
OHD.UI.UIViewController:ViewModelChange()
OHD.UI.UILayer:InstantiateVC(T, UIViewModelBase)
UIViewUtility:ShowVC(UIViewModelBase, UILayer, String)
UnityEngine.AndroidJavaRunnable:Invoke()
UnityEngine.Events.InvokableCall:Invoke()
UnityEngine.Events.UnityEvent:Invoke()
System.Xml.XmlNodeChangedEventHandler:Invoke(Object, XmlNodeChangedEventArgs)
UnityEngine.EventSystems.ExecuteEvents:Execute(GameObject, BaseEventData, EventFunction`1)
UnityEngine.InputSystem.UI.InputSystemUIInputModule:ProcessPointerButton(ButtonState&, PointerEventData)
UnityEngine.InputSystem.UI.InputSystemUIInputModule:ProcessPointer(PointerModel&)
UnityEngine.InputSystem.UI.InputSystemUIInputModule:Process()
UnityEngine.EventSystems.EventSystem:Update()

[908] Play Anim -> animation01 []
UnityEngine.Logger:Log(LogType, Object)
UnityEngine.Debug:Log(Object)
OHD.GameObjects.Spines.AnimatedCGEvent_PlayAnimation:OnExecuteEvent(AnimatedCG)
OHD.GameObjects.Spines.EventEntry:Execute(AnimatedCG)
OHD.GameObjects.Spines.AnimatedCG:SetCurrentEventEntry(EventEntry, Boolean)
OHD.GameObjects.Spines.AnimatedCG:ExecuteEvent(String)
OHD.GameObjects.Spines.AnimatedCG:ExecuteEventByStageId(Int32, StageEntry&)
OHD.UI.CustomizeCGUIViewController:LoadAnimatedCG(String)
OHD.UI.CustomizeCGUIViewController:OnViewModelChanged()
OHD.UI.UIViewController:ViewModelChange()
OHD.UI.UILayer:InstantiateVC(T, UIViewModelBase)
UIViewUtility:ShowVC(UIViewModelBase, UILayer, String)
UnityEngine.AndroidJavaRunnable:Invoke()
UnityEngine.Events.InvokableCall:Invoke()
UnityEngine.Events.UnityEvent:Invoke()
System.Xml.XmlNodeChangedEventHandler:Invoke(Object, XmlNodeChangedEventArgs)
UnityEngine.EventSystems.ExecuteEvents:Execute(GameObject, BaseEventData, EventFunction`1)
UnityEngine.InputSystem.UI.InputSystemUIInputModule:ProcessPointerButton(ButtonState&, PointerEventData)
UnityEngine.InputSystem.UI.InputSystemUIInputModule:ProcessPointer(PointerModel&)
UnityEngine.InputSystem.UI.InputSystemUIInputModule:Process()
UnityEngine.EventSystems.EventSystem:Update()

[644] Game User Saved
UnityEngine.Logger:Log(LogType, Object)
UnityEngine.Debug:Log(Object)
GameUser:Save()
GameUser:AutoSave()
OHD.UI.CustomizeCGUIViewController:OnClickBackButton()
UnityEngine.AndroidJavaRunnable:Invoke()
UnityEngine.Events.InvokableCall:Invoke()
UnityEngine.Events.UnityEvent:Invoke()
System.Xml.XmlNodeChangedEventHandler:Invoke(Object, XmlNodeChangedEventArgs)
UnityEngine.EventSystems.ExecuteEvents:Execute(GameObject, BaseEventData, EventFunction`1)
UnityEngine.InputSystem.UI.InputSystemUIInputModule:ProcessPointerButton(ButtonState&, PointerEventData)
UnityEngine.InputSystem.UI.InputSystemUIInputModule:ProcessPointer(PointerModel&)
UnityEngine.InputSystem.UI.InputSystemUIInputModule:Process()
UnityEngine.EventSystems.EventSystem:Update()

[698] Execute Event -> ani01
UnityEngine.Logger:Log(LogType, Object)
UnityEngine.Debug:Log(Object)
OHD.GameObjects.Spines.AnimatedCG:ExecuteEvent(String)
OHD.UI.AnimatedCGUIViewController:SetStageId(Int32)
OHD.UI.AnimatedCGUIViewController:Internal_Load(AnimatedCG)
OHD.UI.AnimatedCGUIViewController:Load(String)
OHD.UI.<OnTransitShow>d__49:MoveNext()
UnityEngine.SetupCoroutine:InvokeMoveNext(IEnumerator, IntPtr)

[698] Spine Object Event Start : AnimatedCGEvent_PlayAnimation
UnityEngine.Logger:Log(LogType, Object)
UnityEngine.Debug:Log(Object)
OHD.GameObjects.Spines.AnimatedCGEventAsset:StartEvent(AnimatedCG)
OHD.GameObjects.Spines.EventEntry:Start(AnimatedCG)
OHD.GameObjects.Spines.AnimatedCG:SetCurrentEventEntry(EventEntry, Boolean)
OHD.GameObjects.Spines.AnimatedCG:ExecuteEvent(String)
OHD.UI.AnimatedCGUIViewController:SetStageId(Int32)
OHD.UI.AnimatedCGUIViewController:Internal_Load(AnimatedCG)
OHD.UI.AnimatedCGUIViewController:Load(String)
OHD.UI.<OnTransitShow>d__49:MoveNext()
UnityEngine.SetupCoroutine:InvokeMoveNext(IEnumerator, IntPtr)

[698] Play Anim -> animation01 []
UnityEngine.Logger:Log(LogType, Object)
UnityEngine.Debug:Log(Object)
OHD.GameObjects.Spines.AnimatedCGEvent_PlayAnimation:OnExecuteEvent(AnimatedCG)
OHD.GameObjects.Spines.EventEntry:Execute(AnimatedCG)
OHD.GameObjects.Spines.AnimatedCG:SetCurrentEventEntry(EventEntry, Boolean)
OHD.GameObjects.Spines.AnimatedCG:ExecuteEvent(String)
OHD.UI.AnimatedCGUIViewController:SetStageId(Int32)
OHD.UI.AnimatedCGUIViewController:Internal_Load(AnimatedCG)
OHD.UI.AnimatedCGUIViewController:Load(String)
OHD.UI.<OnTransitShow>d__49:MoveNext()
UnityEngine.SetupCoroutine:InvokeMoveNext(IEnumerator, IntPtr)

[131] Broadcast_SendStop
UnityEngine.Logger:Log(LogType, Object)
UnityEngine.Debug:Log(Object)
OHD.ThirdPartySupport.Lovenses.LovenseToy:Broadcast_SendStop(List`1)

[214] Broadcast_SendStop
UnityEngine.Logger:Log(LogType, Object)
UnityEngine.Debug:Log(Object)
OHD.ThirdPartySupport.Lovenses.LovenseToy:Broadcast_SendStop(List`1)

Setting up 6 worker threads for Enlighten.
  Thread -> id: 9dc -> priority: 1 
  Thread -> id: 13ac -> priority: 1 
  Thread -> id: 1844 -> priority: 1 
  Thread -> id: 29a8 -> priority: 1 
  Thread -> id: 17e4 -> priority: 1 
  Thread -> id: 2ed0 -> priority: 1 
